[2026-08-12 13:36:17] [checkpoint_manager.py (55)] [INFO] [actor_train-1 1 / 2][PID 519134] checkpoint_config: {}
[2026-08-12 13:36:17] [megatron_strategy.py (61)] [INFO] [actor_train-1 1 / 2][PID 519134] training_args: {'output_dir': './runs/geography_counterfactual_distance3_5/727616-20260812-133142', 'max_steps': 1600, 'num_train_epochs': 1.0, 'learning_rate': 1e-06, 'lr_scheduler_type': 'cosine_with_min_lr', 'weight_decay': 0.05, 'adam_beta1': 0.9, 'adam_beta2': 0.95, 'per_device_train_batch_size': 1, 'gradient_accumulation_steps': 4, 'seed': 42, 'data_seed': None, 'dataloader_num_workers': 0, 'fp16': False, 'bf16': True, 'tf32': None, 'warmup_ratio': 0.03, 'warmup_steps': 10, 'sequence_parallel': True, 'tensor_model_parallel_size': 2, 'pipeline_model_parallel_size': 1, 'expert_model_parallel_size': 1, 'use_distributed_optimizer': True, 'recompute_granularity': 'full', 'accumulate_allreduce_grads_in_fp32': True, 'check_for_nan_in_loss_and_grad': False, 'max_grad_norm': 1.0}
[2026-08-12 13:36:21] [megatron_strategy.py (306)] [INFO] [actor_train-1 1 / 2][PID 519134] megatron optimizer: <megatron.core.optimizer.distrib_optimizer.DistributedOptimizer object at 0x7d2bc41481f0>
[2026-08-12 13:36:21] [megatron_strategy.py (319)] [INFO] [actor_train-1 1 / 2][PID 519134] max steps pipeline 1600
[2026-08-12 13:36:21] [megatron_strategy.py (324)] [INFO] [actor_train-1 1 / 2][PID 519134] max steps worker train 1600
[2026-08-12 13:36:21] [megatron_strategy.py (351)] [INFO] [actor_train-1 1 / 2][PID 519134] [DistributedDataParallel(
  (module): McaGPTModel(
    (embedding): LanguageModelEmbedding(
      (word_embeddings): VocabParallelEmbedding()
      (embedding_dropout): Dropout(p=0.0, inplace=False)
    )
    (rotary_pos_emb): RotaryEmbedding()
    (decoder): TransformerBlock(
      (layers): ModuleList(
        (0-35): 36 x TransformerLayer(
          (input_layernorm): IdentityOp()
          (self_attention): SelfAttention(
            (core_attention): TEDotProductAttention(
              (flash_attention): FlashAttention()
              (fused_attention): FusedAttention()
              (unfused_attention): UnfusedDotProductAttention(
                (scale_mask_softmax): FusedScaleMaskSoftmax()
                (attention_dropout): Dropout(p=0.0, inplace=False)
              )
            )
            (linear_proj): TERowParallelLinear(in_features=2048, out_features=2560, bias=False, TP=2)
            (linear_qkv): TELayerNormColumnParallelLinear(in_features=2560, out_features=3072, bias=False, TP=2)
            (q_layernorm): RMSNorm()
            (k_layernorm): RMSNorm()
          )
          (pre_cross_attn_layernorm): IdentityOp()
          (cross_attention): IdentityOp()
          (cross_attn_bda): IdentityFuncOp()
          (pre_mlp_layernorm): IdentityOp()
          (mlp): MLP(
            (linear_fc1): TELayerNormColumnParallelLinear(in_features=2560, out_features=9728, bias=False, TP=2)
            (linear_fc2): TERowParallelLinear(in_features=4864, out_features=2560, bias=False, TP=2)
          )
        )
      )
      (final_layernorm): RMSNorm()
    )
    (output_layer): ColumnParallelLinear(in_features=2560, out_features=151936, bias=False, TP=2)
  )
)]
[2026-08-12 13:36:21] [base_worker.py (73)] [INFO] [actor_train-1 1 / 2][PID 519134] actor_train-1 initialized
[2026-08-12 13:37:09] [strategy.py (171)] [INFO] [actor_train-1 1 / 2][PID 519134] warmup setup_collective_group: model_update_actor_train_1_to_actor_infer_(0,0) rank: 0 world_size: 2
[2026-08-12 13:37:09] [context_managers.py (37)] [INFO] [actor_train-1 1 / 2][PID 519134] actor_train/model_update_start_offload, memory allocated (GB): 1.9073486328125e-06, memory reserved (GB): 0.001953125, memory max reserved (GB): 0.001953125, rss (GB): 13.660511016845703
[2026-08-12 13:37:10] [context_managers.py (37)] [INFO] [actor_train-1 1 / 2][PID 519134] actor_train/model_update_start_onload, memory allocated (GB): 3.7463998794555664, memory reserved (GB): 3.751953125, memory max reserved (GB): 3.751953125, rss (GB): 13.660518646240234
[2026-08-12 13:37:11] [context_managers.py (37)] [INFO] [actor_train-1 1 / 2][PID 519134] actor_train/model_update_end_onload, memory allocated (GB): 3.7463998794555664, memory reserved (GB): 6.173828125, memory max reserved (GB): 6.173828125, rss (GB): 13.808300018310547
[2026-08-12 13:37:12] [context_managers.py (37)] [INFO] [actor_train-1 1 / 2][PID 519134] actor_train/model_update_end_offload, memory allocated (GB): 1.9073486328125e-06, memory reserved (GB): 0.001953125, memory max reserved (GB): 6.173828125, rss (GB): 13.808300018310547
[2026-08-12 13:38:11] [context_managers.py (37)] [INFO] [actor_train-1 1 / 2][PID 519134] actor_train/compute_log_probs_start_offload, memory allocated (GB): 1.9073486328125e-06, memory reserved (GB): 0.021484375, memory max reserved (GB): 0.021484375, rss (GB): 13.98415756225586
[2026-08-12 13:38:11] [context_managers.py (37)] [INFO] [actor_train-1 1 / 2][PID 519134] actor_train/compute_log_probs_start_onload, memory allocated (GB): 3.7463998794555664, memory reserved (GB): 3.751953125, memory max reserved (GB): 3.751953125, rss (GB): 13.98415756225586
[2026-08-12 13:38:19] [context_managers.py (37)] [INFO] [actor_train-1 1 / 2][PID 519134] actor_train/compute_log_probs_end_onload, memory allocated (GB): 3.819765567779541, memory reserved (GB): 5.626953125, memory max reserved (GB): 5.626953125, rss (GB): 14.413314819335938
[2026-08-12 13:38:19] [context_managers.py (37)] [INFO] [actor_train-1 1 / 2][PID 519134] actor_train/compute_log_probs_end_offload, memory allocated (GB): 3.819765567779541, memory reserved (GB): 5.626953125, memory max reserved (GB): 5.626953125, rss (GB): 14.413314819335938
[2026-08-12 13:38:20] [base_worker.py (91)] [INFO] [actor_train-1 1 / 2][PID 519134] actor_train-1 generate global step 0
[2026-08-12 13:38:20] [context_managers.py (37)] [INFO] [actor_train-1 1 / 2][PID 519134] actor_train/train_step_start_offload, memory allocated (GB): 3.7796034812927246, memory reserved (GB): 3.83984375, memory max reserved (GB): 3.83984375, rss (GB): 14.41336441040039
[2026-08-12 13:38:20] [context_managers.py (37)] [INFO] [actor_train-1 1 / 2][PID 519134] actor_train/train_step_start_onload, memory allocated (GB): 18.76324224472046, memory reserved (GB): 18.79296875, memory max reserved (GB): 18.8203125, rss (GB): 14.414535522460938
[2026-08-12 13:39:00] [context_managers.py (37)] [INFO] [actor_train-1 1 / 2][PID 519134] actor_train/train_step_end_onload, memory allocated (GB): 18.858581066131592, memory reserved (GB): 18.96484375, memory max reserved (GB): 35.7265625, rss (GB): 30.634300231933594
[2026-08-12 13:39:00] [context_managers.py (37)] [INFO] [actor_train-1 1 / 2][PID 519134] actor_train/train_step_end_offload, memory allocated (GB): 18.858581066131592, memory reserved (GB): 18.96484375, memory max reserved (GB): 35.7265625, rss (GB): 30.634300231933594
[2026-08-12 13:39:04] [context_managers.py (37)] [INFO] [actor_train-1 1 / 2][PID 519134] actor_train/model_update_start_offload, memory allocated (GB): 0.050783634185791016, memory reserved (GB): 0.1015625, memory max reserved (GB): 0.1015625, rss (GB): 30.634349822998047
[2026-08-12 13:39:04] [context_managers.py (37)] [INFO] [actor_train-1 1 / 2][PID 519134] actor_train/model_update_start_onload, memory allocated (GB): 3.7971816062927246, memory reserved (GB): 3.8515625, memory max reserved (GB): 3.8515625, rss (GB): 30.634349822998047
[2026-08-12 13:39:06] [context_managers.py (37)] [INFO] [actor_train-1 1 / 2][PID 519134] actor_train/model_update_end_onload, memory allocated (GB): 3.7971816062927246, memory reserved (GB): 6.29296875, memory max reserved (GB): 6.29296875, rss (GB): 30.634384155273438
[2026-08-12 13:39:07] [context_managers.py (37)] [INFO] [actor_train-1 1 / 2][PID 519134] actor_train/model_update_end_offload, memory allocated (GB): 0.050783634185791016, memory reserved (GB): 0.1015625, memory max reserved (GB): 6.29296875, rss (GB): 30.634384155273438
[2026-08-12 13:39:37] [context_managers.py (37)] [INFO] [actor_train-1 1 / 2][PID 519134] actor_train/compute_log_probs_start_offload, memory allocated (GB): 0.050783634185791016, memory reserved (GB): 0.1015625, memory max reserved (GB): 0.1015625, rss (GB): 30.667064666748047
[2026-08-12 13:39:37] [context_managers.py (37)] [INFO] [actor_train-1 1 / 2][PID 519134] actor_train/compute_log_probs_start_onload, memory allocated (GB): 3.7971816062927246, memory reserved (GB): 3.8515625, memory max reserved (GB): 3.8515625, rss (GB): 30.667064666748047
[2026-08-12 13:39:43] [context_managers.py (37)] [INFO] [actor_train-1 1 / 2][PID 519134] actor_train/compute_log_probs_end_onload, memory allocated (GB): 3.839296817779541, memory reserved (GB): 5.666015625, memory max reserved (GB): 5.666015625, rss (GB): 30.667068481445312
[2026-08-12 13:39:43] [context_managers.py (37)] [INFO] [actor_train-1 1 / 2][PID 519134] actor_train/compute_log_probs_end_offload, memory allocated (GB): 3.839296817779541, memory reserved (GB): 5.666015625, memory max reserved (GB): 5.666015625, rss (GB): 30.667068481445312
[2026-08-12 13:39:43] [base_worker.py (91)] [INFO] [actor_train-1 1 / 2][PID 519134] actor_train-1 generate global step 1
[2026-08-12 13:39:43] [context_managers.py (37)] [INFO] [actor_train-1 1 / 2][PID 519134] actor_train/train_step_start_offload, memory allocated (GB): 3.7991347312927246, memory reserved (GB): 3.857421875, memory max reserved (GB): 3.857421875, rss (GB): 30.667076110839844
[2026-08-12 13:41:00] [base_worker.py (91)] [INFO] [actor_train-1 1 / 2][PID 519134] actor_train-1 generate global step 2
[2026-08-12 13:42:15] [base_worker.py (91)] [INFO] [actor_train-1 1 / 2][PID 519134] actor_train-1 generate global step 3
[2026-08-12 13:43:33] [base_worker.py (91)] [INFO] [actor_train-1 1 / 2][PID 519134] actor_train-1 generate global step 4
[2026-08-12 13:44:50] [base_worker.py (91)] [INFO] [actor_train-1 1 / 2][PID 519134] actor_train-1 generate global step 5
[2026-08-12 13:46:00] [base_worker.py (91)] [INFO] [actor_train-1 1 / 2][PID 519134] actor_train-1 generate global step 6
[2026-08-12 13:47:17] [base_worker.py (91)] [INFO] [actor_train-1 1 / 2][PID 519134] actor_train-1 generate global step 7
[2026-08-12 13:48:35] [base_worker.py (91)] [INFO] [actor_train-1 1 / 2][PID 519134] actor_train-1 generate global step 8
[2026-08-12 13:49:50] [base_worker.py (91)] [INFO] [actor_train-1 1 / 2][PID 519134] actor_train-1 generate global step 9
[2026-08-12 13:51:26] [base_worker.py (91)] [INFO] [actor_train-1 1 / 2][PID 519134] actor_train-1 generate global step 10
[2026-08-12 13:52:42] [base_worker.py (91)] [INFO] [actor_train-1 1 / 2][PID 519134] actor_train-1 generate global step 11
[2026-08-12 13:54:00] [base_worker.py (91)] [INFO] [actor_train-1 1 / 2][PID 519134] actor_train-1 generate global step 12
[2026-08-12 13:55:17] [base_worker.py (91)] [INFO] [actor_train-1 1 / 2][PID 519134] actor_train-1 generate global step 13
[2026-08-12 13:56:33] [base_worker.py (91)] [INFO] [actor_train-1 1 / 2][PID 519134] actor_train-1 generate global step 14
[2026-08-12 13:57:50] [base_worker.py (91)] [INFO] [actor_train-1 1 / 2][PID 519134] actor_train-1 generate global step 15
[2026-08-12 13:58:59] [base_worker.py (91)] [INFO] [actor_train-1 1 / 2][PID 519134] actor_train-1 generate global step 16
[2026-08-12 14:00:16] [base_worker.py (91)] [INFO] [actor_train-1 1 / 2][PID 519134] actor_train-1 generate global step 17
[2026-08-12 14:01:31] [base_worker.py (91)] [INFO] [actor_train-1 1 / 2][PID 519134] actor_train-1 generate global step 18
[2026-08-12 14:02:42] [base_worker.py (91)] [INFO] [actor_train-1 1 / 2][PID 519134] actor_train-1 generate global step 19
[2026-08-12 14:04:19] [base_worker.py (91)] [INFO] [actor_train-1 1 / 2][PID 519134] actor_train-1 generate global step 20
[2026-08-12 14:05:40] [base_worker.py (91)] [INFO] [actor_train-1 1 / 2][PID 519134] actor_train-1 generate global step 21
[2026-08-12 14:07:00] [base_worker.py (91)] [INFO] [actor_train-1 1 / 2][PID 519134] actor_train-1 generate global step 22
[2026-08-12 14:08:16] [base_worker.py (91)] [INFO] [actor_train-1 1 / 2][PID 519134] actor_train-1 generate global step 23
[2026-08-12 14:09:31] [base_worker.py (91)] [INFO] [actor_train-1 1 / 2][PID 519134] actor_train-1 generate global step 24
[2026-08-12 14:10:45] [base_worker.py (91)] [INFO] [actor_train-1 1 / 2][PID 519134] actor_train-1 generate global step 25
[2026-08-12 14:12:04] [base_worker.py (91)] [INFO] [actor_train-1 1 / 2][PID 519134] actor_train-1 generate global step 26
[2026-08-12 14:13:25] [base_worker.py (91)] [INFO] [actor_train-1 1 / 2][PID 519134] actor_train-1 generate global step 27
[2026-08-12 14:14:34] [base_worker.py (91)] [INFO] [actor_train-1 1 / 2][PID 519134] actor_train-1 generate global step 28
[2026-08-12 14:15:46] [base_worker.py (91)] [INFO] [actor_train-1 1 / 2][PID 519134] actor_train-1 generate global step 29
[2026-08-12 14:17:31] [base_worker.py (91)] [INFO] [actor_train-1 1 / 2][PID 519134] actor_train-1 generate global step 30
[2026-08-12 14:18:50] [base_worker.py (91)] [INFO] [actor_train-1 1 / 2][PID 519134] actor_train-1 generate global step 31
[2026-08-12 14:20:07] [base_worker.py (91)] [INFO] [actor_train-1 1 / 2][PID 519134] actor_train-1 generate global step 32
[2026-08-12 14:21:25] [base_worker.py (91)] [INFO] [actor_train-1 1 / 2][PID 519134] actor_train-1 generate global step 33
[2026-08-12 14:22:42] [base_worker.py (91)] [INFO] [actor_train-1 1 / 2][PID 519134] actor_train-1 generate global step 34
[2026-08-12 14:24:00] [base_worker.py (91)] [INFO] [actor_train-1 1 / 2][PID 519134] actor_train-1 generate global step 35
[2026-08-12 14:25:12] [base_worker.py (91)] [INFO] [actor_train-1 1 / 2][PID 519134] actor_train-1 generate global step 36
[2026-08-12 14:26:25] [base_worker.py (91)] [INFO] [actor_train-1 1 / 2][PID 519134] actor_train-1 generate global step 37
[2026-08-12 14:27:44] [base_worker.py (91)] [INFO] [actor_train-1 1 / 2][PID 519134] actor_train-1 generate global step 38
[2026-08-12 14:29:00] [base_worker.py (91)] [INFO] [actor_train-1 1 / 2][PID 519134] actor_train-1 generate global step 39
[2026-08-12 14:30:38] [base_worker.py (91)] [INFO] [actor_train-1 1 / 2][PID 519134] actor_train-1 generate global step 40
[2026-08-12 14:31:52] [base_worker.py (91)] [INFO] [actor_train-1 1 / 2][PID 519134] actor_train-1 generate global step 41
[2026-08-12 14:33:08] [base_worker.py (91)] [INFO] [actor_train-1 1 / 2][PID 519134] actor_train-1 generate global step 42
[2026-08-12 14:34:24] [base_worker.py (91)] [INFO] [actor_train-1 1 / 2][PID 519134] actor_train-1 generate global step 43
[2026-08-12 14:35:41] [base_worker.py (91)] [INFO] [actor_train-1 1 / 2][PID 519134] actor_train-1 generate global step 44
[2026-08-12 14:37:00] [base_worker.py (91)] [INFO] [actor_train-1 1 / 2][PID 519134] actor_train-1 generate global step 45
[2026-08-12 14:38:10] [base_worker.py (91)] [INFO] [actor_train-1 1 / 2][PID 519134] actor_train-1 generate global step 46
[2026-08-12 14:39:26] [base_worker.py (91)] [INFO] [actor_train-1 1 / 2][PID 519134] actor_train-1 generate global step 47
[2026-08-12 14:40:46] [base_worker.py (91)] [INFO] [actor_train-1 1 / 2][PID 519134] actor_train-1 generate global step 48
[2026-08-12 14:42:05] [base_worker.py (91)] [INFO] [actor_train-1 1 / 2][PID 519134] actor_train-1 generate global step 49
[2026-08-12 14:43:40] [base_worker.py (91)] [INFO] [actor_train-1 1 / 2][PID 519134] actor_train-1 generate global step 50
[2026-08-12 14:44:49] [base_worker.py (91)] [INFO] [actor_train-1 1 / 2][PID 519134] actor_train-1 generate global step 51
[2026-08-12 14:45:57] [base_worker.py (91)] [INFO] [actor_train-1 1 / 2][PID 519134] actor_train-1 generate global step 52
[2026-08-12 14:47:09] [base_worker.py (91)] [INFO] [actor_train-1 1 / 2][PID 519134] actor_train-1 generate global step 53
[2026-08-12 14:48:27] [base_worker.py (91)] [INFO] [actor_train-1 1 / 2][PID 519134] actor_train-1 generate global step 54
[2026-08-12 14:49:44] [base_worker.py (91)] [INFO] [actor_train-1 1 / 2][PID 519134] actor_train-1 generate global step 55
[2026-08-12 14:50:55] [base_worker.py (91)] [INFO] [actor_train-1 1 / 2][PID 519134] actor_train-1 generate global step 56
[2026-08-12 14:52:04] [base_worker.py (91)] [INFO] [actor_train-1 1 / 2][PID 519134] actor_train-1 generate global step 57
[2026-08-12 14:53:19] [base_worker.py (91)] [INFO] [actor_train-1 1 / 2][PID 519134] actor_train-1 generate global step 58
[2026-08-12 14:54:35] [base_worker.py (91)] [INFO] [actor_train-1 1 / 2][PID 519134] actor_train-1 generate global step 59
[2026-08-12 14:56:06] [base_worker.py (91)] [INFO] [actor_train-1 1 / 2][PID 519134] actor_train-1 generate global step 60
[2026-08-12 14:57:16] [base_worker.py (91)] [INFO] [actor_train-1 1 / 2][PID 519134] actor_train-1 generate global step 61
[2026-08-12 14:58:28] [base_worker.py (91)] [INFO] [actor_train-1 1 / 2][PID 519134] actor_train-1 generate global step 62
[2026-08-12 14:59:45] [base_worker.py (91)] [INFO] [actor_train-1 1 / 2][PID 519134] actor_train-1 generate global step 63
[2026-08-12 15:01:02] [base_worker.py (91)] [INFO] [actor_train-1 1 / 2][PID 519134] actor_train-1 generate global step 64
[2026-08-12 15:02:21] [base_worker.py (91)] [INFO] [actor_train-1 1 / 2][PID 519134] actor_train-1 generate global step 65
[2026-08-12 15:03:38] [base_worker.py (91)] [INFO] [actor_train-1 1 / 2][PID 519134] actor_train-1 generate global step 66
[2026-08-12 15:04:55] [base_worker.py (91)] [INFO] [actor_train-1 1 / 2][PID 519134] actor_train-1 generate global step 67
[2026-08-12 15:06:04] [base_worker.py (91)] [INFO] [actor_train-1 1 / 2][PID 519134] actor_train-1 generate global step 68
[2026-08-12 15:07:13] [base_worker.py (91)] [INFO] [actor_train-1 1 / 2][PID 519134] actor_train-1 generate global step 69
[2026-08-12 15:08:50] [base_worker.py (91)] [INFO] [actor_train-1 1 / 2][PID 519134] actor_train-1 generate global step 70
[2026-08-12 15:09:59] [base_worker.py (91)] [INFO] [actor_train-1 1 / 2][PID 519134] actor_train-1 generate global step 71
[2026-08-12 15:11:16] [base_worker.py (91)] [INFO] [actor_train-1 1 / 2][PID 519134] actor_train-1 generate global step 72
[2026-08-12 15:12:26] [base_worker.py (91)] [INFO] [actor_train-1 1 / 2][PID 519134] actor_train-1 generate global step 73
[2026-08-12 15:13:40] [base_worker.py (91)] [INFO] [actor_train-1 1 / 2][PID 519134] actor_train-1 generate global step 74
[2026-08-12 15:14:52] [base_worker.py (91)] [INFO] [actor_train-1 1 / 2][PID 519134] actor_train-1 generate global step 75
[2026-08-12 15:16:00] [base_worker.py (91)] [INFO] [actor_train-1 1 / 2][PID 519134] actor_train-1 generate global step 76
[2026-08-12 15:17:10] [base_worker.py (91)] [INFO] [actor_train-1 1 / 2][PID 519134] actor_train-1 generate global step 77
[2026-08-12 15:18:28] [base_worker.py (91)] [INFO] [actor_train-1 1 / 2][PID 519134] actor_train-1 generate global step 78
[2026-08-12 15:19:45] [base_worker.py (91)] [INFO] [actor_train-1 1 / 2][PID 519134] actor_train-1 generate global step 79
[2026-08-12 15:21:18] [base_worker.py (91)] [INFO] [actor_train-1 1 / 2][PID 519134] actor_train-1 generate global step 80
[2026-08-12 15:22:29] [base_worker.py (91)] [INFO] [actor_train-1 1 / 2][PID 519134] actor_train-1 generate global step 81
[2026-08-12 15:23:43] [base_worker.py (91)] [INFO] [actor_train-1 1 / 2][PID 519134] actor_train-1 generate global step 82
[2026-08-12 15:24:54] [base_worker.py (91)] [INFO] [actor_train-1 1 / 2][PID 519134] actor_train-1 generate global step 83
[2026-08-12 15:26:03] [base_worker.py (91)] [INFO] [actor_train-1 1 / 2][PID 519134] actor_train-1 generate global step 84
[2026-08-12 15:27:19] [base_worker.py (91)] [INFO] [actor_train-1 1 / 2][PID 519134] actor_train-1 generate global step 85
[2026-08-12 15:28:34] [base_worker.py (91)] [INFO] [actor_train-1 1 / 2][PID 519134] actor_train-1 generate global step 86
[2026-08-12 15:29:41] [base_worker.py (91)] [INFO] [actor_train-1 1 / 2][PID 519134] actor_train-1 generate global step 87
[2026-08-12 15:30:49] [base_worker.py (91)] [INFO] [actor_train-1 1 / 2][PID 519134] actor_train-1 generate global step 88
[2026-08-12 15:31:56] [base_worker.py (91)] [INFO] [actor_train-1 1 / 2][PID 519134] actor_train-1 generate global step 89
[2026-08-12 15:33:29] [base_worker.py (91)] [INFO] [actor_train-1 1 / 2][PID 519134] actor_train-1 generate global step 90
[2026-08-12 15:34:46] [base_worker.py (91)] [INFO] [actor_train-1 1 / 2][PID 519134] actor_train-1 generate global step 91
[2026-08-12 15:35:57] [base_worker.py (91)] [INFO] [actor_train-1 1 / 2][PID 519134] actor_train-1 generate global step 92
[2026-08-12 15:37:09] [base_worker.py (91)] [INFO] [actor_train-1 1 / 2][PID 519134] actor_train-1 generate global step 93
[2026-08-12 15:38:18] [base_worker.py (91)] [INFO] [actor_train-1 1 / 2][PID 519134] actor_train-1 generate global step 94
[2026-08-12 15:39:30] [base_worker.py (91)] [INFO] [actor_train-1 1 / 2][PID 519134] actor_train-1 generate global step 95
[2026-08-12 15:40:41] [base_worker.py (91)] [INFO] [actor_train-1 1 / 2][PID 519134] actor_train-1 generate global step 96
[2026-08-12 15:41:57] [base_worker.py (91)] [INFO] [actor_train-1 1 / 2][PID 519134] actor_train-1 generate global step 97
[2026-08-12 15:43:10] [base_worker.py (91)] [INFO] [actor_train-1 1 / 2][PID 519134] actor_train-1 generate global step 98
[2026-08-12 15:44:28] [base_worker.py (91)] [INFO] [actor_train-1 1 / 2][PID 519134] actor_train-1 generate global step 99
[2026-08-12 15:44:58] [base_worker.py (349)] [INFO] [actor_train-1 1 / 2][PID 519134] save checkpoint-99 to ./runs/geography_counterfactual_distance3_5/727616-20260812-133142/actor_train-1/checkpoint-99
[2026-08-12 15:44:58] [megatron_strategy.py (478)] [INFO] [actor_train-1 1 / 2][PID 519134] save_dir: ./runs/geography_counterfactual_distance3_5/727616-20260812-133142/actor_train-1/checkpoint-99
[2026-08-12 15:46:22] [checkpoint_manager.py (67)] [WARNING] [actor_train-1 1 / 2][PID 519134] uploader is None, skip upload...
[2026-08-12 15:47:30] [base_worker.py (91)] [INFO] [actor_train-1 1 / 2][PID 519134] actor_train-1 generate global step 100
[2026-08-12 15:48:47] [base_worker.py (91)] [INFO] [actor_train-1 1 / 2][PID 519134] actor_train-1 generate global step 101
[2026-08-12 15:50:05] [base_worker.py (91)] [INFO] [actor_train-1 1 / 2][PID 519134] actor_train-1 generate global step 102
[2026-08-12 15:51:21] [base_worker.py (91)] [INFO] [actor_train-1 1 / 2][PID 519134] actor_train-1 generate global step 103
[2026-08-12 15:52:38] [base_worker.py (91)] [INFO] [actor_train-1 1 / 2][PID 519134] actor_train-1 generate global step 104
[2026-08-12 15:53:56] [base_worker.py (91)] [INFO] [actor_train-1 1 / 2][PID 519134] actor_train-1 generate global step 105
[2026-08-12 15:55:12] [base_worker.py (91)] [INFO] [actor_train-1 1 / 2][PID 519134] actor_train-1 generate global step 106
[2026-08-12 15:56:27] [base_worker.py (91)] [INFO] [actor_train-1 1 / 2][PID 519134] actor_train-1 generate global step 107
[2026-08-12 15:57:46] [base_worker.py (91)] [INFO] [actor_train-1 1 / 2][PID 519134] actor_train-1 generate global step 108
[2026-08-12 15:59:01] [base_worker.py (91)] [INFO] [actor_train-1 1 / 2][PID 519134] actor_train-1 generate global step 109
[2026-08-12 16:00:38] [base_worker.py (91)] [INFO] [actor_train-1 1 / 2][PID 519134] actor_train-1 generate global step 110
[2026-08-12 16:01:54] [base_worker.py (91)] [INFO] [actor_train-1 1 / 2][PID 519134] actor_train-1 generate global step 111
[2026-08-12 16:03:14] [base_worker.py (91)] [INFO] [actor_train-1 1 / 2][PID 519134] actor_train-1 generate global step 112
[2026-08-12 16:04:32] [base_worker.py (91)] [INFO] [actor_train-1 1 / 2][PID 519134] actor_train-1 generate global step 113
[2026-08-12 16:05:51] [base_worker.py (91)] [INFO] [actor_train-1 1 / 2][PID 519134] actor_train-1 generate global step 114
[2026-08-12 16:07:08] [base_worker.py (91)] [INFO] [actor_train-1 1 / 2][PID 519134] actor_train-1 generate global step 115
[2026-08-12 16:08:29] [base_worker.py (91)] [INFO] [actor_train-1 1 / 2][PID 519134] actor_train-1 generate global step 116
[2026-08-12 16:09:47] [base_worker.py (91)] [INFO] [actor_train-1 1 / 2][PID 519134] actor_train-1 generate global step 117
[2026-08-12 16:11:06] [base_worker.py (91)] [INFO] [actor_train-1 1 / 2][PID 519134] actor_train-1 generate global step 118
[2026-08-12 16:12:26] [base_worker.py (91)] [INFO] [actor_train-1 1 / 2][PID 519134] actor_train-1 generate global step 119
[2026-08-12 16:13:57] [base_worker.py (91)] [INFO] [actor_train-1 1 / 2][PID 519134] actor_train-1 generate global step 120
[2026-08-12 16:15:09] [base_worker.py (91)] [INFO] [actor_train-1 1 / 2][PID 519134] actor_train-1 generate global step 121
[2026-08-12 16:16:21] [base_worker.py (91)] [INFO] [actor_train-1 1 / 2][PID 519134] actor_train-1 generate global step 122
[2026-08-12 16:17:38] [base_worker.py (91)] [INFO] [actor_train-1 1 / 2][PID 519134] actor_train-1 generate global step 123
[2026-08-12 16:18:54] [base_worker.py (91)] [INFO] [actor_train-1 1 / 2][PID 519134] actor_train-1 generate global step 124
[2026-08-12 16:20:11] [base_worker.py (91)] [INFO] [actor_train-1 1 / 2][PID 519134] actor_train-1 generate global step 125
[2026-08-12 16:21:23] [base_worker.py (91)] [INFO] [actor_train-1 1 / 2][PID 519134] actor_train-1 generate global step 126
[2026-08-12 16:22:39] [base_worker.py (91)] [INFO] [actor_train-1 1 / 2][PID 519134] actor_train-1 generate global step 127
[2026-08-12 16:23:56] [base_worker.py (91)] [INFO] [actor_train-1 1 / 2][PID 519134] actor_train-1 generate global step 128
[2026-08-12 16:25:15] [base_worker.py (91)] [INFO] [actor_train-1 1 / 2][PID 519134] actor_train-1 generate global step 129
[2026-08-12 16:26:55] [base_worker.py (91)] [INFO] [actor_train-1 1 / 2][PID 519134] actor_train-1 generate global step 130
[2026-08-12 16:28:13] [base_worker.py (91)] [INFO] [actor_train-1 1 / 2][PID 519134] actor_train-1 generate global step 131
[2026-08-12 16:29:29] [base_worker.py (91)] [INFO] [actor_train-1 1 / 2][PID 519134] actor_train-1 generate global step 132
[2026-08-12 16:30:48] [base_worker.py (91)] [INFO] [actor_train-1 1 / 2][PID 519134] actor_train-1 generate global step 133
[2026-08-12 16:32:06] [base_worker.py (91)] [INFO] [actor_train-1 1 / 2][PID 519134] actor_train-1 generate global step 134
[2026-08-12 16:33:23] [base_worker.py (91)] [INFO] [actor_train-1 1 / 2][PID 519134] actor_train-1 generate global step 135
[2026-08-12 16:34:42] [base_worker.py (91)] [INFO] [actor_train-1 1 / 2][PID 519134] actor_train-1 generate global step 136
[2026-08-12 16:35:59] [base_worker.py (91)] [INFO] [actor_train-1 1 / 2][PID 519134] actor_train-1 generate global step 137
[2026-08-12 16:37:18] [base_worker.py (91)] [INFO] [actor_train-1 1 / 2][PID 519134] actor_train-1 generate global step 138
[2026-08-12 16:38:35] [base_worker.py (91)] [INFO] [actor_train-1 1 / 2][PID 519134] actor_train-1 generate global step 139
[2026-08-12 16:40:16] [base_worker.py (91)] [INFO] [actor_train-1 1 / 2][PID 519134] actor_train-1 generate global step 140
[2026-08-12 16:41:37] [base_worker.py (91)] [INFO] [actor_train-1 1 / 2][PID 519134] actor_train-1 generate global step 141
[2026-08-12 16:42:56] [base_worker.py (91)] [INFO] [actor_train-1 1 / 2][PID 519134] actor_train-1 generate global step 142
[2026-08-12 16:44:16] [base_worker.py (91)] [INFO] [actor_train-1 1 / 2][PID 519134] actor_train-1 generate global step 143
[2026-08-12 16:45:33] [base_worker.py (91)] [INFO] [actor_train-1 1 / 2][PID 519134] actor_train-1 generate global step 144
[2026-08-12 16:46:53] [base_worker.py (91)] [INFO] [actor_train-1 1 / 2][PID 519134] actor_train-1 generate global step 145
[2026-08-12 16:48:13] [base_worker.py (91)] [INFO] [actor_train-1 1 / 2][PID 519134] actor_train-1 generate global step 146
[2026-08-12 16:49:28] [base_worker.py (91)] [INFO] [actor_train-1 1 / 2][PID 519134] actor_train-1 generate global step 147
[2026-08-12 16:50:47] [base_worker.py (91)] [INFO] [actor_train-1 1 / 2][PID 519134] actor_train-1 generate global step 148
[2026-08-12 16:52:04] [base_worker.py (91)] [INFO] [actor_train-1 1 / 2][PID 519134] actor_train-1 generate global step 149
[2026-08-12 16:53:45] [base_worker.py (91)] [INFO] [actor_train-1 1 / 2][PID 519134] actor_train-1 generate global step 150
[2026-08-12 16:55:04] [base_worker.py (91)] [INFO] [actor_train-1 1 / 2][PID 519134] actor_train-1 generate global step 151
[2026-08-12 16:56:23] [base_worker.py (91)] [INFO] [actor_train-1 1 / 2][PID 519134] actor_train-1 generate global step 152
[2026-08-12 16:57:41] [base_worker.py (91)] [INFO] [actor_train-1 1 / 2][PID 519134] actor_train-1 generate global step 153
[2026-08-12 16:59:02] [base_worker.py (91)] [INFO] [actor_train-1 1 / 2][PID 519134] actor_train-1 generate global step 154
[2026-08-12 17:00:32] [base_worker.py (91)] [INFO] [actor_train-1 1 / 2][PID 519134] actor_train-1 generate global step 155
[2026-08-12 17:01:49] [base_worker.py (91)] [INFO] [actor_train-1 1 / 2][PID 519134] actor_train-1 generate global step 156
[2026-08-12 17:03:09] [base_worker.py (91)] [INFO] [actor_train-1 1 / 2][PID 519134] actor_train-1 generate global step 157
[2026-08-12 17:04:25] [base_worker.py (91)] [INFO] [actor_train-1 1 / 2][PID 519134] actor_train-1 generate global step 158
[2026-08-12 17:05:43] [base_worker.py (91)] [INFO] [actor_train-1 1 / 2][PID 519134] actor_train-1 generate global step 159
[2026-08-12 17:07:27] [base_worker.py (91)] [INFO] [actor_train-1 1 / 2][PID 519134] actor_train-1 generate global step 160
[2026-08-12 17:08:46] [base_worker.py (91)] [INFO] [actor_train-1 1 / 2][PID 519134] actor_train-1 generate global step 161
[2026-08-12 17:10:04] [base_worker.py (91)] [INFO] [actor_train-1 1 / 2][PID 519134] actor_train-1 generate global step 162
[2026-08-12 17:11:23] [base_worker.py (91)] [INFO] [actor_train-1 1 / 2][PID 519134] actor_train-1 generate global step 163
[2026-08-12 17:12:41] [base_worker.py (91)] [INFO] [actor_train-1 1 / 2][PID 519134] actor_train-1 generate global step 164
[2026-08-12 17:14:00] [base_worker.py (91)] [INFO] [actor_train-1 1 / 2][PID 519134] actor_train-1 generate global step 165
[2026-08-12 17:15:19] [base_worker.py (91)] [INFO] [actor_train-1 1 / 2][PID 519134] actor_train-1 generate global step 166
[2026-08-12 17:16:35] [base_worker.py (91)] [INFO] [actor_train-1 1 / 2][PID 519134] actor_train-1 generate global step 167
[2026-08-12 17:17:54] [base_worker.py (91)] [INFO] [actor_train-1 1 / 2][PID 519134] actor_train-1 generate global step 168
[2026-08-12 17:19:13] [base_worker.py (91)] [INFO] [actor_train-1 1 / 2][PID 519134] actor_train-1 generate global step 169
[2026-08-12 17:20:52] [base_worker.py (91)] [INFO] [actor_train-1 1 / 2][PID 519134] actor_train-1 generate global step 170
[2026-08-12 17:22:09] [base_worker.py (91)] [INFO] [actor_train-1 1 / 2][PID 519134] actor_train-1 generate global step 171
[2026-08-12 17:23:26] [base_worker.py (91)] [INFO] [actor_train-1 1 / 2][PID 519134] actor_train-1 generate global step 172
[2026-08-12 17:24:45] [base_worker.py (91)] [INFO] [actor_train-1 1 / 2][PID 519134] actor_train-1 generate global step 173
[2026-08-12 17:26:03] [base_worker.py (91)] [INFO] [actor_train-1 1 / 2][PID 519134] actor_train-1 generate global step 174
[2026-08-12 17:27:22] [base_worker.py (91)] [INFO] [actor_train-1 1 / 2][PID 519134] actor_train-1 generate global step 175
[2026-08-12 17:28:40] [base_worker.py (91)] [INFO] [actor_train-1 1 / 2][PID 519134] actor_train-1 generate global step 176
[2026-08-12 17:29:58] [base_worker.py (91)] [INFO] [actor_train-1 1 / 2][PID 519134] actor_train-1 generate global step 177
[2026-08-12 17:31:19] [base_worker.py (91)] [INFO] [actor_train-1 1 / 2][PID 519134] actor_train-1 generate global step 178
[2026-08-12 17:32:37] [base_worker.py (91)] [INFO] [actor_train-1 1 / 2][PID 519134] actor_train-1 generate global step 179
[2026-08-12 17:34:17] [base_worker.py (91)] [INFO] [actor_train-1 1 / 2][PID 519134] actor_train-1 generate global step 180
[2026-08-12 17:35:37] [base_worker.py (91)] [INFO] [actor_train-1 1 / 2][PID 519134] actor_train-1 generate global step 181
[2026-08-12 17:36:55] [base_worker.py (91)] [INFO] [actor_train-1 1 / 2][PID 519134] actor_train-1 generate global step 182
[2026-08-12 17:38:12] [base_worker.py (91)] [INFO] [actor_train-1 1 / 2][PID 519134] actor_train-1 generate global step 183
[2026-08-12 17:39:32] [base_worker.py (91)] [INFO] [actor_train-1 1 / 2][PID 519134] actor_train-1 generate global step 184
[2026-08-12 17:40:51] [base_worker.py (91)] [INFO] [actor_train-1 1 / 2][PID 519134] actor_train-1 generate global step 185
[2026-08-12 17:42:08] [base_worker.py (91)] [INFO] [actor_train-1 1 / 2][PID 519134] actor_train-1 generate global step 186
[2026-08-12 17:43:24] [base_worker.py (91)] [INFO] [actor_train-1 1 / 2][PID 519134] actor_train-1 generate global step 187
[2026-08-12 17:44:42] [base_worker.py (91)] [INFO] [actor_train-1 1 / 2][PID 519134] actor_train-1 generate global step 188
[2026-08-12 17:45:59] [base_worker.py (91)] [INFO] [actor_train-1 1 / 2][PID 519134] actor_train-1 generate global step 189
[2026-08-12 17:47:40] [base_worker.py (91)] [INFO] [actor_train-1 1 / 2][PID 519134] actor_train-1 generate global step 190
[2026-08-12 17:48:57] [base_worker.py (91)] [INFO] [actor_train-1 1 / 2][PID 519134] actor_train-1 generate global step 191
[2026-08-12 17:50:13] [base_worker.py (91)] [INFO] [actor_train-1 1 / 2][PID 519134] actor_train-1 generate global step 192
[2026-08-12 17:51:30] [base_worker.py (91)] [INFO] [actor_train-1 1 / 2][PID 519134] actor_train-1 generate global step 193
[2026-08-12 17:52:49] [base_worker.py (91)] [INFO] [actor_train-1 1 / 2][PID 519134] actor_train-1 generate global step 194
[2026-08-12 17:54:05] [base_worker.py (91)] [INFO] [actor_train-1 1 / 2][PID 519134] actor_train-1 generate global step 195
[2026-08-12 17:55:21] [base_worker.py (91)] [INFO] [actor_train-1 1 / 2][PID 519134] actor_train-1 generate global step 196
[2026-08-12 17:56:38] [base_worker.py (91)] [INFO] [actor_train-1 1 / 2][PID 519134] actor_train-1 generate global step 197
[2026-08-12 17:57:58] [base_worker.py (91)] [INFO] [actor_train-1 1 / 2][PID 519134] actor_train-1 generate global step 198
[2026-08-12 17:59:15] [base_worker.py (91)] [INFO] [actor_train-1 1 / 2][PID 519134] actor_train-1 generate global step 199
[2026-08-12 17:59:45] [base_worker.py (349)] [INFO] [actor_train-1 1 / 2][PID 519134] save checkpoint-199 to ./runs/geography_counterfactual_distance3_5/727616-20260812-133142/actor_train-1/checkpoint-199
[2026-08-12 17:59:45] [megatron_strategy.py (478)] [INFO] [actor_train-1 1 / 2][PID 519134] save_dir: ./runs/geography_counterfactual_distance3_5/727616-20260812-133142/actor_train-1/checkpoint-199
[2026-08-12 18:00:55] [checkpoint_manager.py (67)] [WARNING] [actor_train-1 1 / 2][PID 519134] uploader is None, skip upload...
