{
  "cases": 12,
  "suite": "calbench_frozen_v1"
}

Visible GPUs: 1
0 NVIDIA H100 NVL MIG 3g.47gb 49794777088
Startup 0s ready=[]
Startup 30s ready=[]
F1 round_start 0
agent=1 call=0 status=ok seconds=3.0
agent=2 call=0 status=ok seconds=2.9
agent=3 call=0 status=ok seconds=3.8
agent=1 call=1 status=ok seconds=3.9
agent=2 call=1 status=ok seconds=3.7
agent=3 call=1 status=ok seconds=4.7
agent=1 call=2 status=ok seconds=3.0
agent=2 call=2 status=ok seconds=2.2
agent=3 call=2 status=ok seconds=1.6
agent=1 call=3 status=ok seconds=0.9
agent=2 call=3 status=ok seconds=1.0
agent=3 call=3 status=ok seconds=0.7
agent=1 call=4 status=ok seconds=1.3
agent=2 call=4 status=ok seconds=1.4
agent=3 call=4 status=ok seconds=1.4
F1 resolution 0
F1 game_end 1
Finished 1/12
F2 round_start 0
agent=2 call=0 status=ok seconds=3.7
agent=0 call=0 status=ok seconds=1.9
agent=3 call=0 status=ok seconds=1.4
agent=2 call=1 status=ok seconds=3.0
agent=0 call=1 status=ok seconds=2.3
agent=3 call=1 status=ok seconds=1.3
agent=2 call=2 status=ok seconds=1.4
agent=0 call=2 status=ok seconds=2.1
agent=3 call=2 status=ok seconds=1.1
agent=2 call=3 status=ok seconds=1.0
agent=0 call=3 status=ok seconds=1.5
agent=3 call=3 status=ok seconds=0.8
agent=2 call=4 status=ok seconds=1.4
agent=0 call=4 status=ok seconds=1.5
agent=3 call=4 status=ok seconds=1.3
F2 resolution 0
F2 game_end 1
Finished 2/12
F3 round_start 0
agent=3 call=0 status=ok seconds=2.9
agent=0 call=0 status=ok seconds=2.5
agent=1 call=0 status=ok seconds=1.4
agent=3 call=1 status=ok seconds=0.9
agent=0 call=1 status=ok seconds=2.5
agent=1 call=1 status=ok seconds=1.5
agent=3 call=2 status=ok seconds=1.0
agent=0 call=2 status=ok seconds=1.4
agent=1 call=2 status=ok seconds=1.2
agent=3 call=3 status=ok seconds=1.3
agent=0 call=3 status=ok seconds=1.5
agent=1 call=3 status=ok seconds=1.5
F3 resolution 0
F3 game_end 1
Finished 3/12
F4 round_start 0
agent=0 call=0 status=ok seconds=3.2
agent=1 call=0 status=ok seconds=3.0
agent=2 call=0 status=ok seconds=2.4
agent=0 call=1 status=ok seconds=1.9
agent=1 call=1 status=ok seconds=1.0
agent=2 call=1 status=ok seconds=1.3
agent=0 call=2 status=ok seconds=2.1
agent=1 call=2 status=ok seconds=0.8
agent=2 call=2 status=ok seconds=0.8
agent=0 call=3 status=ok seconds=1.7
agent=1 call=3 status=ok seconds=0.8
agent=2 call=3 status=ok seconds=0.7
agent=0 call=4 status=ok seconds=1.5
agent=1 call=4 status=ok seconds=1.3
agent=2 call=4 status=ok seconds=1.5
F4 resolution 0
F4 game_end 1
Finished 4/12
D1 round_start 0
agent=1 call=0 status=ok seconds=3.5
agent=2 call=0 status=ok seconds=3.8
agent=3 call=0 status=ok seconds=3.5
agent=1 call=1 status=ok seconds=4.0
agent=2 call=1 status=ok seconds=4.6
agent=3 call=1 status=ok seconds=3.3
agent=1 call=2 status=ok seconds=4.4
agent=2 call=2 status=ok seconds=5.0
agent=3 call=2 status=ok seconds=3.6
agent=1 call=3 status=ok seconds=1.4
agent=2 call=3 status=ok seconds=2.0
agent=3 call=3 status=ok seconds=1.4
agent=1 call=4 status=ok seconds=4.0
agent=2 call=4 status=ok seconds=3.8
agent=3 call=4 status=ok seconds=1.8
D1 resolution 0
D1 game_end 1
Finished 5/12
D2 round_start 0
agent=2 call=0 status=ok seconds=3.0
agent=0 call=0 status=ok seconds=3.0
agent=3 call=0 status=ok seconds=2.8
agent=2 call=1 status=ok seconds=2.7
agent=0 call=1 status=ok seconds=1.2
agent=3 call=1 status=ok seconds=1.4
agent=2 call=2 status=ok seconds=4.1
D2 batch_rejected 0
agent=2 call=3 status=ok seconds=4.4
agent=0 call=2 status=ok seconds=1.4
agent=3 call=2 status=ok seconds=1.4
D2 resolution 0
D2 game_end 1
Finished 6/12
D3 round_start 0
agent=3 call=0 status=ok seconds=2.9
agent=0 call=0 status=ok seconds=2.7
agent=1 call=0 status=ok seconds=1.9
agent=3 call=1 status=ok seconds=3.3
agent=0 call=1 status=ok seconds=3.4
agent=1 call=1 status=ok seconds=0.9
agent=3 call=2 status=ok seconds=3.2
agent=0 call=2 status=ok seconds=1.6
agent=1 call=2 status=ok seconds=3.0
agent=3 call=3 status=ok seconds=1.9
agent=0 call=3 status=ok seconds=1.6
agent=1 call=3 status=ok seconds=2.5
agent=3 call=4 status=ok seconds=2.4
agent=0 call=4 status=ok seconds=1.5
agent=1 call=4 status=ok seconds=2.0
D3 resolution 0
D3 game_end 1
Finished 7/12
D4 round_start 0
agent=0 call=0 status=ok seconds=2.4
agent=1 call=0 status=ok seconds=3.1
agent=2 call=0 status=ok seconds=2.9
agent=0 call=1 status=ok seconds=3.4
agent=1 call=1 status=ok seconds=5.9
agent=2 call=1 status=ok seconds=3.4
agent=0 call=2 status=ok seconds=2.8
agent=1 call=2 status=ok seconds=1.0
agent=2 call=2 status=ok seconds=1.0
agent=0 call=3 status=ok seconds=1.0
agent=1 call=3 status=ok seconds=0.5
agent=2 call=3 status=ok seconds=0.9
agent=0 call=4 status=ok seconds=4.5
agent=1 call=4 status=ok seconds=3.9
agent=2 call=4 status=ok seconds=1.7
D4 resolution 0
D4 game_end 1
Finished 8/12
C1 round_start 0
agent=1 call=0 status=ok seconds=3.0
agent=2 call=0 status=ok seconds=2.1
agent=3 call=0 status=ok seconds=3.7
agent=1 call=1 status=ok seconds=2.8
agent=2 call=1 status=ok seconds=2.8
agent=3 call=1 status=ok seconds=2.2
agent=1 call=2 status=ok seconds=1.3
agent=2 call=2 status=ok seconds=1.2
agent=3 call=2 status=ok seconds=2.2
agent=1 call=3 status=ok seconds=0.8
agent=2 call=3 status=ok seconds=0.7
agent=3 call=3 status=ok seconds=1.0
agent=1 call=4 status=ok seconds=1.5
agent=2 call=4 status=ok seconds=1.5
agent=3 call=4 status=ok seconds=2.8
C1 resolution 0
C1 game_end 1
Finished 9/12
C2 round_start 0
agent=2 call=0 status=ok seconds=3.2
agent=0 call=0 status=ok seconds=3.2
agent=3 call=0 status=ok seconds=3.7
agent=2 call=1 status=ok seconds=3.8
agent=0 call=1 status=ok seconds=1.7
agent=3 call=1 status=ok seconds=4.3
agent=2 call=2 status=ok seconds=2.5
agent=0 call=2 status=ok seconds=2.7
agent=3 call=2 status=ok seconds=4.6
agent=2 call=3 status=ok seconds=5.4
agent=0 call=3 status=ok seconds=3.3
agent=3 call=3 status=ok seconds=3.5
agent=2 call=4 status=ok seconds=2.4
agent=0 call=4 status=ok seconds=1.7
agent=3 call=4 status=ok seconds=1.6
C2 resolution 0
C2 game_end 1
Finished 10/12
C3 round_start 0
agent=3 call=0 status=ok seconds=3.4
agent=0 call=0 status=ok seconds=2.6
agent=1 call=0 status=ok seconds=3.7
agent=3 call=1 status=ok seconds=3.9
agent=0 call=1 status=ok seconds=2.3
agent=1 call=1 status=ok seconds=4.0
agent=3 call=2 status=ok seconds=2.9
agent=0 call=2 status=ok seconds=3.4
agent=1 call=2 status=ok seconds=1.5
agent=3 call=3 status=ok seconds=1.7
agent=0 call=3 status=ok seconds=1.1
agent=1 call=3 status=ok seconds=0.9
agent=3 call=4 status=ok seconds=3.2
agent=0 call=4 status=ok seconds=2.4
agent=1 call=4 status=ok seconds=2.0
C3 resolution 0
C3 game_end 1
Finished 11/12
C4 round_start 0
agent=0 call=0 status=ok seconds=2.2
agent=1 call=0 status=ok seconds=2.4
agent=2 call=0 status=ok seconds=2.7
agent=0 call=1 status=ok seconds=2.0
agent=1 call=1 status=ok seconds=3.1
agent=2 call=1 status=ok seconds=2.2
agent=0 call=2 status=ok seconds=2.8
agent=1 call=2 status=ok seconds=9.1
agent=2 call=2 status=ok seconds=3.0
agent=0 call=3 status=ok seconds=3.3
agent=1 call=3 status=ok seconds=2.7
agent=2 call=3 status=ok seconds=1.9
agent=0 call=4 status=ok seconds=3.1
agent=1 call=4 status=ok seconds=2.3
C4 batch_rejected 0
agent=1 call=5 status=truncated seconds=60.0
C4 batch_rejected 0
agent=2 call=4 status=ok seconds=1.9
C4 resolution 0
C4 game_end 1
Finished 12/12
