[2026-09-25 23:40:08] [checkpoint_manager.py (24)] [ERROR] [actor_train-0 0 / 1][PID 2588575] No module named 'modelscope'
[2026-09-25 23:40:36] [base_worker.py (73)] [INFO] [actor_train-0 0 / 1][PID 2588575] CUDA worker mapping: visible=0, device_count=1, local_rank=0
[2026-09-25 23:40:38] [checkpoint_manager.py (56)] [INFO] [actor_train-0 0 / 1][PID 2588575] checkpoint_config: {'type': 'file_system', 'async_upload': False, 'raise_on_error': True, 'use_hardlinks': True, 'save_final': True, 'verify_megatron_checkpoint': True, 'output_dir': '/home/e/e1300530/tmp/MARSHAL-d-results-archive-20260924/runs/social_mixed/decomposed-seed42-881010/checkpoints'}
[2026-09-25 23:40:38] [upload_utils.py (27)] [INFO] [actor_train-0 0 / 1][PID 2588575] use FileSystemUploader to upload /home/e/e1300530/tmp/MARSHAL-d-results-archive-20260924/runs/social_mixed/decomposed-seed42-881010/checkpoints
[2026-09-25 23:40:38] [megatron_strategy.py (115)] [INFO] [actor_train-0 0 / 1][PID 2588575] training_args: {'output_dir': '/home/e/e1300530/tmp/MARSHAL-d-results-archive-20260924/runs/social_mixed/decomposed-seed42-881010', 'max_steps': 40, 'num_train_epochs': 1.0, 'learning_rate': 1e-06, 'lr_scheduler_kwargs': {'init_lr': 1e-06}, 'lr_scheduler_type': 'constant_with_warmup', 'weight_decay': 0.0, 'adam_beta1': 0.9, 'adam_beta2': 0.95, 'per_device_train_batch_size': 2, 'gradient_accumulation_steps': 1, 'seed': 42, 'data_seed': None, 'dataloader_num_workers': 0, 'fp16': False, 'bf16': True, 'tf32': None, 'warmup_ratio': 0.0, 'warmup_steps': 0, 'tensor_model_parallel_size': 1, 'transformer_impl': 'transformer_engine', 'pipeline_model_parallel_size': 1, 'sequence_parallel': False, 'expert_model_parallel_size': 1, 'use_distributed_optimizer': True, 'recompute_granularity': 'full', 'accumulate_allreduce_grads_in_fp32': True, 'check_for_nan_in_loss_and_grad': True, 'overlap_grad_reduce': False, 'overlap_param_gather': False, 'max_grad_norm': 1.0}
[2026-09-25 23:40:41] [megatron_strategy.py (372)] [INFO] [actor_train-0 0 / 1][PID 2588575] megatron optimizer: <megatron.core.optimizer.distrib_optimizer.DistributedOptimizer object at 0x7c9bd4797970>
[2026-09-25 23:40:41] [megatron_strategy.py (385)] [INFO] [actor_train-0 0 / 1][PID 2588575] max steps pipeline 40
[2026-09-25 23:40:41] [megatron_strategy.py (390)] [INFO] [actor_train-0 0 / 1][PID 2588575] max steps worker train 40
[2026-09-25 23:40:41] [megatron_strategy.py (417)] [INFO] [actor_train-0 0 / 1][PID 2588575] [DistributedDataParallel(
  (module): McaGPTModel(
    (embedding): LanguageModelEmbedding(
      (word_embeddings): VocabParallelEmbedding()
      (embedding_dropout): Dropout(p=0.0, inplace=False)
    )
    (rotary_pos_emb): RotaryEmbedding()
    (decoder): TransformerBlock(
      (layers): ModuleList(
        (0-35): 36 x TransformerLayer(
          (input_layernorm): IdentityOp()
          (self_attention): SelfAttention(
            (core_attention): TEDotProductAttention(
              (flash_attention): FlashAttention()
              (fused_attention): FusedAttention()
              (unfused_attention): UnfusedDotProductAttention(
                (scale_mask_softmax): FusedScaleMaskSoftmax()
                (attention_dropout): Dropout(p=0.0, inplace=False)
              )
            )
            (linear_proj): TERowParallelLinear(in_features=4096, out_features=2560, bias=False, TP=1)
            (linear_qkv): TELayerNormColumnParallelLinear(in_features=2560, out_features=6144, bias=False, TP=1)
            (q_layernorm): RMSNorm()
            (k_layernorm): RMSNorm()
          )
          (pre_cross_attn_layernorm): IdentityOp()
          (cross_attention): IdentityOp()
          (cross_attn_bda): IdentityFuncOp()
          (pre_mlp_layernorm): IdentityOp()
          (mlp): MLP(
            (linear_fc1): TELayerNormColumnParallelLinear(in_features=2560, out_features=19456, bias=False, TP=1)
            (linear_fc2): TERowParallelLinear(in_features=9728, out_features=2560, bias=False, TP=1)
          )
        )
      )
      (final_layernorm): RMSNorm()
    )
    (output_layer): ColumnParallelLinear(in_features=2560, out_features=151936, bias=False, TP=1)
  )
)]
[2026-09-25 23:40:41] [base_worker.py (95)] [INFO] [actor_train-0 0 / 1][PID 2588575] actor_train-0 initialized
[2026-09-25 23:41:11] [strategy.py (171)] [INFO] [actor_train-0 0 / 1][PID 2588575] warmup setup_collective_group: model_update_actor_train_0_to_actor_infer_ rank: 0 world_size: 1
[2026-09-25 23:41:13] [context_managers.py (37)] [INFO] [actor_train-0 0 / 1][PID 2588575] actor_train/model_update_start_offload, memory allocated (GB): 1.430511474609375e-06, memory reserved (GB): 0.001953125, memory max reserved (GB): 0.001953125, rss (GB): 25.760906219482422
[2026-09-25 23:41:14] [context_managers.py (37)] [INFO] [actor_train-0 0 / 1][PID 2588575] actor_train/model_update_start_onload, memory allocated (GB): 7.492432117462158, memory reserved (GB): 7.49609375, memory max reserved (GB): 7.49609375, rss (GB): 25.760906219482422
[2026-09-25 23:41:26] [context_managers.py (37)] [INFO] [actor_train-0 0 / 1][PID 2588575] actor_train/model_update_end_onload, memory allocated (GB): 7.492432117462158, memory reserved (GB): 8.611328125, memory max reserved (GB): 8.611328125, rss (GB): 26.762611389160156
[2026-09-25 23:41:27] [context_managers.py (37)] [INFO] [actor_train-0 0 / 1][PID 2588575] actor_train/model_update_end_offload, memory allocated (GB): 1.430511474609375e-06, memory reserved (GB): 0.001953125, memory max reserved (GB): 8.611328125, rss (GB): 26.762611389160156
[2026-09-25 23:41:55] [context_managers.py (37)] [INFO] [actor_train-0 0 / 1][PID 2588575] actor_train/model_update_start_offload, memory allocated (GB): 1.430511474609375e-06, memory reserved (GB): 0.001953125, memory max reserved (GB): 0.001953125, rss (GB): 26.762779235839844
[2026-09-25 23:41:56] [context_managers.py (37)] [INFO] [actor_train-0 0 / 1][PID 2588575] actor_train/model_update_start_onload, memory allocated (GB): 7.492432117462158, memory reserved (GB): 7.49609375, memory max reserved (GB): 7.49609375, rss (GB): 26.762779235839844
[2026-09-25 23:42:08] [context_managers.py (37)] [INFO] [actor_train-0 0 / 1][PID 2588575] actor_train/model_update_end_onload, memory allocated (GB): 7.492432117462158, memory reserved (GB): 8.611328125, memory max reserved (GB): 8.611328125, rss (GB): 26.762985229492188
[2026-09-25 23:42:08] [context_managers.py (37)] [INFO] [actor_train-0 0 / 1][PID 2588575] actor_train/model_update_end_offload, memory allocated (GB): 1.430511474609375e-06, memory reserved (GB): 0.001953125, memory max reserved (GB): 8.611328125, rss (GB): 26.762985229492188
[2026-09-25 23:42:39] [context_managers.py (37)] [INFO] [actor_train-0 0 / 1][PID 2588575] actor_train/compute_log_probs_start_offload, memory allocated (GB): 1.430511474609375e-06, memory reserved (GB): 0.001953125, memory max reserved (GB): 0.001953125, rss (GB): 26.76529312133789
[2026-09-25 23:42:40] [context_managers.py (37)] [INFO] [actor_train-0 0 / 1][PID 2588575] actor_train/compute_log_probs_start_onload, memory allocated (GB): 7.492432117462158, memory reserved (GB): 7.49609375, memory max reserved (GB): 7.49609375, rss (GB): 26.76529312133789
[2026-09-25 23:42:40] [context_managers.py (37)] [INFO] [actor_train-0 0 / 1][PID 2588575] actor_train/compute_log_probs_end_onload, memory allocated (GB): 7.566125392913818, memory reserved (GB): 18.1328125, memory max reserved (GB): 18.1328125, rss (GB): 27.151622772216797
[2026-09-25 23:42:40] [context_managers.py (37)] [INFO] [actor_train-0 0 / 1][PID 2588575] actor_train/compute_log_probs_end_offload, memory allocated (GB): 7.566125392913818, memory reserved (GB): 18.1328125, memory max reserved (GB): 18.1328125, rss (GB): 27.151622772216797
[2026-09-25 23:42:41] [context_managers.py (37)] [INFO] [actor_train-0 0 / 1][PID 2588575] social/train_start_offload, memory allocated (GB): 7.534700870513916, memory reserved (GB): 7.58203125, memory max reserved (GB): 7.58203125, rss (GB): 27.19913101196289
[2026-09-25 23:42:41] [context_managers.py (37)] [INFO] [actor_train-0 0 / 1][PID 2588575] social/train_start_onload, memory allocated (GB): 37.493409633636475, memory reserved (GB): 37.501953125, memory max reserved (GB): 37.5546875, rss (GB): 27.199172973632812
[2026-09-25 23:43:14] [context_managers.py (37)] [INFO] [actor_train-0 0 / 1][PID 2588575] social/train_end_onload, memory allocated (GB): 37.55593824386597, memory reserved (GB): 37.662109375, memory max reserved (GB): 127.634765625, rss (GB): 59.357669830322266
[2026-09-25 23:43:15] [context_managers.py (37)] [INFO] [actor_train-0 0 / 1][PID 2588575] social/train_end_offload, memory allocated (GB): 7.523715496063232, memory reserved (GB): 7.541015625, memory max reserved (GB): 127.634765625, rss (GB): 59.357669830322266
[2026-09-25 23:43:15] [context_managers.py (37)] [INFO] [actor_train-0 0 / 1][PID 2588575] actor_train/model_update_start_offload, memory allocated (GB): 0.03128480911254883, memory reserved (GB): 0.046875, memory max reserved (GB): 0.046875, rss (GB): 59.35770034790039
[2026-09-25 23:43:16] [context_managers.py (37)] [INFO] [actor_train-0 0 / 1][PID 2588575] actor_train/model_update_start_onload, memory allocated (GB): 7.523715496063232, memory reserved (GB): 7.541015625, memory max reserved (GB): 7.541015625, rss (GB): 59.35770034790039
[2026-09-25 23:43:28] [context_managers.py (37)] [INFO] [actor_train-0 0 / 1][PID 2588575] actor_train/model_update_end_onload, memory allocated (GB): 7.523715496063232, memory reserved (GB): 8.65625, memory max reserved (GB): 8.65625, rss (GB): 59.357791900634766
[2026-09-25 23:43:28] [context_managers.py (37)] [INFO] [actor_train-0 0 / 1][PID 2588575] actor_train/model_update_end_offload, memory allocated (GB): 0.03128480911254883, memory reserved (GB): 0.046875, memory max reserved (GB): 8.65625, rss (GB): 59.357791900634766
[2026-09-25 23:43:57] [context_managers.py (37)] [INFO] [actor_train-0 0 / 1][PID 2588575] actor_train/compute_log_probs_start_offload, memory allocated (GB): 0.03128480911254883, memory reserved (GB): 0.046875, memory max reserved (GB): 0.046875, rss (GB): 59.360233306884766
[2026-09-25 23:55:04] [base_worker.py (417)] [INFO] [actor_train-0 0 / 1][PID 2588575] save checkpoint-9 to /home/e/e1300530/tmp/MARSHAL-d-results-archive-20260924/runs/social_mixed/decomposed-seed42-881010/actor_train-0/checkpoint-9
[2026-09-25 23:55:04] [megatron_strategy.py (546)] [INFO] [actor_train-0 0 / 1][PID 2588575] save_dir: /home/e/e1300530/tmp/MARSHAL-d-results-archive-20260924/runs/social_mixed/decomposed-seed42-881010/actor_train-0/checkpoint-9
[2026-09-25 23:56:31] [upload_utils.py (32)] [INFO] [actor_train-0 0 / 1][PID 2588575] /home/e/e1300530/tmp/MARSHAL-d-results-archive-20260924/runs/social_mixed/decomposed-seed42-881010/actor_train-0/checkpoint-9 save to /home/e/e1300530/tmp/MARSHAL-d-results-archive-20260924/runs/social_mixed/decomposed-seed42-881010/checkpoints/checkpoint-9, wait...
[2026-09-25 23:56:31] [upload_utils.py (35)] [INFO] [actor_train-0 0 / 1][PID 2588575] /home/e/e1300530/tmp/MARSHAL-d-results-archive-20260924/runs/social_mixed/decomposed-seed42-881010/actor_train-0/checkpoint-9 save to /home/e/e1300530/tmp/MARSHAL-d-results-archive-20260924/runs/social_mixed/decomposed-seed42-881010/checkpoints/checkpoint-9, done...
[2026-09-26 00:09:51] [base_worker.py (417)] [INFO] [actor_train-0 0 / 1][PID 2588575] save checkpoint-19 to /home/e/e1300530/tmp/MARSHAL-d-results-archive-20260924/runs/social_mixed/decomposed-seed42-881010/actor_train-0/checkpoint-19
[2026-09-26 00:09:51] [megatron_strategy.py (546)] [INFO] [actor_train-0 0 / 1][PID 2588575] save_dir: /home/e/e1300530/tmp/MARSHAL-d-results-archive-20260924/runs/social_mixed/decomposed-seed42-881010/actor_train-0/checkpoint-19
[2026-09-26 00:11:02] [upload_utils.py (32)] [INFO] [actor_train-0 0 / 1][PID 2588575] /home/e/e1300530/tmp/MARSHAL-d-results-archive-20260924/runs/social_mixed/decomposed-seed42-881010/actor_train-0/checkpoint-19 save to /home/e/e1300530/tmp/MARSHAL-d-results-archive-20260924/runs/social_mixed/decomposed-seed42-881010/checkpoints/checkpoint-19, wait...
[2026-09-26 00:11:02] [upload_utils.py (35)] [INFO] [actor_train-0 0 / 1][PID 2588575] /home/e/e1300530/tmp/MARSHAL-d-results-archive-20260924/runs/social_mixed/decomposed-seed42-881010/actor_train-0/checkpoint-19 save to /home/e/e1300530/tmp/MARSHAL-d-results-archive-20260924/runs/social_mixed/decomposed-seed42-881010/checkpoints/checkpoint-19, done...
[2026-09-26 00:24:25] [base_worker.py (417)] [INFO] [actor_train-0 0 / 1][PID 2588575] save checkpoint-29 to /home/e/e1300530/tmp/MARSHAL-d-results-archive-20260924/runs/social_mixed/decomposed-seed42-881010/actor_train-0/checkpoint-29
[2026-09-26 00:24:25] [megatron_strategy.py (546)] [INFO] [actor_train-0 0 / 1][PID 2588575] save_dir: /home/e/e1300530/tmp/MARSHAL-d-results-archive-20260924/runs/social_mixed/decomposed-seed42-881010/actor_train-0/checkpoint-29
[2026-09-26 00:25:35] [upload_utils.py (32)] [INFO] [actor_train-0 0 / 1][PID 2588575] /home/e/e1300530/tmp/MARSHAL-d-results-archive-20260924/runs/social_mixed/decomposed-seed42-881010/actor_train-0/checkpoint-29 save to /home/e/e1300530/tmp/MARSHAL-d-results-archive-20260924/runs/social_mixed/decomposed-seed42-881010/checkpoints/checkpoint-29, wait...
[2026-09-26 00:25:35] [upload_utils.py (35)] [INFO] [actor_train-0 0 / 1][PID 2588575] /home/e/e1300530/tmp/MARSHAL-d-results-archive-20260924/runs/social_mixed/decomposed-seed42-881010/actor_train-0/checkpoint-29 save to /home/e/e1300530/tmp/MARSHAL-d-results-archive-20260924/runs/social_mixed/decomposed-seed42-881010/checkpoints/checkpoint-29, done...
[2026-09-26 00:39:21] [base_worker.py (417)] [INFO] [actor_train-0 0 / 1][PID 2588575] save checkpoint-39 to /home/e/e1300530/tmp/MARSHAL-d-results-archive-20260924/runs/social_mixed/decomposed-seed42-881010/actor_train-0/checkpoint-39
[2026-09-26 00:39:21] [megatron_strategy.py (546)] [INFO] [actor_train-0 0 / 1][PID 2588575] save_dir: /home/e/e1300530/tmp/MARSHAL-d-results-archive-20260924/runs/social_mixed/decomposed-seed42-881010/actor_train-0/checkpoint-39
[2026-09-26 00:40:30] [upload_utils.py (32)] [INFO] [actor_train-0 0 / 1][PID 2588575] /home/e/e1300530/tmp/MARSHAL-d-results-archive-20260924/runs/social_mixed/decomposed-seed42-881010/actor_train-0/checkpoint-39 save to /home/e/e1300530/tmp/MARSHAL-d-results-archive-20260924/runs/social_mixed/decomposed-seed42-881010/checkpoints/checkpoint-39, wait...
[2026-09-26 00:40:30] [upload_utils.py (35)] [INFO] [actor_train-0 0 / 1][PID 2588575] /home/e/e1300530/tmp/MARSHAL-d-results-archive-20260924/runs/social_mixed/decomposed-seed42-881010/actor_train-0/checkpoint-39 save to /home/e/e1300530/tmp/MARSHAL-d-results-archive-20260924/runs/social_mixed/decomposed-seed42-881010/checkpoints/checkpoint-39, done...
