[2026-08-19 07:05:54] [base_worker.py (66)] [INFO] [reference-1 1 / 2][PID 2158313] CUDA worker mapping: visible=1, device_count=1, local_rank=0
[2026-08-19 07:06:09] [model_providers.py (362)] [INFO] [reference-1 1 / 2][PID 2158313] init_kwargs: {'torch_dtype': torch.bfloat16, 'trust_remote_code': True, 'low_cpu_mem_usage': True, 'device_map': 'balanced'}
[2026-08-19 07:06:11] [hf_strategy.py (47)] [INFO] [reference-1 1 / 2][PID 2158313] Qwen3ForCausalLM(
  (model): Qwen3Model(
    (embed_tokens): Embedding(151936, 2560)
    (layers): ModuleList(
      (0-35): 36 x Qwen3DecoderLayer(
        (self_attn): Qwen3Attention(
          (q_proj): Linear(in_features=2560, out_features=4096, bias=False)
          (k_proj): Linear(in_features=2560, out_features=1024, bias=False)
          (v_proj): Linear(in_features=2560, out_features=1024, bias=False)
          (o_proj): Linear(in_features=4096, out_features=2560, bias=False)
          (q_norm): Qwen3RMSNorm((128,), eps=1e-06)
          (k_norm): Qwen3RMSNorm((128,), eps=1e-06)
        )
        (mlp): Qwen3MLP(
          (gate_proj): Linear(in_features=2560, out_features=9728, bias=False)
          (up_proj): Linear(in_features=2560, out_features=9728, bias=False)
          (down_proj): Linear(in_features=9728, out_features=2560, bias=False)
          (act_fn): SiLU()
        )
        (input_layernorm): Qwen3RMSNorm((2560,), eps=1e-06)
        (post_attention_layernorm): Qwen3RMSNorm((2560,), eps=1e-06)
      )
    )
    (norm): Qwen3RMSNorm((2560,), eps=1e-06)
    (rotary_emb): Qwen3RotaryEmbedding()
  )
  (lm_head): Linear(in_features=2560, out_features=151936, bias=False)
)
[2026-08-19 07:06:11] [base_worker.py (85)] [INFO] [reference-1 1 / 2][PID 2158313] reference-1 initialized
[2026-08-19 07:07:24] [context_managers.py (37)] [INFO] [reference-1 1 / 2][PID 2158313] reference/compute_log_probs_start_offload, memory allocated (GB): 0.0, memory reserved (GB): 0.0, memory max reserved (GB): 0.0, rss (GB): 8.861610412597656
[2026-08-19 07:07:25] [context_managers.py (37)] [INFO] [reference-1 1 / 2][PID 2158313] reference/compute_log_probs_start_onload, memory allocated (GB): 7.492448329925537, memory reserved (GB): 7.501953125, memory max reserved (GB): 7.501953125, rss (GB): 3.127307891845703
[2026-08-19 07:07:40] [context_managers.py (37)] [INFO] [reference-1 1 / 2][PID 2158313] reference/compute_log_probs_end_onload, memory allocated (GB): 7.524674892425537, memory reserved (GB): 11.138671875, memory max reserved (GB): 11.138671875, rss (GB): 3.266956329345703
[2026-08-19 07:07:43] [context_managers.py (37)] [INFO] [reference-1 1 / 2][PID 2158313] reference/compute_log_probs_end_offload, memory allocated (GB): 0.0009765625, memory reserved (GB): 0.00390625, memory max reserved (GB): 11.138671875, rss (GB): 10.406604766845703
[2026-08-19 07:09:47] [context_managers.py (37)] [INFO] [reference-1 1 / 2][PID 2158313] reference/compute_log_probs_start_offload, memory allocated (GB): 0.0, memory reserved (GB): 0.0, memory max reserved (GB): 0.0, rss (GB): 10.424182891845703
[2026-08-19 07:09:48] [context_managers.py (37)] [INFO] [reference-1 1 / 2][PID 2158313] reference/compute_log_probs_start_onload, memory allocated (GB): 7.492448329925537, memory reserved (GB): 7.501953125, memory max reserved (GB): 7.501953125, rss (GB): 3.8113136291503906
[2026-08-19 07:10:02] [context_managers.py (37)] [INFO] [reference-1 1 / 2][PID 2158313] reference/compute_log_probs_end_onload, memory allocated (GB): 7.524674892425537, memory reserved (GB): 11.138671875, memory max reserved (GB): 11.138671875, rss (GB): 3.8113136291503906
[2026-08-19 07:10:06] [context_managers.py (37)] [INFO] [reference-1 1 / 2][PID 2158313] reference/compute_log_probs_end_offload, memory allocated (GB): 0.0009765625, memory reserved (GB): 0.00390625, memory max reserved (GB): 11.138671875, rss (GB): 10.71463394165039
[2026-08-19 07:11:56] [context_managers.py (37)] [INFO] [reference-1 1 / 2][PID 2158313] reference/compute_log_probs_start_offload, memory allocated (GB): 0.0, memory reserved (GB): 0.0, memory max reserved (GB): 0.0, rss (GB): 10.71756362915039
[2026-08-19 07:11:58] [context_managers.py (37)] [INFO] [reference-1 1 / 2][PID 2158313] reference/compute_log_probs_start_onload, memory allocated (GB): 7.492448329925537, memory reserved (GB): 7.501953125, memory max reserved (GB): 7.501953125, rss (GB): 4.400081634521484
[2026-08-19 07:12:13] [context_managers.py (37)] [INFO] [reference-1 1 / 2][PID 2158313] reference/compute_log_probs_end_onload, memory allocated (GB): 7.524674892425537, memory reserved (GB): 11.138671875, memory max reserved (GB): 11.138671875, rss (GB): 4.243488311767578
[2026-08-19 07:12:16] [context_managers.py (37)] [INFO] [reference-1 1 / 2][PID 2158313] reference/compute_log_probs_end_offload, memory allocated (GB): 0.0009765625, memory reserved (GB): 0.00390625, memory max reserved (GB): 11.138671875, rss (GB): 10.547199249267578
[2026-08-19 07:14:04] [context_managers.py (37)] [INFO] [reference-1 1 / 2][PID 2158313] reference/compute_log_probs_start_offload, memory allocated (GB): 0.0, memory reserved (GB): 0.0, memory max reserved (GB): 0.0, rss (GB): 10.547199249267578
[2026-08-19 07:14:05] [context_managers.py (37)] [INFO] [reference-1 1 / 2][PID 2158313] reference/compute_log_probs_start_onload, memory allocated (GB): 7.492448329925537, memory reserved (GB): 7.501953125, memory max reserved (GB): 7.501953125, rss (GB): 4.243473052978516
[2026-08-19 07:14:20] [context_managers.py (37)] [INFO] [reference-1 1 / 2][PID 2158313] reference/compute_log_probs_end_onload, memory allocated (GB): 7.524674892425537, memory reserved (GB): 11.138671875, memory max reserved (GB): 11.138671875, rss (GB): 4.243473052978516
[2026-08-19 07:14:23] [context_managers.py (37)] [INFO] [reference-1 1 / 2][PID 2158313] reference/compute_log_probs_end_offload, memory allocated (GB): 0.0009765625, memory reserved (GB): 0.00390625, memory max reserved (GB): 11.138671875, rss (GB): 10.646793365478516
[2026-08-19 07:16:13] [context_managers.py (37)] [INFO] [reference-1 1 / 2][PID 2158313] reference/compute_log_probs_start_offload, memory allocated (GB): 0.0, memory reserved (GB): 0.0, memory max reserved (GB): 0.0, rss (GB): 10.646793365478516
[2026-08-19 07:16:14] [context_managers.py (37)] [INFO] [reference-1 1 / 2][PID 2158313] reference/compute_log_probs_start_onload, memory allocated (GB): 7.492448329925537, memory reserved (GB): 7.501953125, memory max reserved (GB): 7.501953125, rss (GB): 4.436809539794922
[2026-08-19 07:16:29] [context_managers.py (37)] [INFO] [reference-1 1 / 2][PID 2158313] reference/compute_log_probs_end_onload, memory allocated (GB): 7.524674892425537, memory reserved (GB): 11.138671875, memory max reserved (GB): 11.138671875, rss (GB): 4.436809539794922
[2026-08-19 07:16:33] [context_managers.py (37)] [INFO] [reference-1 1 / 2][PID 2158313] reference/compute_log_probs_end_offload, memory allocated (GB): 0.0009765625, memory reserved (GB): 0.00390625, memory max reserved (GB): 11.138671875, rss (GB): 10.986614227294922
[2026-08-19 07:18:23] [context_managers.py (37)] [INFO] [reference-1 1 / 2][PID 2158313] reference/compute_log_probs_start_offload, memory allocated (GB): 0.0, memory reserved (GB): 0.0, memory max reserved (GB): 0.0, rss (GB): 10.986614227294922
