[2026-08-18 11:37:06] [base_worker.py (66)] [INFO] [reference-0 0 / 2][PID 1874234] CUDA worker mapping: visible=0, device_count=1, local_rank=0
[2026-08-18 11:37:18] [model_providers.py (362)] [INFO] [reference-0 0 / 2][PID 1874234] init_kwargs: {'torch_dtype': torch.bfloat16, 'trust_remote_code': True, 'low_cpu_mem_usage': True, 'device_map': 'balanced'}
[2026-08-18 11:37:19] [hf_strategy.py (47)] [INFO] [reference-0 0 / 2][PID 1874234] Qwen3ForCausalLM(
  (model): Qwen3Model(
    (embed_tokens): Embedding(151936, 2560)
    (layers): ModuleList(
      (0-35): 36 x Qwen3DecoderLayer(
        (self_attn): Qwen3Attention(
          (q_proj): Linear(in_features=2560, out_features=4096, bias=False)
          (k_proj): Linear(in_features=2560, out_features=1024, bias=False)
          (v_proj): Linear(in_features=2560, out_features=1024, bias=False)
          (o_proj): Linear(in_features=4096, out_features=2560, bias=False)
          (q_norm): Qwen3RMSNorm((128,), eps=1e-06)
          (k_norm): Qwen3RMSNorm((128,), eps=1e-06)
        )
        (mlp): Qwen3MLP(
          (gate_proj): Linear(in_features=2560, out_features=9728, bias=False)
          (up_proj): Linear(in_features=2560, out_features=9728, bias=False)
          (down_proj): Linear(in_features=9728, out_features=2560, bias=False)
          (act_fn): SiLU()
        )
        (input_layernorm): Qwen3RMSNorm((2560,), eps=1e-06)
        (post_attention_layernorm): Qwen3RMSNorm((2560,), eps=1e-06)
      )
    )
    (norm): Qwen3RMSNorm((2560,), eps=1e-06)
    (rotary_emb): Qwen3RotaryEmbedding()
  )
  (lm_head): Linear(in_features=2560, out_features=151936, bias=False)
)
[2026-08-18 11:37:19] [base_worker.py (85)] [INFO] [reference-0 0 / 2][PID 1874234] reference-0 initialized
[2026-08-18 11:38:18] [context_managers.py (37)] [INFO] [reference-0 0 / 2][PID 1874234] reference/compute_log_probs_start_offload, memory allocated (GB): 0.0, memory reserved (GB): 0.0, memory max reserved (GB): 0.0, rss (GB): 8.872093200683594
[2026-08-18 11:38:18] [context_managers.py (37)] [INFO] [reference-0 0 / 2][PID 1874234] reference/compute_log_probs_start_onload, memory allocated (GB): 7.492448329925537, memory reserved (GB): 7.501953125, memory max reserved (GB): 7.501953125, rss (GB): 3.1374549865722656
[2026-08-18 11:38:30] [context_managers.py (37)] [INFO] [reference-0 0 / 2][PID 1874234] reference/compute_log_probs_end_onload, memory allocated (GB): 7.524674892425537, memory reserved (GB): 11.138671875, memory max reserved (GB): 11.138671875, rss (GB): 3.278125762939453
[2026-08-18 11:38:32] [context_managers.py (37)] [INFO] [reference-0 0 / 2][PID 1874234] reference/compute_log_probs_end_offload, memory allocated (GB): 0.0009765625, memory reserved (GB): 0.00390625, memory max reserved (GB): 11.138671875, rss (GB): 10.416126251220703
[2026-08-18 11:40:16] [context_managers.py (37)] [INFO] [reference-0 0 / 2][PID 1874234] reference/compute_log_probs_start_offload, memory allocated (GB): 0.0, memory reserved (GB): 0.0, memory max reserved (GB): 0.0, rss (GB): 10.420089721679688
[2026-08-18 11:40:16] [context_managers.py (37)] [INFO] [reference-0 0 / 2][PID 1874234] reference/compute_log_probs_start_onload, memory allocated (GB): 7.492448329925537, memory reserved (GB): 7.501953125, memory max reserved (GB): 7.501953125, rss (GB): 3.9238204956054688
[2026-08-18 11:40:28] [context_managers.py (37)] [INFO] [reference-0 0 / 2][PID 1874234] reference/compute_log_probs_end_onload, memory allocated (GB): 7.524674892425537, memory reserved (GB): 11.138671875, memory max reserved (GB): 11.138671875, rss (GB): 3.6504173278808594
[2026-08-18 11:40:30] [context_managers.py (37)] [INFO] [reference-0 0 / 2][PID 1874234] reference/compute_log_probs_end_offload, memory allocated (GB): 0.0009765625, memory reserved (GB): 0.00390625, memory max reserved (GB): 11.138671875, rss (GB): 10.705764770507812
[2026-08-18 11:42:10] [context_managers.py (37)] [INFO] [reference-0 0 / 2][PID 1874234] reference/compute_log_probs_start_offload, memory allocated (GB): 0.0, memory reserved (GB): 0.0, memory max reserved (GB): 0.0, rss (GB): 10.70681381225586
[2026-08-18 11:42:10] [context_managers.py (37)] [INFO] [reference-0 0 / 2][PID 1874234] reference/compute_log_probs_start_onload, memory allocated (GB): 7.492448329925537, memory reserved (GB): 7.501953125, memory max reserved (GB): 7.501953125, rss (GB): 3.3780288696289062
[2026-08-18 11:42:22] [context_managers.py (37)] [INFO] [reference-0 0 / 2][PID 1874234] reference/compute_log_probs_end_onload, memory allocated (GB): 7.524674892425537, memory reserved (GB): 11.138671875, memory max reserved (GB): 11.138671875, rss (GB): 3.3780555725097656
[2026-08-18 11:42:24] [context_managers.py (37)] [INFO] [reference-0 0 / 2][PID 1874234] reference/compute_log_probs_end_offload, memory allocated (GB): 0.0009765625, memory reserved (GB): 0.00390625, memory max reserved (GB): 11.138671875, rss (GB): 10.43341064453125
[2026-08-18 11:44:01] [context_managers.py (37)] [INFO] [reference-0 0 / 2][PID 1874234] reference/compute_log_probs_start_offload, memory allocated (GB): 0.0, memory reserved (GB): 0.0, memory max reserved (GB): 0.0, rss (GB): 10.434364318847656
[2026-08-18 11:44:01] [context_managers.py (37)] [INFO] [reference-0 0 / 2][PID 1874234] reference/compute_log_probs_start_onload, memory allocated (GB): 7.492448329925537, memory reserved (GB): 7.501953125, memory max reserved (GB): 7.501953125, rss (GB): 3.379016876220703
[2026-08-18 11:44:14] [context_managers.py (37)] [INFO] [reference-0 0 / 2][PID 1874234] reference/compute_log_probs_end_onload, memory allocated (GB): 7.524674892425537, memory reserved (GB): 11.138671875, memory max reserved (GB): 11.138671875, rss (GB): 3.3790206909179688
[2026-08-18 11:44:15] [context_managers.py (37)] [INFO] [reference-0 0 / 2][PID 1874234] reference/compute_log_probs_end_offload, memory allocated (GB): 0.0009765625, memory reserved (GB): 0.00390625, memory max reserved (GB): 11.138671875, rss (GB): 10.434368133544922
[2026-08-18 11:45:52] [context_managers.py (37)] [INFO] [reference-0 0 / 2][PID 1874234] reference/compute_log_probs_start_offload, memory allocated (GB): 0.0, memory reserved (GB): 0.0, memory max reserved (GB): 0.0, rss (GB): 10.447765350341797
[2026-08-18 11:45:52] [context_managers.py (37)] [INFO] [reference-0 0 / 2][PID 1874234] reference/compute_log_probs_start_onload, memory allocated (GB): 7.492448329925537, memory reserved (GB): 7.501953125, memory max reserved (GB): 7.501953125, rss (GB): 3.3924179077148438
[2026-08-18 11:46:04] [context_managers.py (37)] [INFO] [reference-0 0 / 2][PID 1874234] reference/compute_log_probs_end_onload, memory allocated (GB): 7.524674892425537, memory reserved (GB): 11.138671875, memory max reserved (GB): 11.138671875, rss (GB): 3.3924179077148438
[2026-08-18 11:46:06] [context_managers.py (37)] [INFO] [reference-0 0 / 2][PID 1874234] reference/compute_log_probs_end_offload, memory allocated (GB): 0.0009765625, memory reserved (GB): 0.00390625, memory max reserved (GB): 11.138671875, rss (GB): 10.447765350341797
[2026-08-18 11:47:41] [context_managers.py (37)] [INFO] [reference-0 0 / 2][PID 1874234] reference/compute_log_probs_start_offload, memory allocated (GB): 0.0, memory reserved (GB): 0.0, memory max reserved (GB): 0.0, rss (GB): 10.44778060913086
