SLURM_JOB_ID=878181
SLURM_NODELIST=xgpi13
CUDA_VISIBLE_DEVICES(before)=0,1,2
GPU 0: NVIDIA H100 NVL (UUID: GPU-a148e266-a8ba-05de-c7f3-5875c534d4ea)
  MIG 3g.47gb     Device  0: (UUID: MIG-1fc0b39c-0e5c-5293-8e69-8691be8eb41b)
GPU 1: NVIDIA H100 NVL (UUID: GPU-81b07e0f-c85d-cc9d-082d-be967154a6a3)
  MIG 3g.47gb     Device  0: (UUID: MIG-15b492c7-a2d8-539b-9a68-80f83e4cd8f2)
  MIG 3g.47gb     Device  1: (UUID: MIG-4dafa48d-ea0e-5f28-904e-e3538fa0d235)
SELECTED_CUDA_VISIBLE_DEVICES=MIG-1fc0b39c-0e5c-5293-8e69-8691be8eb41b,MIG-15b492c7-a2d8-539b-9a68-80f83e4cd8f2
SELECTED_PARENT_ROW=GPU 0: NVIDIA H100 NVL (UUID: GPU-a148e266-a8ba-05de-c7f3-5875c534d4ea)	MIG-1fc0b39c-0e5c-5293-8e69-8691be8eb41b
SELECTED_PARENT_ROW=GPU 1: NVIDIA H100 NVL (UUID: GPU-81b07e0f-c85d-cc9d-082d-be967154a6a3)	MIG-15b492c7-a2d8-539b-9a68-80f83e4cd8f2
{"event": "driver_alive", "utc": 1790274381.8445542, "pid": 4061320}
[36m(SocialWorker(actor_train-0) pid=4063606)[0m [rank0]:[W925 02:26:30.300162872 CUDACachingAllocator.cpp:3933] memory allocation failed with OOM on device 0 while trying to allocate 501219328 bytes (free: 404684800, total: 49794777088).[32m [repeated 2x across cluster][0m
[36m(SocialWorker(actor_train-0) pid=4063606)[0m [rank0]:[W925 02:26:36.376539636 CUDACachingAllocator.cpp:3933] memory allocation failed with OOM on device 0 while trying to allocate 559939584 bytes (free: 138346496, total: 49794777088).[32m [repeated 2x across cluster][0m
[36m(SocialWorker(actor_train-0) pid=4063606)[0m [rank0]:[W925 02:26:42.774831405 CUDACachingAllocator.cpp:3933] memory allocation failed with OOM on device 0 while trying to allocate 624951296 bytes (free: 188678144, total: 49794777088).[32m [repeated 2x across cluster][0m
[36m(SocialWorker(actor_train-0) pid=4063606)[0m [rank0]:[W925 02:26:50.442442191 CUDACachingAllocator.cpp:3933] memory allocation failed with OOM on device 0 while trying to allocate 759169024 bytes (free: 517931008, total: 49794777088).[32m [repeated 4x across cluster][0m
{"event": "driver_alive", "utc": 1790274411.8447676, "pid": 4061320}
[36m(SocialWorker(actor_train-0) pid=4063606)[0m [rank0]:[W925 02:26:56.599624459 CUDACachingAllocator.cpp:3933] memory allocation failed with OOM on device 0 while trying to allocate 16091447296 bytes (free: 6299779072, total: 49794777088).[32m [repeated 2x across cluster][0m
[36m(SocialWorker(actor_train-0) pid=4063606)[0m Elapsed time: 35.6637 seconds[32m [repeated 16x across cluster][0m
{"phase": "optimizer_update", "event": "end", "utc": 1790274418.3466127, "seconds": 37.18447582516819}
[2026-09-25 02:26:58] [tracking.py (123)] [INFO] [DRIVER 0 / 1][PID 4061320] metrics_tag: {"step": 53, "metrics": {"rows": 114, "generated_tokens": 44392, "candidate_groups": 12, "skip_optimizer": false, "short_groups": 2, "behavior_actor_logprob_abs_mean": 0.02021758258342743, "behavior_actor_logprob_abs_max": 0.36970841884613037, "behavior_preupdate_clip_fraction": 0.009171076118946075, "behavior_probability_warning": 0, "memory/social/train/start/offload/allocated/0": 3.801344871520996, "memory/social/train/start/offload/reserved/0": 4.18359375, "memory/social/train/start/offload/max_allocated/0": 3.801344871520996, "memory/social/train/start/offload/max_reserved/0": 4.18359375, "memory/social/train/start/onload/allocated/0": 18.778045654296875, "memory/social/train/start/onload/reserved/0": 19.171875, "memory/social/train/start/onload/max_allocated/0": 18.78693675994873, "memory/social/train/start/onload/max_reserved/0": 19.171875, "memory/cpu/social/train/start/rss": 60.99382019042969, "memory/cpu/social/train/start/vms": 582.4015083312988, "memory/social/train/end/onload/allocated/0": 18.84054708480835, "memory/social/train/end/onload/reserved/0": 19.541015625, "memory/social/train/end/onload/max_allocated/0": 33.88170862197876, "memory/social/train/end/onload/max_reserved/0": 43.615234375, "memory/social/train/end/onload/max_allocated_frac/0": 0.7306028813364692, "memory/social/train/end/onload/max_reserved_frac/0": 0.9404902291105122, "memory/social/train/end/offload/allocated/0": 0.04605722427368164, "memory/social/train/end/offload/reserved/0": 0.435546875, "memory/social/train/end/offload/max_allocated/0": 33.88170862197876, "memory/social/train/end/offload/max_reserved/0": 43.615234375, "memory/cpu/social/train/end/rss": 60.99382019042969, "memory/cpu/social/train/end/vms": 574.9015083312988, "time/social/train/total": 36.920292009133846, "time/social/train/execute": 35.663727237377316, "time/social/train/onload": 0.40343029936775565, "time/social/train/offload": 0.8529395288787782, "actor/loss": 0.046069698538000615, "actor/task": -1.611573654308654e-05, "actor/protocol": 0.04550697837482419, "actor/kl_weighted": 0.0005788364566493934, "actor/clip_fraction": 0.01110781849393837, "actor_train/grad_norm": 0.9911997827362642, "actor/optimizer_steps_per_rollout": 1.0, "actor/accumulated_decisions": 114.0, "actor/microbatch_size": 1.0, "actor/zero_weight_padding_rows": 0.0, "system/step": 52, "training_response_tokens": 2553220, "recipe/reasoning_fixed_exposure": 1, "actor/applied_lr": 7.11947131103606e-07}}
{"phase": "checkpoint", "event": "begin", "utc": 1790274418.3553536}
[36m(SocialWorker(actor_train-0) pid=4063606)[0m [2026-09-25 02:26:58] [base_worker.py (417)] [INFO] [actor_train-0 0 / 2][PID 4063606] save checkpoint-52 to /home/e/e1300530/tmp/MARSHAL-d-resume-pinned-da0e670/runs/social_mixed/decomposed-seed42-878181/actor_train-0/checkpoint-52
[36m(SocialWorker(actor_train-0) pid=4063606)[0m [2026-09-25 02:26:58] [megatron_strategy.py (546)] [INFO] [actor_train-0 0 / 2][PID 4063606] save_dir: /home/e/e1300530/tmp/MARSHAL-d-resume-pinned-da0e670/runs/social_mixed/decomposed-seed42-878181/actor_train-0/checkpoint-52
[36m(SocialWorker(actor_train-1) pid=4063815)[0m [2026-09-25 02:27:12,562] [INFO] [mcore_adapter.models.model_factory]: Saving model checkpoint to /home/e/e1300530/tmp/MARSHAL-d-resume-pinned-da0e670/runs/social_mixed/decomposed-seed42-878181/actor_train-1/checkpoint-52/iter_0000001/mp_rank_01/model_optim_rng.pt
[36m(SocialWorker(actor_train-1) pid=4063815)[0m Elapsed time: 0.6913 seconds[32m [repeated 7x across cluster][0m
[36m(SocialWorker(actor_train-1) pid=4063815)[0m [2026-09-25 02:26:58] [base_worker.py (417)] [INFO] [actor_train-1 1 / 2][PID 4063815] save checkpoint-52 to /home/e/e1300530/tmp/MARSHAL-d-resume-pinned-da0e670/runs/social_mixed/decomposed-seed42-878181/actor_train-1/checkpoint-52
[36m(SocialWorker(actor_train-1) pid=4063815)[0m [2026-09-25 02:26:58] [megatron_strategy.py (546)] [INFO] [actor_train-1 1 / 2][PID 4063815] save_dir: /home/e/e1300530/tmp/MARSHAL-d-resume-pinned-da0e670/runs/social_mixed/decomposed-seed42-878181/actor_train-1/checkpoint-52
{"event": "driver_alive", "utc": 1790274441.8449955, "pid": 4061320}
{"event": "driver_alive", "utc": 1790274471.8452399, "pid": 4061320}
[36m(SocialWorker(actor_train-0) pid=4063606)[0m [2026-09-25 02:28:07] [upload_utils.py (32)] [INFO] [actor_train-0 0 / 2][PID 4063606] /home/e/e1300530/tmp/MARSHAL-d-resume-pinned-da0e670/runs/social_mixed/decomposed-seed42-878181/actor_train-0/checkpoint-52 save to /home/e/e1300530/tmp/MARSHAL-d-resume-pinned-da0e670/runs/social_mixed/decomposed-seed42-878181/checkpoints/checkpoint-52, wait...
[36m(SocialWorker(actor_train-0) pid=4063606)[0m [2026-09-25 02:28:07] [upload_utils.py (35)] [INFO] [actor_train-0 0 / 2][PID 4063606] /home/e/e1300530/tmp/MARSHAL-d-resume-pinned-da0e670/runs/social_mixed/decomposed-seed42-878181/actor_train-0/checkpoint-52 save to /home/e/e1300530/tmp/MARSHAL-d-resume-pinned-da0e670/runs/social_mixed/decomposed-seed42-878181/checkpoints/checkpoint-52, done...
[36m(SocialWorker(actor_train-0) pid=4063606)[0m [2026-09-25 02:27:12,720] [INFO] [mcore_adapter.models.model_factory]: Saving model checkpoint to /home/e/e1300530/tmp/MARSHAL-d-resume-pinned-da0e670/runs/social_mixed/decomposed-seed42-878181/actor_train-0/checkpoint-52/iter_0000001/mp_rank_00/model_optim_rng.pt
[36m(SocialWorker(actor_train-1) pid=4063815)[0m Elapsed time: 69.2134 seconds
[2026-09-25 02:28:07] [upload_utils.py (32)] [INFO] [DRIVER 0 / 1][PID 4061320] /home/e/e1300530/tmp/MARSHAL-d-resume-pinned-da0e670/runs/social_mixed/decomposed-seed42-878181/pipeline/checkpoint-52 save to /home/e/e1300530/tmp/MARSHAL-d-resume-pinned-da0e670/runs/social_mixed/decomposed-seed42-878181/checkpoints/checkpoint-52, wait...
[2026-09-25 02:28:07] [upload_utils.py (35)] [INFO] [DRIVER 0 / 1][PID 4061320] /home/e/e1300530/tmp/MARSHAL-d-resume-pinned-da0e670/runs/social_mixed/decomposed-seed42-878181/pipeline/checkpoint-52 save to /home/e/e1300530/tmp/MARSHAL-d-resume-pinned-da0e670/runs/social_mixed/decomposed-seed42-878181/checkpoints/checkpoint-52, done...
{"phase": "checkpoint", "event": "end", "utc": 1790274488.8775444, "seconds": 70.52219032915309}
[36m(SocialWorker(actor_train-1) pid=4063815)[0m [2026-09-25 02:28:07] [upload_utils.py (32)] [INFO] [actor_train-1 1 / 2][PID 4063815] /home/e/e1300530/tmp/MARSHAL-d-resume-pinned-da0e670/runs/social_mixed/decomposed-seed42-878181/actor_train-1/checkpoint-52 save to /home/e/e1300530/tmp/MARSHAL-d-resume-pinned-da0e670/runs/social_mixed/decomposed-seed42-878181/checkpoints/checkpoint-52, wait...
[36m(SocialWorker(actor_train-1) pid=4063815)[0m [2026-09-25 02:28:07] [upload_utils.py (35)] [INFO] [actor_train-1 1 / 2][PID 4063815] /home/e/e1300530/tmp/MARSHAL-d-resume-pinned-da0e670/runs/social_mixed/decomposed-seed42-878181/actor_train-1/checkpoint-52 save to /home/e/e1300530/tmp/MARSHAL-d-resume-pinned-da0e670/runs/social_mixed/decomposed-seed42-878181/checkpoints/checkpoint-52, done...
[36m(SocialWorker(actor_train-0) pid=4063606)[0m Elapsed time: 69.2480 seconds
[36m(SocialWorker(actor_train-1) pid=4063815)[0m [rank1]:[W925 02:26:56.599612571 CUDACachingAllocator.cpp:3933] memory allocation failed with OOM on device 0 while trying to allocate 16091447296 bytes (free: 6299779072, total: 49794777088).
