[2026-08-11 13:02:47] [model_providers.py (362)] [INFO] [reference-1 1 / 2][PID 1221186] init_kwargs: {'torch_dtype': torch.bfloat16, 'trust_remote_code': True, 'low_cpu_mem_usage': True, 'device_map': 'balanced'}
[2026-08-11 13:02:49] [hf_strategy.py (47)] [INFO] [reference-1 1 / 2][PID 1221186] Qwen3ForCausalLM(
  (model): Qwen3Model(
    (embed_tokens): Embedding(151936, 2560)
    (layers): ModuleList(
      (0-35): 36 x Qwen3DecoderLayer(
        (self_attn): Qwen3Attention(
          (q_proj): Linear(in_features=2560, out_features=4096, bias=False)
          (k_proj): Linear(in_features=2560, out_features=1024, bias=False)
          (v_proj): Linear(in_features=2560, out_features=1024, bias=False)
          (o_proj): Linear(in_features=4096, out_features=2560, bias=False)
          (q_norm): Qwen3RMSNorm((128,), eps=1e-06)
          (k_norm): Qwen3RMSNorm((128,), eps=1e-06)
        )
        (mlp): Qwen3MLP(
          (gate_proj): Linear(in_features=2560, out_features=9728, bias=False)
          (up_proj): Linear(in_features=2560, out_features=9728, bias=False)
          (down_proj): Linear(in_features=9728, out_features=2560, bias=False)
          (act_fn): SiLU()
        )
        (input_layernorm): Qwen3RMSNorm((2560,), eps=1e-06)
        (post_attention_layernorm): Qwen3RMSNorm((2560,), eps=1e-06)
      )
    )
    (norm): Qwen3RMSNorm((2560,), eps=1e-06)
    (rotary_emb): Qwen3RotaryEmbedding()
  )
  (lm_head): Linear(in_features=2560, out_features=151936, bias=False)
)
[2026-08-11 13:02:49] [base_worker.py (73)] [INFO] [reference-1 1 / 2][PID 1221186] reference-1 initialized
[2026-08-11 13:03:27] [context_managers.py (37)] [INFO] [reference-1 1 / 2][PID 1221186] reference/compute_log_probs_start_offload, memory allocated (GB): 0.0, memory reserved (GB): 0.0, memory max reserved (GB): 0.0, rss (GB): 8.813579559326172
[2026-08-11 13:03:27] [context_managers.py (37)] [INFO] [reference-1 1 / 2][PID 1221186] reference/compute_log_probs_start_onload, memory allocated (GB): 7.492448329925537, memory reserved (GB): 7.501953125, memory max reserved (GB): 7.501953125, rss (GB): 3.0789222717285156
[2026-08-11 13:03:28] [context_managers.py (37)] [INFO] [reference-1 1 / 2][PID 1221186] reference/compute_log_probs_end_onload, memory allocated (GB): 7.523759365081787, memory reserved (GB): 11.099609375, memory max reserved (GB): 11.099609375, rss (GB): 3.2443923950195312
[2026-08-11 13:03:30] [context_managers.py (37)] [INFO] [reference-1 1 / 2][PID 1221186] reference/compute_log_probs_end_offload, memory allocated (GB): 6.103515625e-05, memory reserved (GB): 0.001953125, memory max reserved (GB): 11.099609375, rss (GB): 10.365802764892578
[2026-08-11 13:03:59] [context_managers.py (37)] [INFO] [reference-1 1 / 2][PID 1221186] reference/compute_log_probs_start_offload, memory allocated (GB): 0.0, memory reserved (GB): 0.0, memory max reserved (GB): 0.0, rss (GB): 10.366180419921875
[2026-08-11 13:03:59] [context_managers.py (37)] [INFO] [reference-1 1 / 2][PID 1221186] reference/compute_log_probs_start_onload, memory allocated (GB): 7.492448329925537, memory reserved (GB): 7.501953125, memory max reserved (GB): 7.501953125, rss (GB): 3.616008758544922
[2026-08-11 13:04:00] [context_managers.py (37)] [INFO] [reference-1 1 / 2][PID 1221186] reference/compute_log_probs_end_onload, memory allocated (GB): 7.523759365081787, memory reserved (GB): 11.099609375, memory max reserved (GB): 11.099609375, rss (GB): 3.6160240173339844
[2026-08-11 13:04:02] [context_managers.py (37)] [INFO] [reference-1 1 / 2][PID 1221186] reference/compute_log_probs_end_offload, memory allocated (GB): 6.103515625e-05, memory reserved (GB): 0.001953125, memory max reserved (GB): 11.099609375, rss (GB): 10.632308959960938
[2026-08-11 13:04:25] [context_managers.py (37)] [INFO] [reference-1 1 / 2][PID 1221186] reference/compute_log_probs_start_offload, memory allocated (GB): 0.0, memory reserved (GB): 0.0, memory max reserved (GB): 0.0, rss (GB): 10.632404327392578
[2026-08-11 13:04:25] [context_managers.py (37)] [INFO] [reference-1 1 / 2][PID 1221186] reference/compute_log_probs_start_onload, memory allocated (GB): 7.492448329925537, memory reserved (GB): 7.501953125, memory max reserved (GB): 7.501953125, rss (GB): 3.870025634765625
[2026-08-11 13:04:26] [context_managers.py (37)] [INFO] [reference-1 1 / 2][PID 1221186] reference/compute_log_probs_end_onload, memory allocated (GB): 7.523759365081787, memory reserved (GB): 11.099609375, memory max reserved (GB): 11.099609375, rss (GB): 3.8700294494628906
[2026-08-11 13:04:28] [context_managers.py (37)] [INFO] [reference-1 1 / 2][PID 1221186] reference/compute_log_probs_end_offload, memory allocated (GB): 6.103515625e-05, memory reserved (GB): 0.001953125, memory max reserved (GB): 11.099609375, rss (GB): 10.634838104248047
[2026-08-11 13:04:48] [context_managers.py (37)] [INFO] [reference-1 1 / 2][PID 1221186] reference/compute_log_probs_start_offload, memory allocated (GB): 0.0, memory reserved (GB): 0.0, memory max reserved (GB): 0.0, rss (GB): 10.63491439819336
[2026-08-11 13:04:49] [context_managers.py (37)] [INFO] [reference-1 1 / 2][PID 1221186] reference/compute_log_probs_start_onload, memory allocated (GB): 7.492448329925537, memory reserved (GB): 7.501953125, memory max reserved (GB): 7.501953125, rss (GB): 4.241207122802734
[2026-08-11 13:04:49] [context_managers.py (37)] [INFO] [reference-1 1 / 2][PID 1221186] reference/compute_log_probs_end_onload, memory allocated (GB): 7.523759365081787, memory reserved (GB): 11.099609375, memory max reserved (GB): 11.099609375, rss (GB): 4.241218566894531
[2026-08-11 13:04:51] [context_managers.py (37)] [INFO] [reference-1 1 / 2][PID 1221186] reference/compute_log_probs_end_offload, memory allocated (GB): 6.103515625e-05, memory reserved (GB): 0.001953125, memory max reserved (GB): 11.099609375, rss (GB): 10.78872299194336
[2026-08-11 13:05:14] [context_managers.py (37)] [INFO] [reference-1 1 / 2][PID 1221186] reference/compute_log_probs_start_offload, memory allocated (GB): 0.0, memory reserved (GB): 0.0, memory max reserved (GB): 0.0, rss (GB): 10.788806915283203
[2026-08-11 13:05:15] [context_managers.py (37)] [INFO] [reference-1 1 / 2][PID 1221186] reference/compute_log_probs_start_onload, memory allocated (GB): 7.492448329925537, memory reserved (GB): 7.501953125, memory max reserved (GB): 7.501953125, rss (GB): 4.534271240234375
[2026-08-11 13:05:16] [context_managers.py (37)] [INFO] [reference-1 1 / 2][PID 1221186] reference/compute_log_probs_end_onload, memory allocated (GB): 7.523759365081787, memory reserved (GB): 11.099609375, memory max reserved (GB): 11.099609375, rss (GB): 4.534271240234375
[2026-08-11 13:05:17] [context_managers.py (37)] [INFO] [reference-1 1 / 2][PID 1221186] reference/compute_log_probs_end_offload, memory allocated (GB): 6.103515625e-05, memory reserved (GB): 0.001953125, memory max reserved (GB): 11.099609375, rss (GB): 10.76436996459961
[2026-08-11 13:05:56] [context_managers.py (37)] [INFO] [reference-1 1 / 2][PID 1221186] reference/compute_log_probs_start_offload, memory allocated (GB): 0.0, memory reserved (GB): 0.0, memory max reserved (GB): 0.0, rss (GB): 10.764457702636719
