[2026-08-11 13:02:01] [checkpoint_manager.py (55)] [INFO] [actor_train-0 0 / 2][PID 1220405] checkpoint_config: {}
[2026-08-11 13:02:01] [megatron_strategy.py (61)] [INFO] [actor_train-0 0 / 2][PID 1220405] training_args: {'output_dir': './runs/geography_counterfactual_distance3/725817-20260811-125845', 'max_steps': 40, 'num_train_epochs': 1.0, 'learning_rate': 1e-06, 'lr_scheduler_type': 'cosine_with_min_lr', 'weight_decay': 0.05, 'adam_beta1': 0.9, 'adam_beta2': 0.95, 'per_device_train_batch_size': 1, 'gradient_accumulation_steps': 4, 'seed': 42, 'data_seed': None, 'dataloader_num_workers': 0, 'fp16': False, 'bf16': True, 'tf32': None, 'warmup_ratio': 0.03, 'warmup_steps': 0, 'sequence_parallel': True, 'tensor_model_parallel_size': 2, 'pipeline_model_parallel_size': 1, 'expert_model_parallel_size': 1, 'use_distributed_optimizer': True, 'recompute_granularity': 'full', 'accumulate_allreduce_grads_in_fp32': True, 'check_for_nan_in_loss_and_grad': False, 'max_grad_norm': 1.0}
[2026-08-11 13:02:19] [megatron_strategy.py (306)] [INFO] [actor_train-0 0 / 2][PID 1220405] megatron optimizer: <megatron.core.optimizer.distrib_optimizer.DistributedOptimizer object at 0x7e263c134220>
[2026-08-11 13:02:19] [megatron_strategy.py (319)] [INFO] [actor_train-0 0 / 2][PID 1220405] max steps pipeline 40
[2026-08-11 13:02:19] [megatron_strategy.py (324)] [INFO] [actor_train-0 0 / 2][PID 1220405] max steps worker train 40
[2026-08-11 13:02:19] [megatron_strategy.py (351)] [INFO] [actor_train-0 0 / 2][PID 1220405] [DistributedDataParallel(
  (module): McaGPTModel(
    (embedding): LanguageModelEmbedding(
      (word_embeddings): VocabParallelEmbedding()
      (embedding_dropout): Dropout(p=0.0, inplace=False)
    )
    (rotary_pos_emb): RotaryEmbedding()
    (decoder): TransformerBlock(
      (layers): ModuleList(
        (0-35): 36 x TransformerLayer(
          (input_layernorm): IdentityOp()
          (self_attention): SelfAttention(
            (core_attention): TEDotProductAttention(
              (flash_attention): FlashAttention()
              (fused_attention): FusedAttention()
              (unfused_attention): UnfusedDotProductAttention(
                (scale_mask_softmax): FusedScaleMaskSoftmax()
                (attention_dropout): Dropout(p=0.0, inplace=False)
              )
            )
            (linear_proj): TERowParallelLinear(in_features=2048, out_features=2560, bias=False, TP=2)
            (linear_qkv): TELayerNormColumnParallelLinear(in_features=2560, out_features=3072, bias=False, TP=2)
            (q_layernorm): RMSNorm()
            (k_layernorm): RMSNorm()
          )
          (pre_cross_attn_layernorm): IdentityOp()
          (cross_attention): IdentityOp()
          (cross_attn_bda): IdentityFuncOp()
          (pre_mlp_layernorm): IdentityOp()
          (mlp): MLP(
            (linear_fc1): TELayerNormColumnParallelLinear(in_features=2560, out_features=9728, bias=False, TP=2)
            (linear_fc2): TERowParallelLinear(in_features=4864, out_features=2560, bias=False, TP=2)
          )
        )
      )
      (final_layernorm): RMSNorm()
    )
    (output_layer): ColumnParallelLinear(in_features=2560, out_features=151936, bias=False, TP=2)
  )
)]
[2026-08-11 13:02:19] [base_worker.py (73)] [INFO] [actor_train-0 0 / 2][PID 1220405] actor_train-0 initialized
[2026-08-11 13:02:51] [strategy.py (171)] [INFO] [actor_train-0 0 / 2][PID 1220405] warmup setup_collective_group: model_update_actor_train_0_to_actor_infer_(1,0) rank: 0 world_size: 2
[2026-08-11 13:02:51] [context_managers.py (37)] [INFO] [actor_train-0 0 / 2][PID 1220405] actor_train/model_update_start_offload, memory allocated (GB): 1.9073486328125e-06, memory reserved (GB): 0.001953125, memory max reserved (GB): 0.001953125, rss (GB): 13.518974304199219
[2026-08-11 13:02:52] [context_managers.py (37)] [INFO] [actor_train-0 0 / 2][PID 1220405] actor_train/model_update_start_onload, memory allocated (GB): 3.7463998794555664, memory reserved (GB): 3.751953125, memory max reserved (GB): 3.751953125, rss (GB): 13.51898193359375
[2026-08-11 13:02:53] [context_managers.py (37)] [INFO] [actor_train-0 0 / 2][PID 1220405] actor_train/model_update_end_onload, memory allocated (GB): 3.7463998794555664, memory reserved (GB): 6.173828125, memory max reserved (GB): 6.173828125, rss (GB): 13.595169067382812
[2026-08-11 13:02:54] [context_managers.py (37)] [INFO] [actor_train-0 0 / 2][PID 1220405] actor_train/model_update_end_offload, memory allocated (GB): 1.9073486328125e-06, memory reserved (GB): 0.001953125, memory max reserved (GB): 6.173828125, rss (GB): 13.595195770263672
[2026-08-11 13:03:30] [context_managers.py (37)] [INFO] [actor_train-0 0 / 2][PID 1220405] actor_train/compute_log_probs_start_offload, memory allocated (GB): 1.9073486328125e-06, memory reserved (GB): 0.021484375, memory max reserved (GB): 0.021484375, rss (GB): 13.643699645996094
[2026-08-11 13:03:30] [context_managers.py (37)] [INFO] [actor_train-0 0 / 2][PID 1220405] actor_train/compute_log_probs_start_onload, memory allocated (GB): 3.7463998794555664, memory reserved (GB): 3.751953125, memory max reserved (GB): 3.751953125, rss (GB): 13.643699645996094
[2026-08-11 13:03:34] [context_managers.py (37)] [INFO] [actor_train-0 0 / 2][PID 1220405] actor_train/compute_log_probs_end_onload, memory allocated (GB): 3.8110365867614746, memory reserved (GB): 5.61328125, memory max reserved (GB): 5.61328125, rss (GB): 14.126941680908203
[2026-08-11 13:03:34] [context_managers.py (37)] [INFO] [actor_train-0 0 / 2][PID 1220405] actor_train/compute_log_probs_end_offload, memory allocated (GB): 3.8110365867614746, memory reserved (GB): 5.61328125, memory max reserved (GB): 5.61328125, rss (GB): 14.126991271972656
[2026-08-11 13:03:35] [base_worker.py (91)] [INFO] [actor_train-0 0 / 2][PID 1220405] actor_train-0 generate global step 0
[2026-08-11 13:03:35] [context_managers.py (37)] [INFO] [actor_train-0 0 / 2][PID 1220405] actor_train/train_step_start_offload, memory allocated (GB): 3.7796034812927246, memory reserved (GB): 3.83203125, memory max reserved (GB): 3.83203125, rss (GB): 14.13516616821289
[2026-08-11 13:03:35] [context_managers.py (37)] [INFO] [actor_train-0 0 / 2][PID 1220405] actor_train/train_step_start_onload, memory allocated (GB): 18.76324224472046, memory reserved (GB): 18.79296875, memory max reserved (GB): 18.8125, rss (GB): 14.135196685791016
[2026-08-11 13:03:44] [context_managers.py (37)] [INFO] [actor_train-0 0 / 2][PID 1220405] actor_train/train_step_end_onload, memory allocated (GB): 18.8478684425354, memory reserved (GB): 18.951171875, memory max reserved (GB): 35.67578125, rss (GB): 30.349658966064453
[2026-08-11 13:03:44] [context_managers.py (37)] [INFO] [actor_train-0 0 / 2][PID 1220405] actor_train/train_step_end_offload, memory allocated (GB): 18.8478684425354, memory reserved (GB): 18.951171875, memory max reserved (GB): 35.67578125, rss (GB): 30.349658966064453
[2026-08-11 13:03:47] [context_managers.py (37)] [INFO] [actor_train-0 0 / 2][PID 1220405] actor_train/model_update_start_offload, memory allocated (GB): 0.050783634185791016, memory reserved (GB): 0.1015625, memory max reserved (GB): 0.1015625, rss (GB): 30.349700927734375
[2026-08-11 13:03:47] [context_managers.py (37)] [INFO] [actor_train-0 0 / 2][PID 1220405] actor_train/model_update_start_onload, memory allocated (GB): 3.7971816062927246, memory reserved (GB): 3.8515625, memory max reserved (GB): 3.8515625, rss (GB): 30.349700927734375
[2026-08-11 13:03:48] [context_managers.py (37)] [INFO] [actor_train-0 0 / 2][PID 1220405] actor_train/model_update_end_onload, memory allocated (GB): 3.7971816062927246, memory reserved (GB): 6.29296875, memory max reserved (GB): 6.29296875, rss (GB): 30.349777221679688
[2026-08-11 13:03:49] [context_managers.py (37)] [INFO] [actor_train-0 0 / 2][PID 1220405] actor_train/model_update_end_offload, memory allocated (GB): 0.050783634185791016, memory reserved (GB): 0.1015625, memory max reserved (GB): 6.29296875, rss (GB): 30.34982681274414
[2026-08-11 13:04:02] [context_managers.py (37)] [INFO] [actor_train-0 0 / 2][PID 1220405] actor_train/compute_log_probs_start_offload, memory allocated (GB): 0.050783634185791016, memory reserved (GB): 0.1015625, memory max reserved (GB): 0.1015625, rss (GB): 30.35403823852539
[2026-08-11 13:04:02] [context_managers.py (37)] [INFO] [actor_train-0 0 / 2][PID 1220405] actor_train/compute_log_probs_start_onload, memory allocated (GB): 3.7971816062927246, memory reserved (GB): 3.8515625, memory max reserved (GB): 3.8515625, rss (GB): 30.35403823852539
[2026-08-11 13:04:03] [context_managers.py (37)] [INFO] [actor_train-0 0 / 2][PID 1220405] actor_train/compute_log_probs_end_onload, memory allocated (GB): 3.8305678367614746, memory reserved (GB): 5.65234375, memory max reserved (GB): 5.65234375, rss (GB): 30.354042053222656
[2026-08-11 13:04:03] [context_managers.py (37)] [INFO] [actor_train-0 0 / 2][PID 1220405] actor_train/compute_log_probs_end_offload, memory allocated (GB): 3.8305678367614746, memory reserved (GB): 5.65234375, memory max reserved (GB): 5.65234375, rss (GB): 30.354042053222656
[2026-08-11 13:04:04] [base_worker.py (91)] [INFO] [actor_train-0 0 / 2][PID 1220405] actor_train-0 generate global step 1
[2026-08-11 13:04:04] [context_managers.py (37)] [INFO] [actor_train-0 0 / 2][PID 1220405] actor_train/train_step_start_offload, memory allocated (GB): 3.7991347312927246, memory reserved (GB): 3.8515625, memory max reserved (GB): 3.8515625, rss (GB): 30.355186462402344
[2026-08-11 13:04:30] [base_worker.py (91)] [INFO] [actor_train-0 0 / 2][PID 1220405] actor_train-0 generate global step 2
[2026-08-11 13:04:53] [base_worker.py (91)] [INFO] [actor_train-0 0 / 2][PID 1220405] actor_train-0 generate global step 3
[2026-08-11 13:05:19] [base_worker.py (91)] [INFO] [actor_train-0 0 / 2][PID 1220405] actor_train-0 generate global step 4
[2026-08-11 13:06:01] [base_worker.py (91)] [INFO] [actor_train-0 0 / 2][PID 1220405] actor_train-0 generate global step 5
[2026-08-11 13:06:27] [base_worker.py (91)] [INFO] [actor_train-0 0 / 2][PID 1220405] actor_train-0 generate global step 6
[2026-08-11 13:06:55] [base_worker.py (91)] [INFO] [actor_train-0 0 / 2][PID 1220405] actor_train-0 generate global step 7
[2026-08-11 13:07:21] [base_worker.py (91)] [INFO] [actor_train-0 0 / 2][PID 1220405] actor_train-0 generate global step 8
[2026-08-11 13:07:48] [base_worker.py (91)] [INFO] [actor_train-0 0 / 2][PID 1220405] actor_train-0 generate global step 9
[2026-08-11 13:08:27] [base_worker.py (91)] [INFO] [actor_train-0 0 / 2][PID 1220405] actor_train-0 generate global step 10
[2026-08-11 13:08:55] [base_worker.py (91)] [INFO] [actor_train-0 0 / 2][PID 1220405] actor_train-0 generate global step 11
[2026-08-11 13:09:17] [base_worker.py (91)] [INFO] [actor_train-0 0 / 2][PID 1220405] actor_train-0 generate global step 12
[2026-08-11 13:09:42] [base_worker.py (91)] [INFO] [actor_train-0 0 / 2][PID 1220405] actor_train-0 generate global step 13
[2026-08-11 13:10:09] [base_worker.py (91)] [INFO] [actor_train-0 0 / 2][PID 1220405] actor_train-0 generate global step 14
[2026-08-11 13:10:55] [base_worker.py (91)] [INFO] [actor_train-0 0 / 2][PID 1220405] actor_train-0 generate global step 15
[2026-08-11 13:11:23] [base_worker.py (91)] [INFO] [actor_train-0 0 / 2][PID 1220405] actor_train-0 generate global step 16
[2026-08-11 13:11:50] [base_worker.py (91)] [INFO] [actor_train-0 0 / 2][PID 1220405] actor_train-0 generate global step 17
[2026-08-11 13:12:14] [base_worker.py (91)] [INFO] [actor_train-0 0 / 2][PID 1220405] actor_train-0 generate global step 18
[2026-08-11 13:12:38] [base_worker.py (91)] [INFO] [actor_train-0 0 / 2][PID 1220405] actor_train-0 generate global step 19
