[2026-08-13 13:48:33] [model_providers.py (362)] [INFO] [reference-0 0 / 2][PID 1549512] init_kwargs: {'torch_dtype': torch.bfloat16, 'trust_remote_code': True, 'low_cpu_mem_usage': True, 'device_map': 'balanced'}
[2026-08-13 13:48:35] [hf_strategy.py (47)] [INFO] [reference-0 0 / 2][PID 1549512] Qwen3ForCausalLM(
  (model): Qwen3Model(
    (embed_tokens): Embedding(151936, 2560)
    (layers): ModuleList(
      (0-35): 36 x Qwen3DecoderLayer(
        (self_attn): Qwen3Attention(
          (q_proj): Linear(in_features=2560, out_features=4096, bias=False)
          (k_proj): Linear(in_features=2560, out_features=1024, bias=False)
          (v_proj): Linear(in_features=2560, out_features=1024, bias=False)
          (o_proj): Linear(in_features=4096, out_features=2560, bias=False)
          (q_norm): Qwen3RMSNorm((128,), eps=1e-06)
          (k_norm): Qwen3RMSNorm((128,), eps=1e-06)
        )
        (mlp): Qwen3MLP(
          (gate_proj): Linear(in_features=2560, out_features=9728, bias=False)
          (up_proj): Linear(in_features=2560, out_features=9728, bias=False)
          (down_proj): Linear(in_features=9728, out_features=2560, bias=False)
          (act_fn): SiLU()
        )
        (input_layernorm): Qwen3RMSNorm((2560,), eps=1e-06)
        (post_attention_layernorm): Qwen3RMSNorm((2560,), eps=1e-06)
      )
    )
    (norm): Qwen3RMSNorm((2560,), eps=1e-06)
    (rotary_emb): Qwen3RotaryEmbedding()
  )
  (lm_head): Linear(in_features=2560, out_features=151936, bias=False)
)
[2026-08-13 13:48:35] [base_worker.py (73)] [INFO] [reference-0 0 / 2][PID 1549512] reference-0 initialized
[2026-08-13 13:49:36] [context_managers.py (37)] [INFO] [reference-0 0 / 2][PID 1549512] reference/compute_log_probs_start_offload, memory allocated (GB): 0.0, memory reserved (GB): 0.0, memory max reserved (GB): 0.0, rss (GB): 8.859134674072266
[2026-08-13 13:49:38] [context_managers.py (37)] [INFO] [reference-0 0 / 2][PID 1549512] reference/compute_log_probs_start_onload, memory allocated (GB): 7.492448329925537, memory reserved (GB): 7.501953125, memory max reserved (GB): 7.501953125, rss (GB): 3.1258163452148438
[2026-08-13 13:49:52] [context_managers.py (37)] [INFO] [reference-0 0 / 2][PID 1549512] reference/compute_log_probs_end_onload, memory allocated (GB): 7.524674892425537, memory reserved (GB): 11.138671875, memory max reserved (GB): 11.138671875, rss (GB): 3.2654647827148438
[2026-08-13 13:49:56] [context_managers.py (37)] [INFO] [reference-0 0 / 2][PID 1549512] reference/compute_log_probs_end_offload, memory allocated (GB): 0.0009765625, memory reserved (GB): 0.00390625, memory max reserved (GB): 11.138671875, rss (GB): 10.404136657714844
[2026-08-13 13:52:01] [context_managers.py (37)] [INFO] [reference-0 0 / 2][PID 1549512] reference/compute_log_probs_start_offload, memory allocated (GB): 0.0, memory reserved (GB): 0.0, memory max reserved (GB): 0.0, rss (GB): 10.409019470214844
[2026-08-13 13:52:02] [context_managers.py (37)] [INFO] [reference-0 0 / 2][PID 1549512] reference/compute_log_probs_start_onload, memory allocated (GB): 7.492448329925537, memory reserved (GB): 7.501953125, memory max reserved (GB): 7.501953125, rss (GB): 4.010475158691406
[2026-08-13 13:52:16] [context_managers.py (37)] [INFO] [reference-0 0 / 2][PID 1549512] reference/compute_log_probs_end_onload, memory allocated (GB): 7.524674892425537, memory reserved (GB): 11.138671875, memory max reserved (GB): 11.138671875, rss (GB): 3.65985107421875
[2026-08-13 13:52:20] [context_managers.py (37)] [INFO] [reference-0 0 / 2][PID 1549512] reference/compute_log_probs_end_offload, memory allocated (GB): 0.0009765625, memory reserved (GB): 0.00390625, memory max reserved (GB): 11.138671875, rss (GB): 10.66668701171875
[2026-08-13 13:54:08] [context_managers.py (37)] [INFO] [reference-0 0 / 2][PID 1549512] reference/compute_log_probs_start_offload, memory allocated (GB): 0.0, memory reserved (GB): 0.0, memory max reserved (GB): 0.0, rss (GB): 10.66766357421875
[2026-08-13 13:54:08] [context_managers.py (37)] [INFO] [reference-0 0 / 2][PID 1549512] reference/compute_log_probs_start_onload, memory allocated (GB): 7.492448329925537, memory reserved (GB): 7.501953125, memory max reserved (GB): 7.501953125, rss (GB): 4.089195251464844
[2026-08-13 13:54:23] [context_managers.py (37)] [INFO] [reference-0 0 / 2][PID 1549512] reference/compute_log_probs_end_onload, memory allocated (GB): 7.524674892425537, memory reserved (GB): 11.138671875, memory max reserved (GB): 11.138671875, rss (GB): 3.7576141357421875
[2026-08-13 13:54:26] [context_managers.py (37)] [INFO] [reference-0 0 / 2][PID 1549512] reference/compute_log_probs_end_offload, memory allocated (GB): 0.0009765625, memory reserved (GB): 0.00390625, memory max reserved (GB): 11.138671875, rss (GB): 10.483200073242188
[2026-08-13 13:56:27] [context_managers.py (37)] [INFO] [reference-0 0 / 2][PID 1549512] reference/compute_log_probs_start_offload, memory allocated (GB): 0.0, memory reserved (GB): 0.0, memory max reserved (GB): 0.0, rss (GB): 10.483200073242188
[2026-08-13 13:56:28] [context_managers.py (37)] [INFO] [reference-0 0 / 2][PID 1549512] reference/compute_log_probs_start_onload, memory allocated (GB): 7.492448329925537, memory reserved (GB): 7.501953125, memory max reserved (GB): 7.501953125, rss (GB): 4.070423126220703
[2026-08-13 13:56:42] [context_managers.py (37)] [INFO] [reference-0 0 / 2][PID 1549512] reference/compute_log_probs_end_onload, memory allocated (GB): 7.524674892425537, memory reserved (GB): 11.138671875, memory max reserved (GB): 11.138671875, rss (GB): 4.070423126220703
[2026-08-13 13:56:46] [context_managers.py (37)] [INFO] [reference-0 0 / 2][PID 1549512] reference/compute_log_probs_end_offload, memory allocated (GB): 0.0009765625, memory reserved (GB): 0.00390625, memory max reserved (GB): 11.138671875, rss (GB): 10.805774688720703
[2026-08-13 13:58:35] [context_managers.py (37)] [INFO] [reference-0 0 / 2][PID 1549512] reference/compute_log_probs_start_offload, memory allocated (GB): 0.0, memory reserved (GB): 0.0, memory max reserved (GB): 0.0, rss (GB): 10.805774688720703
[2026-08-13 13:58:36] [context_managers.py (37)] [INFO] [reference-0 0 / 2][PID 1549512] reference/compute_log_probs_start_onload, memory allocated (GB): 7.492448329925537, memory reserved (GB): 7.501953125, memory max reserved (GB): 7.501953125, rss (GB): 3.5609169006347656
[2026-08-13 13:58:50] [context_managers.py (37)] [INFO] [reference-0 0 / 2][PID 1549512] reference/compute_log_probs_end_onload, memory allocated (GB): 7.524674892425537, memory reserved (GB): 11.138671875, memory max reserved (GB): 11.138671875, rss (GB): 3.2703514099121094
[2026-08-13 13:58:54] [context_managers.py (37)] [INFO] [reference-0 0 / 2][PID 1549512] reference/compute_log_probs_end_offload, memory allocated (GB): 0.0009765625, memory reserved (GB): 0.00390625, memory max reserved (GB): 11.138671875, rss (GB): 10.40999984741211
[2026-08-13 14:00:45] [context_managers.py (37)] [INFO] [reference-0 0 / 2][PID 1549512] reference/compute_log_probs_start_offload, memory allocated (GB): 0.0, memory reserved (GB): 0.0, memory max reserved (GB): 0.0, rss (GB): 10.40999984741211
