[2026-08-13 13:47:45] [checkpoint_manager.py (55)] [INFO] [actor_train-1 1 / 2][PID 1549102] checkpoint_config: {}
[2026-08-13 13:47:45] [megatron_strategy.py (61)] [INFO] [actor_train-1 1 / 2][PID 1549102] training_args: {'output_dir': './runs/geography_counterfactual_distance3_5/729401-20260813-134316', 'max_steps': 800, 'num_train_epochs': 1.0, 'learning_rate': 1e-06, 'lr_scheduler_type': 'cosine_with_min_lr', 'weight_decay': 0.05, 'adam_beta1': 0.9, 'adam_beta2': 0.95, 'per_device_train_batch_size': 1, 'gradient_accumulation_steps': 16, 'seed': 42, 'data_seed': None, 'dataloader_num_workers': 0, 'fp16': False, 'bf16': True, 'tf32': None, 'warmup_ratio': 0.03, 'warmup_steps': 10, 'sequence_parallel': True, 'tensor_model_parallel_size': 2, 'pipeline_model_parallel_size': 1, 'expert_model_parallel_size': 1, 'use_distributed_optimizer': True, 'recompute_granularity': 'full', 'accumulate_allreduce_grads_in_fp32': True, 'check_for_nan_in_loss_and_grad': False, 'max_grad_norm': 1.0}
[2026-08-13 13:47:50] [megatron_strategy.py (306)] [INFO] [actor_train-1 1 / 2][PID 1549102] megatron optimizer: <megatron.core.optimizer.distrib_optimizer.DistributedOptimizer object at 0x7d2438160070>
[2026-08-13 13:47:50] [megatron_strategy.py (319)] [INFO] [actor_train-1 1 / 2][PID 1549102] max steps pipeline 800
[2026-08-13 13:47:50] [megatron_strategy.py (324)] [INFO] [actor_train-1 1 / 2][PID 1549102] max steps worker train 800
[2026-08-13 13:47:50] [megatron_strategy.py (351)] [INFO] [actor_train-1 1 / 2][PID 1549102] [DistributedDataParallel(
  (module): McaGPTModel(
    (embedding): LanguageModelEmbedding(
      (word_embeddings): VocabParallelEmbedding()
      (embedding_dropout): Dropout(p=0.0, inplace=False)
    )
    (rotary_pos_emb): RotaryEmbedding()
    (decoder): TransformerBlock(
      (layers): ModuleList(
        (0-35): 36 x TransformerLayer(
          (input_layernorm): IdentityOp()
          (self_attention): SelfAttention(
            (core_attention): TEDotProductAttention(
              (flash_attention): FlashAttention()
              (fused_attention): FusedAttention()
              (unfused_attention): UnfusedDotProductAttention(
                (scale_mask_softmax): FusedScaleMaskSoftmax()
                (attention_dropout): Dropout(p=0.0, inplace=False)
              )
            )
            (linear_proj): TERowParallelLinear(in_features=2048, out_features=2560, bias=False, TP=2)
            (linear_qkv): TELayerNormColumnParallelLinear(in_features=2560, out_features=3072, bias=False, TP=2)
            (q_layernorm): RMSNorm()
            (k_layernorm): RMSNorm()
          )
          (pre_cross_attn_layernorm): IdentityOp()
          (cross_attention): IdentityOp()
          (cross_attn_bda): IdentityFuncOp()
          (pre_mlp_layernorm): IdentityOp()
          (mlp): MLP(
            (linear_fc1): TELayerNormColumnParallelLinear(in_features=2560, out_features=9728, bias=False, TP=2)
            (linear_fc2): TERowParallelLinear(in_features=4864, out_features=2560, bias=False, TP=2)
          )
        )
      )
      (final_layernorm): RMSNorm()
    )
    (output_layer): ColumnParallelLinear(in_features=2560, out_features=151936, bias=False, TP=2)
  )
)]
[2026-08-13 13:47:50] [base_worker.py (73)] [INFO] [actor_train-1 1 / 2][PID 1549102] actor_train-1 initialized
[2026-08-13 13:48:40] [strategy.py (171)] [INFO] [actor_train-1 1 / 2][PID 1549102] warmup setup_collective_group: model_update_actor_train_1_to_actor_infer_(0,0) rank: 0 world_size: 2
[2026-08-13 13:48:41] [context_managers.py (37)] [INFO] [actor_train-1 1 / 2][PID 1549102] actor_train/model_update_start_offload, memory allocated (GB): 1.9073486328125e-06, memory reserved (GB): 0.001953125, memory max reserved (GB): 0.001953125, rss (GB): 13.501022338867188
[2026-08-13 13:48:41] [context_managers.py (37)] [INFO] [actor_train-1 1 / 2][PID 1549102] actor_train/model_update_start_onload, memory allocated (GB): 3.7463998794555664, memory reserved (GB): 3.751953125, memory max reserved (GB): 3.751953125, rss (GB): 13.501022338867188
[2026-08-13 13:48:42] [context_managers.py (37)] [INFO] [actor_train-1 1 / 2][PID 1549102] actor_train/model_update_end_onload, memory allocated (GB): 3.7463998794555664, memory reserved (GB): 6.173828125, memory max reserved (GB): 6.173828125, rss (GB): 13.577194213867188
[2026-08-13 13:48:44] [context_managers.py (37)] [INFO] [actor_train-1 1 / 2][PID 1549102] actor_train/model_update_end_offload, memory allocated (GB): 1.9073486328125e-06, memory reserved (GB): 0.001953125, memory max reserved (GB): 6.173828125, rss (GB): 13.577194213867188
[2026-08-13 13:49:57] [context_managers.py (37)] [INFO] [actor_train-1 1 / 2][PID 1549102] actor_train/compute_log_probs_start_offload, memory allocated (GB): 1.9073486328125e-06, memory reserved (GB): 0.041015625, memory max reserved (GB): 0.041015625, rss (GB): 13.715435028076172
[2026-08-13 13:49:58] [context_managers.py (37)] [INFO] [actor_train-1 1 / 2][PID 1549102] actor_train/compute_log_probs_start_onload, memory allocated (GB): 3.7463998794555664, memory reserved (GB): 3.751953125, memory max reserved (GB): 3.751953125, rss (GB): 13.715435028076172
[2026-08-13 13:50:16] [context_managers.py (37)] [INFO] [actor_train-1 1 / 2][PID 1549102] actor_train/compute_log_probs_end_onload, memory allocated (GB): 3.846498966217041, memory reserved (GB): 5.669921875, memory max reserved (GB): 5.669921875, rss (GB): 14.112895965576172
[2026-08-13 13:50:16] [context_managers.py (37)] [INFO] [actor_train-1 1 / 2][PID 1549102] actor_train/compute_log_probs_end_offload, memory allocated (GB): 3.846498966217041, memory reserved (GB): 5.669921875, memory max reserved (GB): 5.669921875, rss (GB): 14.112895965576172
[2026-08-13 13:50:16] [base_worker.py (91)] [INFO] [actor_train-1 1 / 2][PID 1549102] actor_train-1 generate global step 0
[2026-08-13 13:50:16] [context_managers.py (37)] [INFO] [actor_train-1 1 / 2][PID 1549102] actor_train/train_step_start_offload, memory allocated (GB): 3.7796034812927246, memory reserved (GB): 3.873046875, memory max reserved (GB): 3.873046875, rss (GB): 14.112895965576172
[2026-08-13 13:50:17] [context_managers.py (37)] [INFO] [actor_train-1 1 / 2][PID 1549102] actor_train/train_step_start_onload, memory allocated (GB): 18.76324224472046, memory reserved (GB): 18.79296875, memory max reserved (GB): 18.853515625, rss (GB): 14.113872528076172
[2026-08-13 13:51:27] [context_managers.py (37)] [INFO] [actor_train-1 1 / 2][PID 1549102] actor_train/train_step_end_onload, memory allocated (GB): 18.8906831741333, memory reserved (GB): 18.982421875, memory max reserved (GB): 35.763671875, rss (GB): 30.331668853759766
[2026-08-13 13:51:27] [context_managers.py (37)] [INFO] [actor_train-1 1 / 2][PID 1549102] actor_train/train_step_end_offload, memory allocated (GB): 18.8906831741333, memory reserved (GB): 18.982421875, memory max reserved (GB): 35.763671875, rss (GB): 30.331668853759766
[2026-08-13 13:51:32] [context_managers.py (37)] [INFO] [actor_train-1 1 / 2][PID 1549102] actor_train/model_update_start_offload, memory allocated (GB): 0.050783634185791016, memory reserved (GB): 0.1015625, memory max reserved (GB): 0.1015625, rss (GB): 30.331668853759766
[2026-08-13 13:51:32] [context_managers.py (37)] [INFO] [actor_train-1 1 / 2][PID 1549102] actor_train/model_update_start_onload, memory allocated (GB): 3.7971816062927246, memory reserved (GB): 3.8515625, memory max reserved (GB): 3.8515625, rss (GB): 30.331668853759766
[2026-08-13 13:51:34] [context_managers.py (37)] [INFO] [actor_train-1 1 / 2][PID 1549102] actor_train/model_update_end_onload, memory allocated (GB): 3.7971816062927246, memory reserved (GB): 6.33203125, memory max reserved (GB): 6.33203125, rss (GB): 30.331668853759766
[2026-08-13 13:51:35] [context_managers.py (37)] [INFO] [actor_train-1 1 / 2][PID 1549102] actor_train/model_update_end_offload, memory allocated (GB): 0.050783634185791016, memory reserved (GB): 0.1015625, memory max reserved (GB): 6.33203125, rss (GB): 30.331668853759766
[2026-08-13 13:52:22] [context_managers.py (37)] [INFO] [actor_train-1 1 / 2][PID 1549102] actor_train/compute_log_probs_start_offload, memory allocated (GB): 0.050783634185791016, memory reserved (GB): 0.140625, memory max reserved (GB): 0.140625, rss (GB): 30.40190887451172
[2026-08-13 13:52:22] [context_managers.py (37)] [INFO] [actor_train-1 1 / 2][PID 1549102] actor_train/compute_log_probs_start_onload, memory allocated (GB): 3.7971816062927246, memory reserved (GB): 3.8515625, memory max reserved (GB): 3.8515625, rss (GB): 30.40190887451172
[2026-08-13 13:52:37] [context_managers.py (37)] [INFO] [actor_train-1 1 / 2][PID 1549102] actor_train/compute_log_probs_end_onload, memory allocated (GB): 3.866030216217041, memory reserved (GB): 5.728515625, memory max reserved (GB): 5.728515625, rss (GB): 30.33212661743164
[2026-08-13 13:52:37] [context_managers.py (37)] [INFO] [actor_train-1 1 / 2][PID 1549102] actor_train/compute_log_probs_end_offload, memory allocated (GB): 3.866030216217041, memory reserved (GB): 5.728515625, memory max reserved (GB): 5.728515625, rss (GB): 30.33212661743164
[2026-08-13 13:52:38] [base_worker.py (91)] [INFO] [actor_train-1 1 / 2][PID 1549102] actor_train-1 generate global step 1
[2026-08-13 13:52:38] [context_managers.py (37)] [INFO] [actor_train-1 1 / 2][PID 1549102] actor_train/train_step_start_offload, memory allocated (GB): 3.7991347312927246, memory reserved (GB): 3.873046875, memory max reserved (GB): 3.873046875, rss (GB): 30.33212661743164
[2026-08-13 13:54:44] [base_worker.py (91)] [INFO] [actor_train-1 1 / 2][PID 1549102] actor_train-1 generate global step 2
[2026-08-13 13:57:03] [base_worker.py (91)] [INFO] [actor_train-1 1 / 2][PID 1549102] actor_train-1 generate global step 3
[2026-08-13 13:59:10] [base_worker.py (91)] [INFO] [actor_train-1 1 / 2][PID 1549102] actor_train-1 generate global step 4
[2026-08-13 14:01:20] [base_worker.py (91)] [INFO] [actor_train-1 1 / 2][PID 1549102] actor_train-1 generate global step 5
[2026-08-13 14:03:41] [base_worker.py (91)] [INFO] [actor_train-1 1 / 2][PID 1549102] actor_train-1 generate global step 6
[2026-08-13 14:05:48] [base_worker.py (91)] [INFO] [actor_train-1 1 / 2][PID 1549102] actor_train-1 generate global step 7
[2026-08-13 14:07:56] [base_worker.py (91)] [INFO] [actor_train-1 1 / 2][PID 1549102] actor_train-1 generate global step 8
[2026-08-13 14:10:06] [base_worker.py (91)] [INFO] [actor_train-1 1 / 2][PID 1549102] actor_train-1 generate global step 9
[2026-08-13 14:12:37] [base_worker.py (91)] [INFO] [actor_train-1 1 / 2][PID 1549102] actor_train-1 generate global step 10
[2026-08-13 14:14:47] [base_worker.py (91)] [INFO] [actor_train-1 1 / 2][PID 1549102] actor_train-1 generate global step 11
[2026-08-13 14:16:59] [base_worker.py (91)] [INFO] [actor_train-1 1 / 2][PID 1549102] actor_train-1 generate global step 12
[2026-08-13 14:19:08] [base_worker.py (91)] [INFO] [actor_train-1 1 / 2][PID 1549102] actor_train-1 generate global step 13
[2026-08-13 14:21:16] [base_worker.py (91)] [INFO] [actor_train-1 1 / 2][PID 1549102] actor_train-1 generate global step 14
[2026-08-13 14:23:27] [base_worker.py (91)] [INFO] [actor_train-1 1 / 2][PID 1549102] actor_train-1 generate global step 15
[2026-08-13 14:25:34] [base_worker.py (91)] [INFO] [actor_train-1 1 / 2][PID 1549102] actor_train-1 generate global step 16
[2026-08-13 14:27:46] [base_worker.py (91)] [INFO] [actor_train-1 1 / 2][PID 1549102] actor_train-1 generate global step 17
[2026-08-13 14:29:54] [base_worker.py (91)] [INFO] [actor_train-1 1 / 2][PID 1549102] actor_train-1 generate global step 18
[2026-08-13 14:31:58] [base_worker.py (91)] [INFO] [actor_train-1 1 / 2][PID 1549102] actor_train-1 generate global step 19
[2026-08-13 14:34:30] [base_worker.py (91)] [INFO] [actor_train-1 1 / 2][PID 1549102] actor_train-1 generate global step 20
[2026-08-13 14:36:42] [base_worker.py (91)] [INFO] [actor_train-1 1 / 2][PID 1549102] actor_train-1 generate global step 21
[2026-08-13 14:38:54] [base_worker.py (91)] [INFO] [actor_train-1 1 / 2][PID 1549102] actor_train-1 generate global step 22
[2026-08-13 14:41:06] [base_worker.py (91)] [INFO] [actor_train-1 1 / 2][PID 1549102] actor_train-1 generate global step 23
[2026-08-13 14:43:12] [base_worker.py (91)] [INFO] [actor_train-1 1 / 2][PID 1549102] actor_train-1 generate global step 24
[2026-08-13 14:45:20] [base_worker.py (91)] [INFO] [actor_train-1 1 / 2][PID 1549102] actor_train-1 generate global step 25
[2026-08-13 14:47:32] [base_worker.py (91)] [INFO] [actor_train-1 1 / 2][PID 1549102] actor_train-1 generate global step 26
[2026-08-13 14:49:41] [base_worker.py (91)] [INFO] [actor_train-1 1 / 2][PID 1549102] actor_train-1 generate global step 27
[2026-08-13 14:51:52] [base_worker.py (91)] [INFO] [actor_train-1 1 / 2][PID 1549102] actor_train-1 generate global step 28
[2026-08-13 14:53:59] [base_worker.py (91)] [INFO] [actor_train-1 1 / 2][PID 1549102] actor_train-1 generate global step 29
[2026-08-13 14:56:30] [base_worker.py (91)] [INFO] [actor_train-1 1 / 2][PID 1549102] actor_train-1 generate global step 30
[2026-08-13 14:58:39] [base_worker.py (91)] [INFO] [actor_train-1 1 / 2][PID 1549102] actor_train-1 generate global step 31
[2026-08-13 15:00:50] [base_worker.py (91)] [INFO] [actor_train-1 1 / 2][PID 1549102] actor_train-1 generate global step 32
[2026-08-13 15:02:59] [base_worker.py (91)] [INFO] [actor_train-1 1 / 2][PID 1549102] actor_train-1 generate global step 33
[2026-08-13 15:05:04] [base_worker.py (91)] [INFO] [actor_train-1 1 / 2][PID 1549102] actor_train-1 generate global step 34
[2026-08-13 15:07:10] [base_worker.py (91)] [INFO] [actor_train-1 1 / 2][PID 1549102] actor_train-1 generate global step 35
[2026-08-13 15:09:16] [base_worker.py (91)] [INFO] [actor_train-1 1 / 2][PID 1549102] actor_train-1 generate global step 36
[2026-08-13 15:11:30] [base_worker.py (91)] [INFO] [actor_train-1 1 / 2][PID 1549102] actor_train-1 generate global step 37
[2026-08-13 15:13:43] [base_worker.py (91)] [INFO] [actor_train-1 1 / 2][PID 1549102] actor_train-1 generate global step 38
[2026-08-13 15:15:57] [base_worker.py (91)] [INFO] [actor_train-1 1 / 2][PID 1549102] actor_train-1 generate global step 39
[2026-08-13 15:18:26] [base_worker.py (91)] [INFO] [actor_train-1 1 / 2][PID 1549102] actor_train-1 generate global step 40
[2026-08-13 15:20:40] [base_worker.py (91)] [INFO] [actor_train-1 1 / 2][PID 1549102] actor_train-1 generate global step 41
[2026-08-13 15:22:49] [base_worker.py (91)] [INFO] [actor_train-1 1 / 2][PID 1549102] actor_train-1 generate global step 42
[2026-08-13 15:25:00] [base_worker.py (91)] [INFO] [actor_train-1 1 / 2][PID 1549102] actor_train-1 generate global step 43
[2026-08-13 15:27:12] [base_worker.py (91)] [INFO] [actor_train-1 1 / 2][PID 1549102] actor_train-1 generate global step 44
[2026-08-13 15:29:26] [base_worker.py (91)] [INFO] [actor_train-1 1 / 2][PID 1549102] actor_train-1 generate global step 45
[2026-08-13 15:31:35] [base_worker.py (91)] [INFO] [actor_train-1 1 / 2][PID 1549102] actor_train-1 generate global step 46
[2026-08-13 15:33:43] [base_worker.py (91)] [INFO] [actor_train-1 1 / 2][PID 1549102] actor_train-1 generate global step 47
[2026-08-13 15:35:54] [base_worker.py (91)] [INFO] [actor_train-1 1 / 2][PID 1549102] actor_train-1 generate global step 48
[2026-08-13 15:38:02] [base_worker.py (91)] [INFO] [actor_train-1 1 / 2][PID 1549102] actor_train-1 generate global step 49
[2026-08-13 15:40:32] [base_worker.py (91)] [INFO] [actor_train-1 1 / 2][PID 1549102] actor_train-1 generate global step 50
[2026-08-13 15:42:45] [base_worker.py (91)] [INFO] [actor_train-1 1 / 2][PID 1549102] actor_train-1 generate global step 51
[2026-08-13 15:44:54] [base_worker.py (91)] [INFO] [actor_train-1 1 / 2][PID 1549102] actor_train-1 generate global step 52
[2026-08-13 15:47:05] [base_worker.py (91)] [INFO] [actor_train-1 1 / 2][PID 1549102] actor_train-1 generate global step 53
[2026-08-13 15:49:17] [base_worker.py (91)] [INFO] [actor_train-1 1 / 2][PID 1549102] actor_train-1 generate global step 54
[2026-08-13 15:51:29] [base_worker.py (91)] [INFO] [actor_train-1 1 / 2][PID 1549102] actor_train-1 generate global step 55
[2026-08-13 15:53:39] [base_worker.py (91)] [INFO] [actor_train-1 1 / 2][PID 1549102] actor_train-1 generate global step 56
[2026-08-13 15:55:49] [base_worker.py (91)] [INFO] [actor_train-1 1 / 2][PID 1549102] actor_train-1 generate global step 57
[2026-08-13 15:57:59] [base_worker.py (91)] [INFO] [actor_train-1 1 / 2][PID 1549102] actor_train-1 generate global step 58
[2026-08-13 16:00:12] [base_worker.py (91)] [INFO] [actor_train-1 1 / 2][PID 1549102] actor_train-1 generate global step 59
[2026-08-13 16:02:42] [base_worker.py (91)] [INFO] [actor_train-1 1 / 2][PID 1549102] actor_train-1 generate global step 60
[2026-08-13 16:04:55] [base_worker.py (91)] [INFO] [actor_train-1 1 / 2][PID 1549102] actor_train-1 generate global step 61
[2026-08-13 16:07:06] [base_worker.py (91)] [INFO] [actor_train-1 1 / 2][PID 1549102] actor_train-1 generate global step 62
[2026-08-13 16:09:18] [base_worker.py (91)] [INFO] [actor_train-1 1 / 2][PID 1549102] actor_train-1 generate global step 63
[2026-08-13 16:11:29] [base_worker.py (91)] [INFO] [actor_train-1 1 / 2][PID 1549102] actor_train-1 generate global step 64
[2026-08-13 16:13:41] [base_worker.py (91)] [INFO] [actor_train-1 1 / 2][PID 1549102] actor_train-1 generate global step 65
[2026-08-13 16:15:52] [base_worker.py (91)] [INFO] [actor_train-1 1 / 2][PID 1549102] actor_train-1 generate global step 66
[2026-08-13 16:18:04] [base_worker.py (91)] [INFO] [actor_train-1 1 / 2][PID 1549102] actor_train-1 generate global step 67
[2026-08-13 16:20:14] [base_worker.py (91)] [INFO] [actor_train-1 1 / 2][PID 1549102] actor_train-1 generate global step 68
[2026-08-13 16:22:42] [base_worker.py (91)] [INFO] [actor_train-1 1 / 2][PID 1549102] actor_train-1 generate global step 69
[2026-08-13 16:25:16] [base_worker.py (91)] [INFO] [actor_train-1 1 / 2][PID 1549102] actor_train-1 generate global step 70
[2026-08-13 16:27:27] [base_worker.py (91)] [INFO] [actor_train-1 1 / 2][PID 1549102] actor_train-1 generate global step 71
[2026-08-13 16:29:38] [base_worker.py (91)] [INFO] [actor_train-1 1 / 2][PID 1549102] actor_train-1 generate global step 72
[2026-08-13 16:31:51] [base_worker.py (91)] [INFO] [actor_train-1 1 / 2][PID 1549102] actor_train-1 generate global step 73
[2026-08-13 16:34:02] [base_worker.py (91)] [INFO] [actor_train-1 1 / 2][PID 1549102] actor_train-1 generate global step 74
[2026-08-13 16:36:14] [base_worker.py (91)] [INFO] [actor_train-1 1 / 2][PID 1549102] actor_train-1 generate global step 75
[2026-08-13 16:38:27] [base_worker.py (91)] [INFO] [actor_train-1 1 / 2][PID 1549102] actor_train-1 generate global step 76
[2026-08-13 16:40:40] [base_worker.py (91)] [INFO] [actor_train-1 1 / 2][PID 1549102] actor_train-1 generate global step 77
[2026-08-13 16:42:52] [base_worker.py (91)] [INFO] [actor_train-1 1 / 2][PID 1549102] actor_train-1 generate global step 78
[2026-08-13 16:45:05] [base_worker.py (91)] [INFO] [actor_train-1 1 / 2][PID 1549102] actor_train-1 generate global step 79
[2026-08-13 16:47:39] [base_worker.py (91)] [INFO] [actor_train-1 1 / 2][PID 1549102] actor_train-1 generate global step 80
[2026-08-13 16:49:52] [base_worker.py (91)] [INFO] [actor_train-1 1 / 2][PID 1549102] actor_train-1 generate global step 81
[2026-08-13 16:52:02] [base_worker.py (91)] [INFO] [actor_train-1 1 / 2][PID 1549102] actor_train-1 generate global step 82
[2026-08-13 16:54:34] [base_worker.py (91)] [INFO] [actor_train-1 1 / 2][PID 1549102] actor_train-1 generate global step 83
[2026-08-13 16:56:48] [base_worker.py (91)] [INFO] [actor_train-1 1 / 2][PID 1549102] actor_train-1 generate global step 84
[2026-08-13 16:59:02] [base_worker.py (91)] [INFO] [actor_train-1 1 / 2][PID 1549102] actor_train-1 generate global step 85
[2026-08-13 17:01:15] [base_worker.py (91)] [INFO] [actor_train-1 1 / 2][PID 1549102] actor_train-1 generate global step 86
[2026-08-13 17:03:29] [base_worker.py (91)] [INFO] [actor_train-1 1 / 2][PID 1549102] actor_train-1 generate global step 87
[2026-08-13 17:05:43] [base_worker.py (91)] [INFO] [actor_train-1 1 / 2][PID 1549102] actor_train-1 generate global step 88
[2026-08-13 17:07:58] [base_worker.py (91)] [INFO] [actor_train-1 1 / 2][PID 1549102] actor_train-1 generate global step 89
[2026-08-13 17:10:34] [base_worker.py (91)] [INFO] [actor_train-1 1 / 2][PID 1549102] actor_train-1 generate global step 90
[2026-08-13 17:12:49] [base_worker.py (91)] [INFO] [actor_train-1 1 / 2][PID 1549102] actor_train-1 generate global step 91
[2026-08-13 17:15:01] [base_worker.py (91)] [INFO] [actor_train-1 1 / 2][PID 1549102] actor_train-1 generate global step 92
[2026-08-13 17:17:16] [base_worker.py (91)] [INFO] [actor_train-1 1 / 2][PID 1549102] actor_train-1 generate global step 93
[2026-08-13 17:19:29] [base_worker.py (91)] [INFO] [actor_train-1 1 / 2][PID 1549102] actor_train-1 generate global step 94
[2026-08-13 17:21:43] [base_worker.py (91)] [INFO] [actor_train-1 1 / 2][PID 1549102] actor_train-1 generate global step 95
[2026-08-13 17:23:56] [base_worker.py (91)] [INFO] [actor_train-1 1 / 2][PID 1549102] actor_train-1 generate global step 96
[2026-08-13 17:26:08] [base_worker.py (91)] [INFO] [actor_train-1 1 / 2][PID 1549102] actor_train-1 generate global step 97
[2026-08-13 17:28:22] [base_worker.py (91)] [INFO] [actor_train-1 1 / 2][PID 1549102] actor_train-1 generate global step 98
[2026-08-13 17:30:36] [base_worker.py (91)] [INFO] [actor_train-1 1 / 2][PID 1549102] actor_train-1 generate global step 99
[2026-08-13 17:31:37] [base_worker.py (349)] [INFO] [actor_train-1 1 / 2][PID 1549102] save checkpoint-99 to ./runs/geography_counterfactual_distance3_5/729401-20260813-134316/actor_train-1/checkpoint-99
[2026-08-13 17:31:37] [megatron_strategy.py (478)] [INFO] [actor_train-1 1 / 2][PID 1549102] save_dir: ./runs/geography_counterfactual_distance3_5/729401-20260813-134316/actor_train-1/checkpoint-99
[2026-08-13 17:33:06] [checkpoint_manager.py (67)] [WARNING] [actor_train-1 1 / 2][PID 1549102] uploader is None, skip upload...
