FROZEN_PROFILE=calbench-stream-batch-invariant-v1
VLLM_BATCH_INVARIANT= 1
Visible GPU: NVIDIA H100 NVL 99949674496
Startup 0s ready=[]
Startup 30s ready=[]
loose_varied_s2 round_start 0
loose_varied_s3 round_start 0
loose_uniform_s1 round_start 0
dense_uniform_s1 round_start 0
loose_varied_s1 round_start 0
dense_uniform_s2 round_start 0
loose_uniform_s2 round_start 0
loose_uniform_s3 round_start 0
agent=0 call=0 status=ok seconds=5.8
agent=0 call=0 status=ok seconds=6.3
agent=0 call=0 status=ok seconds=6.9
agent=0 call=0 status=ok seconds=7.5
agent=0 call=0 status=ok seconds=7.5
agent=0 call=0 status=ok seconds=8.0
agent=1 call=0 status=ok seconds=2.7
agent=0 call=0 status=ok seconds=6.5
agent=0 call=0 status=ok seconds=7.2
agent=1 call=0 status=ok seconds=7.4
agent=2 call=0 status=ok seconds=3.1
agent=1 call=0 status=ok seconds=6.8
agent=1 call=0 status=ok seconds=8.8
agent=1 call=0 status=ok seconds=8.3
agent=1 call=0 status=ok seconds=8.1
agent=1 call=0 status=ok seconds=4.7
agent=0 call=1 status=ok seconds=5.4
agent=2 call=0 status=ok seconds=4.5
agent=2 call=0 status=ok seconds=3.2
agent=1 call=0 status=ok seconds=8.7
agent=2 call=0 status=ok seconds=7.7
agent=2 call=0 status=ok seconds=6.2
agent=1 call=1 status=ok seconds=2.4
agent=0 call=1 status=ok seconds=2.4
agent=2 call=1 status=ok seconds=2.4
agent=1 call=1 status=ok seconds=2.0
agent=2 call=0 status=ok seconds=9.1
agent=2 call=0 status=ok seconds=9.0
agent=0 call=1 status=ok seconds=5.2
agent=0 call=2 status=ok seconds=2.4
agent=2 call=1 status=ok seconds=2.0
agent=0 call=1 status=ok seconds=6.7
agent=1 call=2 status=ok seconds=1.7
agent=0 call=1 status=ok seconds=7.7
agent=0 call=2 status=ok seconds=3.3
agent=2 call=2 status=ok seconds=1.9
agent=2 call=0 status=ok seconds=9.3
agent=1 call=1 status=ok seconds=5.4
agent=1 call=2 status=ok seconds=3.4
agent=0 call=3 status=ok seconds=3.4
agent=0 call=1 status=ok seconds=9.1
agent=2 call=1 status=ok seconds=3.4
agent=0 call=1 status=ok seconds=10.9
agent=2 call=2 status=ok seconds=3.3
dense_uniform_s2 resolution 0
dense_uniform_s2 round_start 1
agent=1 call=3 status=ok seconds=3.2
agent=1 call=1 status=ok seconds=9.0
agent=1 call=1 status=ok seconds=8.0
agent=0 call=2 status=ok seconds=3.8
agent=0 call=1 status=ok seconds=9.3
agent=2 call=3 status=ok seconds=3.6
loose_varied_s3 resolution 0
loose_varied_s3 round_start 1
agent=2 call=1 status=ok seconds=5.1
agent=2 call=1 status=ok seconds=5.7
agent=1 call=3 status=ok seconds=7.4
agent=1 call=1 status=ok seconds=9.4
agent=0 call=2 status=ok seconds=2.8
agent=1 call=4 status=ok seconds=4.8
agent=1 call=2 status=ok seconds=6.4
agent=0 call=2 status=ok seconds=2.7
agent=1 call=1 status=ok seconds=11.4
agent=2 call=2 status=ok seconds=2.5
agent=1 call=2 status=ok seconds=2.3
agent=2 call=4 status=ok seconds=2.8
agent=2 call=3 status=ok seconds=4.5
agent=1 call=1 status=ok seconds=9.2
agent=0 call=3 status=ok seconds=2.1
agent=2 call=2 status=ok seconds=2.4
agent=2 call=1 status=ok seconds=6.1
agent=2 call=1 status=ok seconds=5.9
agent=1 call=2 status=ok seconds=6.9
agent=0 call=3 status=ok seconds=2.9
agent=1 call=3 status=ok seconds=3.6
agent=2 call=1 status=ok seconds=5.1
agent=3 call=0 status=ok seconds=6.0
agent=2 call=2 status=ok seconds=2.9
agent=0 call=2 status=ok seconds=3.7
agent=3 call=0 status=ok seconds=7.3
agent=2 call=3 status=ok seconds=1.9
agent=0 call=3 status=ok seconds=2.1
agent=0 call=2 status=ok seconds=6.1
agent=1 call=2 status=ok seconds=3.1
agent=0 call=4 status=ok seconds=3.4
agent=2 call=2 status=ok seconds=1.9
agent=1 call=4 status=ok seconds=5.7
agent=1 call=5 status=ok seconds=5.8
agent=1 call=4 status=ok seconds=3.7
agent=1 call=2 status=ok seconds=6.0
agent=1 call=3 status=ok seconds=6.5
agent=0 call=2 status=ok seconds=10.0
agent=2 call=5 status=ok seconds=2.8
agent=1 call=3 status=ok seconds=11.0
agent=2 call=3 status=ok seconds=1.9
agent=2 call=4 status=ok seconds=3.5
loose_uniform_s3 resolution 0
loose_uniform_s3 round_start 1
agent=2 call=2 status=ok seconds=2.7
agent=2 call=4 status=ok seconds=7.2
agent=2 call=3 status=ok seconds=3.5
loose_varied_s2 resolution 0
loose_varied_s2 round_start 1
agent=0 call=4 status=ok seconds=3.5
agent=0 call=3 status=ok seconds=3.1
agent=3 call=1 status=ok seconds=6.2
agent=1 call=3 status=ok seconds=1.9
agent=1 call=6 status=ok seconds=2.5
agent=1 call=4 status=ok seconds=3.8
agent=2 call=3 status=ok seconds=1.9
agent=0 call=3 status=ok seconds=13.7
agent=2 call=6 status=ok seconds=2.2
agent=1 call=5 status=ok seconds=8.9
agent=1 call=2 status=ok seconds=11.6
agent=2 call=4 status=ok seconds=3.2
loose_varied_s1 resolution 0
loose_varied_s1 round_start 1
agent=1 call=4 status=ok seconds=8.5
agent=0 call=4 status=ok seconds=3.8
agent=1 call=3 status=ok seconds=3.7
agent=3 call=2 status=ok seconds=3.3
agent=2 call=5 status=ok seconds=3.4
agent=3 call=1 status=ok seconds=11.1
agent=1 call=4 status=ok seconds=3.8
dense_uniform_s1 batch_rejected 0
agent=2 call=3 status=ok seconds=3.5
loose_uniform_s1 resolution 0
loose_uniform_s1 round_start 1
agent=1 call=7 status=ok seconds=3.3
agent=2 call=4 status=ok seconds=5.6
agent=1 call=5 status=ok seconds=4.3
agent=2 call=2 status=ok seconds=7.7
agent=1 call=5 status=ok seconds=8.3
agent=2 call=5 status=ok seconds=2.6
agent=2 call=7 status=ok seconds=4.1
agent=3 call=0 status=ok seconds=7.6
agent=0 call=3 status=ok seconds=3.1
agent=1 call=5 status=ok seconds=6.6
agent=3 call=3 status=ok seconds=3.6
loose_varied_s3 resolution 1
loose_varied_s3 round_start 2
agent=2 call=5 status=ok seconds=5.5
agent=1 call=4 status=ok seconds=9.2
agent=2 call=4 status=ok seconds=3.7
dense_uniform_s1 resolution 0
dense_uniform_s1 round_start 1
agent=3 call=0 status=ok seconds=11.2
agent=3 call=2 status=ok seconds=8.0
agent=1 call=6 status=ok seconds=8.3
agent=2 call=4 status=ok seconds=5.8
agent=1 call=6 status=ok seconds=3.0
agent=2 call=6 status=ok seconds=2.8
agent=0 call=4 status=ok seconds=8.7
agent=1 call=6 status=ok seconds=7.0
agent=2 call=6 status=ok seconds=2.8
agent=3 call=0 status=ok seconds=10.2
agent=2 call=8 status=ok seconds=3.0
agent=1 call=5 status=ok seconds=10.3
agent=3 call=3 status=ok seconds=4.1
agent=3 call=1 status=ok seconds=6.7
agent=2 call=5 status=ok seconds=6.5
agent=3 call=0 status=ok seconds=10.6
agent=1 call=7 status=ok seconds=3.7
agent=3 call=4 status=ok seconds=7.2
agent=1 call=7 status=ok seconds=4.8
agent=1 call=3 status=ok seconds=23.3
agent=1 call=6 status=ok seconds=9.9
agent=2 call=7 status=ok seconds=2.3
agent=2 call=5 status=ok seconds=6.7
agent=3 call=0 status=ok seconds=9.0
agent=3 call=2 status=ok seconds=3.6
agent=2 call=3 status=ok seconds=7.4
agent=1 call=5 status=ok seconds=10.5
agent=3 call=1 status=ok seconds=7.3
agent=2 call=6 status=ok seconds=7.7
agent=0 call=5 status=ok seconds=9.7
agent=1 call=8 status=ok seconds=4.6
agent=2 call=9 status=ok seconds=3.2
agent=1 call=6 status=ok seconds=4.3
agent=2 call=8 status=ok seconds=3.6
agent=1 call=7 status=ok seconds=9.1
agent=3 call=1 status=ok seconds=6.0
agent=2 call=5 status=ok seconds=6.7
agent=2 call=7 status=ok seconds=16.1
agent=3 call=5 status=ok seconds=4.8
agent=3 call=3 status=ok seconds=4.6
loose_uniform_s3 resolution 1
loose_uniform_s3 round_start 2
agent=3 call=1 status=ok seconds=4.1
agent=2 call=6 status=ok seconds=6.4
agent=0 call=4 status=ok seconds=12.2
agent=0 call=6 status=ok seconds=5.4
agent=1 call=6 status=ok seconds=3.4
agent=0 call=5 status=ok seconds=6.7
agent=1 call=7 status=ok seconds=9.6
agent=2 call=10 status=ok seconds=2.2
agent=2 call=6 status=ok seconds=2.4
agent=1 call=4 status=ok seconds=6.2
agent=2 call=6 status=ok seconds=12.8
agent=3 call=4 status=ok seconds=11.2
dense_uniform_s2 resolution 1
dense_uniform_s2 round_start 2
agent=3 call=2 status=ok seconds=1.8
agent=3 call=6 status=ok seconds=2.5
agent=3 call=2 status=ok seconds=8.1
agent=2 call=9 status=ok seconds=3.8
agent=1 call=7 status=ok seconds=3.0
agent=0 call=7 status=ok seconds=3.6
agent=1 call=7 status=ok seconds=3.8
agent=2 call=4 status=ok seconds=4.5
loose_uniform_s2 resolution 0
loose_uniform_s2 round_start 1
agent=2 call=11 status=ok seconds=1.8
agent=2 call=7 status=ok seconds=2.6
agent=2 call=7 status=ok seconds=9.0
agent=0 call=3 status=ok seconds=7.5
agent=2 call=7 status=ok seconds=3.8
loose_uniform_s1 batch_rejected 1
agent=3 call=7 status=ok seconds=2.1
agent=3 call=4 status=ok seconds=7.7
agent=3 call=1 status=ok seconds=10.2
agent=3 call=3 status=ok seconds=5.0
agent=0 call=8 status=ok seconds=4.0
agent=2 call=8 status=ok seconds=5.0
agent=1 call=5 status=ok seconds=9.8
agent=3 call=2 status=ok seconds=8.4
agent=0 call=6 status=ok seconds=6.0
agent=1 call=8 status=ok seconds=4.0
agent=2 call=12 status=ok seconds=4.3
agent=2 call=10 status=ok seconds=3.6
agent=3 call=5 status=ok seconds=6.3
agent=2 call=8 status=ok seconds=4.0
agent=1 call=8 status=ok seconds=9.2
agent=3 call=8 status=ok seconds=3.6
loose_varied_s3 resolution 2
loose_varied_s3 game_end 3
Finished 1/24
agent=1 call=8 status=ok seconds=5.2
agent=2 call=8 status=ok seconds=13.2
agent=3 call=5 status=ok seconds=3.5
agent=2 call=7 status=ok seconds=2.9
agent=2 call=5 status=ok seconds=8.1
agent=0 call=4 status=ok seconds=5.5
agent=3 call=4 status=ok seconds=5.4
loose_varied_s2 resolution 1
loose_varied_s2 round_start 2
agent=0 call=7 status=ok seconds=4.3
agent=2 call=8 status=ok seconds=6.9
agent=3 call=2 status=ok seconds=5.4
agent=2 call=11 status=ok seconds=2.5
agent=1 call=9 status=ok seconds=2.1
agent=0 call=4 status=ok seconds=6.5
agent=2 call=8 status=ok seconds=1.9
agent=2 call=9 status=ok seconds=7.7
agent=3 call=6 status=ok seconds=3.3
agent=3 call=3 status=ok seconds=11.5
loose_uniform_s1 resolution 1
loose_uniform_s1 round_start 2
agent=3 call=0 status=ok seconds=10.2
agent=3 call=3 status=ok seconds=6.0
agent=3 call=3 status=ok seconds=2.5
agent=0 call=8 status=ok seconds=4.1
agent=2 call=9 status=ok seconds=5.9
agent=1 call=10 status=ok seconds=5.8
agent=2 call=12 status=ok seconds=3.8
agent=0 call=4 status=ok seconds=9.6
agent=3 call=5 status=ok seconds=5.1
agent=1 call=6 status=ok seconds=9.8
agent=3 call=6 status=ok seconds=11.0
agent=2 call=9 status=ok seconds=3.6
agent=1 call=9 status=ok seconds=11.4
loose_varied_s1 batch_rejected 1
agent=3 call=7 status=ok seconds=5.2
loose_uniform_s3 resolution 2
loose_uniform_s3 game_end 3
Finished 2/24
agent=3 call=4 status=ok seconds=3.6
dense_uniform_s1 resolution 1
dense_uniform_s1 round_start 2
agent=0 call=5 status=ok seconds=5.2
agent=0 call=5 status=ok seconds=6.2
agent=2 call=6 status=ok seconds=8.3
agent=2 call=10 status=ok seconds=3.0
agent=2 call=9 status=ok seconds=9.5
agent=2 call=10 status=ok seconds=3.4
agent=3 call=6 status=ok seconds=3.1
agent=3 call=4 status=ok seconds=3.5
agent=0 call=5 status=ok seconds=7.7
agent=1 call=10 status=ok seconds=12.7
loose_varied_s1 batch_rejected 1
agent=0 call=6 status=ok seconds=3.1
agent=3 call=7 status=ok seconds=8.4
agent=3 call=1 status=ok seconds=9.5
agent=2 call=11 status=ok seconds=2.1
agent=2 call=10 status=ok seconds=6.6
agent=0 call=5 status=ok seconds=7.2
agent=3 call=7 status=ok seconds=2.6
agent=0 call=6 status=ok seconds=3.1
agent=2 call=9 status=ok seconds=6.1
agent=2 call=10 status=ok seconds=2.9
agent=2 call=11 status=ok seconds=2.9
agent=0 call=7 status=ok seconds=3.8
agent=1 call=7 status=ok seconds=6.8
agent=3 call=4 status=ok seconds=4.8
agent=3 call=5 status=ok seconds=3.0
loose_varied_s1 resolution 1
loose_varied_s1 round_start 2
agent=3 call=5 status=ok seconds=8.4
agent=3 call=8 status=ok seconds=4.7
agent=2 call=12 status=ok seconds=3.9
agent=0 call=6 status=ok seconds=3.5
agent=2 call=7 status=ok seconds=5.5
agent=2 call=11 status=ok seconds=2.3
agent=3 call=8 status=ok seconds=4.1
loose_varied_s2 resolution 2
loose_varied_s2 game_end 3
Finished 3/24
agent=0 call=5 status=ok seconds=7.3
agent=0 call=7 status=ok seconds=5.2
agent=3 call=6 status=ok seconds=1.8
agent=3 call=2 status=ok seconds=5.4
agent=0 call=6 status=ok seconds=8.4
agent=2 call=12 status=ok seconds=4.2
agent=1 call=8 status=ok seconds=2.7
agent=0 call=7 status=ok seconds=4.7
agent=2 call=10 status=ok seconds=6.5
agent=2 call=8 status=ok seconds=2.6
agent=2 call=12 status=ok seconds=4.0
agent=3 call=3 status=ok seconds=2.2
agent=3 call=5 status=ok seconds=4.4
agent=2 call=11 status=ok seconds=9.3
agent=3 call=7 status=ok seconds=3.8
loose_uniform_s1 resolution 2
loose_uniform_s1 game_end 3
Finished 4/24
agent=1 call=9 status=ok seconds=4.2
agent=3 call=9 status=ok seconds=11.8
dense_uniform_s2 batch_rejected 2
agent=0 call=6 status=ok seconds=6.2
agent=2 call=9 status=ok seconds=4.5
agent=2 call=11 status=ok seconds=3.3
agent=3 call=4 status=ok seconds=3.8
loose_uniform_s2 resolution 1
loose_uniform_s2 round_start 2
agent=3 call=6 status=ok seconds=10.4
agent=3 call=6 status=ok seconds=3.3
agent=3 call=10 status=ok seconds=8.2
dense_uniform_s2 resolution 2
dense_uniform_s2 game_end 3
Finished 5/24
agent=0 call=7 status=ok seconds=4.0
agent=0 call=5 status=ok seconds=6.9
agent=2 call=12 status=ok seconds=2.3
agent=3 call=7 status=ok seconds=2.8
agent=0 call=7 status=ok seconds=11.2
agent=0 call=8 status=ok seconds=4.2
agent=2 call=10 status=ok seconds=8.4
agent=2 call=13 status=ok seconds=4.4
agent=3 call=8 status=ok seconds=4.3
loose_varied_s1 resolution 2
loose_varied_s1 game_end 3
Finished 6/24
agent=2 call=12 status=ok seconds=13.2
agent=3 call=5 status=ok seconds=9.8
agent=0 call=6 status=ok seconds=7.5
agent=3 call=7 status=ok seconds=9.6
agent=2 call=11 status=ok seconds=7.9
agent=0 call=8 status=ok seconds=8.0
agent=2 call=13 status=ok seconds=3.4
agent=3 call=6 status=ok seconds=7.5
agent=0 call=7 status=ok seconds=3.7
agent=3 call=8 status=ok seconds=9.4
agent=2 call=12 status=ok seconds=9.5
agent=3 call=7 status=ok seconds=5.1
agent=0 call=9 status=ok seconds=11.6
agent=2 call=14 status=ok seconds=4.0
agent=0 call=8 status=ok seconds=9.3
agent=3 call=9 status=ok seconds=6.3
dense_uniform_s1 resolution 2
dense_uniform_s1 game_end 3
Finished 7/24
agent=2 call=13 status=ok seconds=4.3
agent=3 call=8 status=ok seconds=2.0
agent=0 call=9 status=ok seconds=11.8
loose_uniform_s2 batch_rejected 2
agent=0 call=10 status=ok seconds=13.0
loose_uniform_s2 batch_rejected 2
agent=2 call=14 status=ok seconds=9.2
agent=3 call=9 status=ok seconds=3.5
loose_uniform_s2 resolution 2
loose_uniform_s2 game_end 3
Finished 8/24
dense_uniform_s3 round_start 0
blocked_uniform_s3 round_start 0
dense_varied_s3 round_start 0
dense_varied_s2 round_start 0
blocked_varied_s1 round_start 0
dense_varied_s1 round_start 0
blocked_uniform_s1 round_start 0
blocked_uniform_s2 round_start 0
agent=0 call=0 status=ok seconds=6.5
agent=0 call=0 status=ok seconds=6.6
agent=0 call=0 status=ok seconds=6.7
agent=0 call=0 status=ok seconds=7.5
agent=0 call=0 status=ok seconds=7.5
agent=0 call=0 status=ok seconds=8.2
agent=0 call=0 status=ok seconds=8.6
agent=0 call=0 status=ok seconds=10.1
agent=1 call=0 status=ok seconds=7.3
agent=1 call=0 status=ok seconds=7.4
agent=1 call=0 status=ok seconds=8.0
agent=1 call=0 status=ok seconds=7.8
agent=1 call=0 status=ok seconds=8.1
agent=1 call=0 status=ok seconds=8.4
agent=1 call=0 status=ok seconds=8.4
agent=1 call=0 status=ok seconds=9.1
agent=2 call=0 status=ok seconds=7.1
agent=2 call=0 status=ok seconds=6.8
agent=2 call=0 status=ok seconds=7.7
agent=2 call=0 status=ok seconds=8.2
agent=2 call=0 status=ok seconds=8.1
agent=2 call=0 status=ok seconds=7.3
agent=0 call=1 status=ok seconds=4.6
agent=0 call=1 status=ok seconds=4.8
agent=2 call=0 status=ok seconds=9.1
agent=1 call=1 status=ok seconds=2.5
agent=2 call=0 status=ok seconds=10.7
agent=0 call=1 status=ok seconds=6.7
agent=2 call=1 status=ok seconds=3.2
agent=0 call=1 status=ok seconds=8.9
agent=0 call=1 status=ok seconds=9.1
agent=1 call=1 status=ok seconds=9.6
agent=0 call=1 status=ok seconds=12.4
agent=0 call=1 status=ok seconds=9.9
agent=0 call=2 status=ok seconds=5.5
agent=1 call=2 status=ok seconds=1.5
agent=0 call=1 status=ok seconds=9.2
agent=1 call=1 status=ok seconds=8.6
agent=1 call=1 status=ok seconds=8.4
agent=2 call=2 status=ok seconds=1.8
agent=1 call=1 status=ok seconds=8.2
agent=2 call=1 status=ok seconds=6.6
agent=2 call=1 status=ok seconds=3.3
agent=0 call=3 status=ok seconds=3.6
agent=2 call=1 status=ok seconds=4.7
agent=0 call=2 status=ok seconds=2.5
agent=1 call=3 status=ok seconds=1.6
agent=1 call=1 status=ok seconds=9.9
agent=2 call=3 status=ok seconds=1.7
agent=1 call=2 status=ok seconds=4.2
agent=1 call=1 status=ok seconds=13.0
agent=1 call=1 status=ok seconds=10.2
agent=0 call=4 status=ok seconds=3.2
agent=2 call=1 status=ok seconds=9.4
agent=2 call=2 status=ok seconds=2.9
agent=2 call=1 status=ok seconds=6.3
agent=1 call=4 status=ok seconds=3.3
agent=0 call=3 status=ok seconds=3.3
agent=0 call=2 status=ok seconds=12.2
agent=2 call=4 status=ok seconds=3.6
blocked_uniform_s2 resolution 0
blocked_uniform_s2 round_start 1
agent=2 call=1 status=ok seconds=9.4
agent=1 call=3 status=ok seconds=3.7
agent=2 call=1 status=ok seconds=9.3
agent=0 call=2 status=ok seconds=7.9
agent=2 call=3 status=ok seconds=3.4
dense_uniform_s3 resolution 0
dense_uniform_s3 round_start 1
agent=0 call=2 status=ok seconds=11.7
agent=1 call=5 status=ok seconds=8.7
agent=0 call=2 status=ok seconds=23.9
agent=1 call=2 status=ok seconds=2.4
agent=0 call=2 status=ok seconds=7.9
agent=0 call=2 status=ok seconds=10.1
agent=1 call=4 status=ok seconds=7.3
agent=1 call=2 status=ok seconds=14.2
agent=2 call=5 status=ok seconds=5.3
agent=1 call=2 status=ok seconds=13.6
agent=2 call=2 status=ok seconds=7.4
agent=1 call=2 status=ok seconds=8.9
agent=2 call=2 status=ok seconds=4.8
agent=2 call=4 status=ok seconds=6.8
agent=1 call=2 status=ok seconds=10.1
agent=0 call=3 status=ok seconds=2.6
agent=1 call=2 status=ok seconds=11.3
agent=3 call=0 status=ok seconds=9.2
agent=1 call=3 status=ok seconds=3.5
agent=2 call=2 status=ok seconds=9.8
agent=1 call=6 status=ok seconds=2.2
agent=3 call=0 status=ok seconds=6.4
agent=2 call=2 status=ok seconds=8.0
agent=2 call=2 status=ok seconds=3.4
agent=2 call=3 status=ok seconds=2.4
agent=2 call=6 status=ok seconds=3.0
agent=2 call=2 status=ok seconds=9.6
agent=0 call=4 status=ok seconds=3.3
dense_varied_s1 batch_rejected 0
agent=0 call=3 status=ok seconds=4.5
agent=0 call=3 status=ok seconds=14.6
agent=0 call=3 status=ok seconds=6.5
agent=3 call=1 status=ok seconds=3.3
agent=1 call=3 status=ok seconds=1.7
agent=0 call=3 status=ok seconds=4.8
agent=1 call=3 status=ok seconds=3.0
agent=1 call=7 status=ok seconds=3.3
agent=2 call=3 status=ok seconds=2.9
agent=1 call=3 status=ok seconds=5.4
agent=2 call=3 status=ok seconds=2.8
agent=2 call=3 status=ok seconds=2.3
agent=2 call=7 status=ok seconds=3.9
agent=1 call=3 status=ok seconds=5.0
agent=0 call=3 status=ok seconds=15.8
agent=0 call=4 status=ok seconds=3.7
agent=3 call=2 status=ok seconds=3.7
blocked_uniform_s2 resolution 1
blocked_uniform_s2 round_start 2
agent=2 call=3 status=ok seconds=3.7
agent=0 call=4 status=ok seconds=6.0
blocked_uniform_s3 batch_rejected 0
agent=0 call=5 status=ok seconds=14.8
agent=0 call=4 status=ok seconds=10.0
agent=0 call=4 status=ok seconds=4.4
agent=1 call=4 status=ok seconds=3.5
agent=1 call=4 status=ok seconds=3.6
agent=1 call=3 status=ok seconds=8.2
agent=0 call=5 status=ok seconds=8.4
agent=1 call=4 status=ok seconds=5.2
agent=2 call=4 status=ok seconds=3.7
blocked_varied_s1 resolution 0
blocked_varied_s1 round_start 1
agent=1 call=4 status=ok seconds=11.9
dense_varied_s2 batch_rejected 0
agent=2 call=3 status=ok seconds=4.9
agent=0 call=5 status=ok seconds=12.3
agent=2 call=4 status=ok seconds=4.0
dense_varied_s3 resolution 0
dense_varied_s3 round_start 1
agent=2 call=8 status=ok seconds=6.7
agent=2 call=4 status=ok seconds=10.4
dense_varied_s1 resolution 0
dense_varied_s1 round_start 1
agent=1 call=5 status=ok seconds=7.0
agent=1 call=5 status=ok seconds=8.3
agent=0 call=4 status=ok seconds=8.8
agent=2 call=4 status=ok seconds=3.7
dense_varied_s2 resolution 0
dense_varied_s2 round_start 1
agent=1 call=5 status=ok seconds=8.9
agent=1 call=4 status=ok seconds=11.0
agent=1 call=4 status=ok seconds=3.8
agent=3 call=3 status=ok seconds=9.9
agent=1 call=5 status=ok seconds=9.2
agent=2 call=5 status=ok seconds=7.4
agent=2 call=4 status=ok seconds=4.1
blocked_uniform_s3 resolution 0
blocked_uniform_s3 round_start 1
agent=2 call=4 status=ok seconds=4.1
blocked_uniform_s1 resolution 0
blocked_uniform_s1 round_start 1
agent=1 call=6 status=ok seconds=8.9
agent=2 call=5 status=ok seconds=8.7
agent=2 call=5 status=ok seconds=6.6
agent=3 call=0 status=ok seconds=6.8
agent=1 call=5 status=ok seconds=9.0
agent=2 call=5 status=ok seconds=7.5
agent=0 call=6 status=ok seconds=13.8
agent=1 call=5 status=ok seconds=11.6
agent=3 call=0 status=ok seconds=8.4
agent=3 call=0 status=ok seconds=9.9
agent=1 call=6 status=ok seconds=8.3
agent=3 call=0 status=ok seconds=7.8
agent=2 call=5 status=ok seconds=6.7
agent=1 call=6 status=ok seconds=6.0
agent=2 call=9 status=ok seconds=8.2
agent=2 call=5 status=ok seconds=9.6
agent=2 call=6 status=ok seconds=2.6
agent=3 call=1 status=ok seconds=2.8
agent=1 call=6 status=ok seconds=12.6
agent=1 call=7 status=ok seconds=3.2
agent=2 call=7 status=ok seconds=1.3
agent=3 call=0 status=ok seconds=8.9
agent=3 call=0 status=ok seconds=10.9
agent=1 call=7 status=ok seconds=11.4
agent=3 call=2 status=ok seconds=2.0
agent=2 call=6 status=ok seconds=2.6
agent=1 call=8 status=ok seconds=4.4
agent=2 call=6 status=ok seconds=22.6
agent=3 call=1 status=ok seconds=5.1
agent=2 call=6 status=ok seconds=11.7
agent=2 call=8 status=ok seconds=3.8
agent=3 call=4 status=ok seconds=21.1
agent=3 call=1 status=ok seconds=5.3
agent=3 call=3 status=ok seconds=3.5
dense_varied_s1 resolution 1
dense_varied_s1 round_start 2
agent=1 call=8 status=ok seconds=7.5
agent=2 call=7 status=ok seconds=2.5
agent=3 call=2 status=ok seconds=1.9
agent=3 call=1 status=ok seconds=11.7
agent=0 call=6 status=ok seconds=7.0
agent=1 call=7 status=ok seconds=8.9
agent=1 call=6 status=ok seconds=23.2
agent=1 call=9 status=ok seconds=3.4
agent=2 call=8 status=ok seconds=1.9
agent=2 call=9 status=ok seconds=6.1
agent=3 call=3 status=ok seconds=2.2
agent=0 call=7 status=ok seconds=17.9
agent=2 call=7 status=ok seconds=8.7
agent=2 call=6 status=ok seconds=11.2
agent=3 call=2 status=ok seconds=4.9
agent=3 call=4 status=ok seconds=9.9
agent=2 call=10 status=ok seconds=7.7
agent=1 call=8 status=ok seconds=3.1
agent=1 call=6 status=ok seconds=38.9
agent=3 call=1 status=ok seconds=6.8
agent=1 call=10 status=ok seconds=15.1
agent=2 call=8 status=ok seconds=4.8
agent=3 call=3 status=ok seconds=2.9
agent=2 call=9 status=ok seconds=3.8
agent=1 call=7 status=ok seconds=8.8
agent=1 call=9 status=ok seconds=3.8
blocked_varied_s1 batch_rejected 1
agent=0 call=7 status=ok seconds=13.6
agent=3 call=4 status=ok seconds=3.9
dense_varied_s2 resolution 1
dense_varied_s2 round_start 2
agent=1 call=7 status=ok seconds=30.6
agent=2 call=6 status=ok seconds=12.0
agent=2 call=7 status=ok seconds=3.8
agent=0 call=5 status=ok seconds=9.2
agent=3 call=2 status=ok seconds=6.3
agent=3 call=5 status=ok seconds=23.5
agent=1 call=10 status=ok seconds=11.6
agent=1 call=8 status=ok seconds=5.2
agent=2 call=10 status=ok seconds=6.1
agent=3 call=1 status=ok seconds=14.9
agent=2 call=8 status=ok seconds=2.2
agent=0 call=8 status=ok seconds=7.5
agent=3 call=3 status=ok seconds=3.3
agent=3 call=5 status=ok seconds=7.7
agent=1 call=9 status=ok seconds=7.6
agent=1 call=7 status=ok seconds=14.8
agent=2 call=9 status=ok seconds=4.3
agent=0 call=6 status=ok seconds=11.1
agent=2 call=9 status=ok seconds=23.6
agent=3 call=4 status=ok seconds=4.3
blocked_uniform_s1 resolution 1
blocked_uniform_s1 round_start 2
agent=2 call=11 status=ok seconds=2.3
agent=1 call=5 status=truncated seconds=162.5
agent=2 call=7 status=ok seconds=37.5
agent=3 call=4 status=ok seconds=3.8
blocked_varied_s1 resolution 1
blocked_varied_s1 round_start 2
agent=2 call=5 status=ok seconds=4.4
agent=2 call=11 status=ok seconds=26.7
agent=3 call=6 status=ok seconds=7.6
agent=3 call=2 status=ok seconds=6.6
agent=0 call=5 status=ok seconds=9.2
agent=2 call=7 status=ok seconds=15.4
agent=0 call=7 status=ok seconds=3.5
agent=0 call=5 status=ok seconds=9.7
agent=3 call=1 status=ok seconds=6.0
agent=2 call=12 status=ok seconds=2.4
agent=1 call=8 status=ok seconds=6.0
agent=3 call=6 status=ok seconds=7.4
agent=3 call=7 status=ok seconds=3.0
agent=1 call=6 status=ok seconds=6.7
agent=2 call=10 status=ok seconds=9.7
agent=2 call=10 status=ok seconds=9.0
agent=3 call=5 status=ok seconds=2.9
agent=0 call=8 status=ok seconds=5.6
agent=2 call=8 status=ok seconds=8.4
agent=3 call=2 status=ok seconds=15.1
agent=2 call=13 status=ok seconds=3.9
agent=0 call=9 status=ok seconds=11.8
agent=3 call=3 status=ok seconds=4.2
agent=3 call=5 status=ok seconds=6.8
agent=2 call=6 status=ok seconds=8.9
agent=0 call=6 status=ok seconds=8.3
agent=1 call=8 status=ok seconds=5.9
agent=2 call=12 status=ok seconds=6.1
agent=2 call=11 status=ok seconds=3.3
agent=3 call=8 status=ok seconds=9.5
dense_varied_s2 batch_rejected 2
agent=3 call=6 status=ok seconds=2.7
agent=3 call=2 status=ok seconds=8.8
agent=2 call=8 status=ok seconds=9.4
agent=0 call=6 status=ok seconds=13.6
agent=1 call=7 status=ok seconds=6.9
agent=3 call=7 status=ok seconds=10.5
blocked_uniform_s2 batch_rejected 2
agent=3 call=9 status=ok seconds=8.0
dense_varied_s2 resolution 2
dense_varied_s2 game_end 3
Finished 9/24
agent=0 call=7 status=ok seconds=9.6
agent=3 call=3 status=ok seconds=5.7
agent=2 call=11 status=ok seconds=5.9
agent=2 call=7 status=ok seconds=4.3
agent=3 call=8 status=ok seconds=6.7
blocked_uniform_s2 resolution 2
blocked_uniform_s2 game_end 3
Finished 10/24
agent=3 call=3 status=ok seconds=4.0
agent=2 call=12 status=ok seconds=6.9
agent=1 call=9 status=ok seconds=26.8
agent=3 call=6 status=ok seconds=7.7
agent=3 call=7 status=ok seconds=2.7
agent=1 call=9 status=ok seconds=15.2
agent=0 call=8 status=ok seconds=5.7
agent=2 call=13 status=ok seconds=3.2
agent=2 call=9 status=ok seconds=11.4
dense_varied_s3 batch_rejected 1
agent=0 call=7 status=ok seconds=12.3
agent=3 call=8 status=ok seconds=2.9
agent=2 call=9 status=ok seconds=8.2
agent=1 call=8 status=ok seconds=18.4
agent=2 call=12 status=ok seconds=4.3
agent=0 call=9 status=ok seconds=5.1
agent=3 call=4 status=ok seconds=4.3
blocked_uniform_s3 resolution 1
blocked_uniform_s3 round_start 2
agent=2 call=8 status=ok seconds=5.0
agent=3 call=7 status=ok seconds=4.0
agent=2 call=14 status=ok seconds=4.3
agent=3 call=4 status=ok seconds=4.9
dense_uniform_s3 resolution 1
dense_uniform_s3 round_start 2
agent=3 call=9 status=ok seconds=4.0
blocked_uniform_s1 resolution 2
blocked_uniform_s1 game_end 3
Finished 11/24
agent=0 call=6 status=ok seconds=8.8
agent=0 call=8 status=ok seconds=7.8
agent=2 call=13 status=ok seconds=5.4
agent=2 call=10 status=ok seconds=6.9
agent=0 call=4 status=ok seconds=9.6
agent=3 call=8 status=ok seconds=4.7
blocked_varied_s1 resolution 2
blocked_varied_s1 game_end 3
Finished 12/24
agent=2 call=9 status=ok seconds=7.6
agent=2 call=10 status=ok seconds=32.5
agent=3 call=5 status=ok seconds=11.1
agent=3 call=5 status=ok seconds=7.9
agent=3 call=4 status=ok seconds=8.0
dense_varied_s3 resolution 1
dense_varied_s3 round_start 2
agent=0 call=7 status=ok seconds=10.7
agent=0 call=5 status=ok seconds=11.2
agent=2 call=11 status=ok seconds=16.7
agent=2 call=11 status=ok seconds=12.6
agent=2 call=10 status=truncated seconds=170.8
agent=3 call=5 status=ok seconds=10.4
agent=3 call=6 status=ok seconds=18.0
agent=0 call=8 status=ok seconds=3.7
agent=0 call=6 status=ok seconds=14.1
agent=2 call=12 status=ok seconds=5.9
agent=3 call=7 status=ok seconds=4.5
agent=2 call=12 status=ok seconds=7.1
agent=3 call=5 status=ok seconds=28.8
agent=0 call=9 status=ok seconds=3.9
blocked_uniform_s3 batch_rejected 2
agent=3 call=6 status=ok seconds=6.6
agent=0 call=10 status=ok seconds=10.6
agent=0 call=8 status=ok seconds=12.0
agent=0 call=7 status=ok seconds=8.5
agent=2 call=13 status=ok seconds=2.9
agent=2 call=13 status=ok seconds=5.1
blocked_uniform_s3 batch_rejected 2
agent=3 call=7 status=ok seconds=4.2
agent=2 call=14 status=ok seconds=7.6
agent=0 call=8 status=ok seconds=14.5
agent=3 call=8 status=ok seconds=13.0
blocked_uniform_s3 resolution 2
blocked_uniform_s3 game_end 3
Finished 13/24
agent=2 call=14 status=ok seconds=5.3
agent=3 call=8 status=ok seconds=9.1
dense_varied_s3 resolution 2
dense_varied_s3 game_end 3
Finished 14/24
agent=0 call=5 status=truncated seconds=174.3
agent=2 call=10 status=ok seconds=4.2
agent=3 call=6 status=ok seconds=5.6
agent=2 call=11 status=truncated seconds=181.7
agent=3 call=6 status=ok seconds=7.3
agent=0 call=9 status=ok seconds=4.1
agent=0 call=6 status=truncated seconds=188.2
agent=2 call=11 status=ok seconds=10.2
agent=3 call=7 status=ok seconds=31.3
agent=2 call=12 status=truncated seconds=194.7
agent=3 call=7 status=ok seconds=6.0
agent=0 call=10 status=ok seconds=12.6
dense_varied_s1 batch_rejected 2
agent=0 call=7 status=truncated seconds=190.3
agent=2 call=12 status=ok seconds=4.1
agent=3 call=8 status=ok seconds=5.0
agent=0 call=11 status=truncated seconds=189.6
dense_varied_s1 batch_rejected 2
agent=2 call=13 status=ok seconds=12.3
agent=3 call=8 status=ok seconds=12.6
dense_varied_s1 resolution 2
dense_varied_s1 game_end 3
Finished 15/24
agent=0 call=8 status=truncated seconds=202.0
dense_uniform_s3 batch_rejected 2
agent=0 call=9 status=truncated seconds=214.6
dense_uniform_s3 batch_rejected 2
agent=2 call=13 status=ok seconds=4.8
agent=3 call=9 status=ok seconds=13.0
dense_uniform_s3 resolution 2
dense_uniform_s3 game_end 3
Finished 16/24
replan_uniform_s2 round_start 0
replan_varied_s2 round_start 0
replan_uniform_s3 round_start 0
replan_varied_s3 round_start 0
blocked_varied_s2 round_start 0
blocked_varied_s3 round_start 0
replan_uniform_s1 round_start 0
replan_varied_s1 round_start 0
agent=0 call=0 status=ok seconds=6.2
agent=0 call=0 status=ok seconds=6.2
agent=0 call=0 status=ok seconds=6.2
agent=0 call=0 status=ok seconds=6.4
agent=0 call=0 status=ok seconds=6.6
agent=0 call=0 status=ok seconds=6.6
agent=0 call=0 status=ok seconds=6.6
agent=0 call=0 status=ok seconds=6.8
agent=1 call=0 status=ok seconds=4.7
agent=1 call=0 status=ok seconds=4.7
agent=1 call=0 status=ok seconds=4.9
agent=1 call=0 status=ok seconds=5.0
agent=1 call=0 status=ok seconds=5.0
agent=1 call=0 status=ok seconds=5.4
agent=1 call=0 status=ok seconds=5.3
agent=1 call=0 status=ok seconds=5.8
agent=2 call=0 status=ok seconds=3.3
agent=2 call=0 status=ok seconds=3.3
agent=2 call=0 status=ok seconds=3.3
agent=2 call=0 status=ok seconds=3.0
agent=2 call=0 status=ok seconds=3.3
agent=2 call=0 status=ok seconds=2.8
agent=0 call=1 status=ok seconds=5.0
agent=2 call=0 status=ok seconds=7.9
agent=0 call=1 status=ok seconds=5.0
agent=0 call=1 status=ok seconds=6.3
agent=0 call=1 status=ok seconds=6.3
agent=0 call=1 status=ok seconds=6.3
agent=0 call=1 status=ok seconds=6.4
agent=2 call=0 status=ok seconds=9.8
agent=1 call=1 status=ok seconds=5.2
agent=1 call=1 status=ok seconds=5.1
agent=0 call=1 status=ok seconds=6.0
agent=1 call=1 status=ok seconds=5.5
agent=1 call=1 status=ok seconds=5.5
agent=1 call=1 status=ok seconds=5.7
agent=0 call=1 status=ok seconds=4.9
agent=1 call=1 status=ok seconds=5.6
agent=2 call=1 status=ok seconds=1.8
agent=2 call=1 status=ok seconds=2.4
agent=1 call=1 status=ok seconds=2.4
agent=2 call=1 status=ok seconds=3.4
agent=2 call=1 status=ok seconds=3.4
agent=2 call=1 status=ok seconds=3.0
agent=2 call=1 status=ok seconds=3.5
agent=0 call=2 status=ok seconds=3.4
agent=0 call=2 status=ok seconds=3.4
agent=0 call=2 status=ok seconds=3.1
agent=0 call=2 status=ok seconds=3.1
agent=0 call=2 status=ok seconds=3.1
agent=0 call=2 status=ok seconds=3.3
agent=2 call=1 status=ok seconds=6.1
agent=1 call=2 status=ok seconds=2.7
agent=1 call=2 status=ok seconds=5.0
agent=1 call=2 status=ok seconds=3.4
agent=1 call=2 status=ok seconds=3.4
agent=1 call=2 status=ok seconds=5.3
agent=0 call=2 status=ok seconds=2.2
agent=2 call=2 status=ok seconds=1.8
agent=1 call=1 status=ok seconds=12.2
agent=2 call=2 status=ok seconds=2.6
agent=2 call=2 status=ok seconds=2.4
agent=2 call=2 status=ok seconds=2.6
agent=1 call=2 status=ok seconds=5.6
agent=2 call=2 status=ok seconds=2.4
agent=1 call=2 status=ok seconds=1.5
agent=0 call=3 status=ok seconds=2.4
agent=0 call=3 status=ok seconds=2.4
agent=2 call=2 status=ok seconds=2.6
agent=0 call=3 status=ok seconds=3.5
agent=0 call=3 status=ok seconds=3.5
agent=0 call=3 status=ok seconds=3.5
agent=2 call=2 status=ok seconds=3.9
agent=1 call=3 status=ok seconds=3.7
agent=0 call=3 status=ok seconds=2.9
agent=1 call=3 status=ok seconds=3.3
agent=1 call=3 status=ok seconds=3.8
agent=2 call=3 status=ok seconds=2.0
agent=0 call=3 status=ok seconds=3.2
agent=1 call=3 status=ok seconds=3.8
agent=1 call=3 status=ok seconds=4.2
agent=2 call=1 status=ok seconds=8.1
agent=2 call=3 status=ok seconds=2.2
agent=1 call=3 status=ok seconds=4.0
agent=1 call=3 status=ok seconds=2.8
agent=2 call=3 status=ok seconds=3.8
replan_uniform_s2 resolution 0
replan_uniform_s2 round_start 1
agent=0 call=4 status=ok seconds=3.8
agent=2 call=3 status=ok seconds=3.9
replan_uniform_s3 resolution 0
replan_uniform_s3 round_start 1
agent=2 call=3 status=ok seconds=1.9
agent=2 call=3 status=ok seconds=4.0
replan_uniform_s1 resolution 0
replan_uniform_s1 round_start 1
agent=0 call=4 status=ok seconds=3.8
agent=2 call=3 status=ok seconds=3.8
blocked_varied_s2 resolution 0
blocked_varied_s2 round_start 1
agent=1 call=4 status=ok seconds=4.0
agent=0 call=4 status=ok seconds=3.8
agent=0 call=2 status=ok seconds=7.7
agent=1 call=4 status=ok seconds=3.7
agent=1 call=4 status=ok seconds=6.8
agent=1 call=4 status=ok seconds=6.8
agent=2 call=4 status=ok seconds=3.3
replan_varied_s2 resolution 0
replan_varied_s2 round_start 1
agent=1 call=4 status=ok seconds=7.0
agent=2 call=4 status=ok seconds=3.6
replan_varied_s3 resolution 0
replan_varied_s3 round_start 1
agent=1 call=4 status=ok seconds=5.4
agent=1 call=4 status=ok seconds=4.2
agent=2 call=4 status=ok seconds=3.3
agent=2 call=4 status=ok seconds=3.0
agent=2 call=4 status=ok seconds=3.7
replan_varied_s1 resolution 0
replan_varied_s1 round_start 1
agent=1 call=5 status=ok seconds=5.7
agent=2 call=4 status=ok seconds=6.0
agent=1 call=5 status=ok seconds=6.9
agent=3 call=0 status=ok seconds=7.3
agent=1 call=2 status=ok seconds=13.1
agent=3 call=0 status=ok seconds=7.5
agent=2 call=5 status=ok seconds=4.9
agent=2 call=4 status=ok seconds=10.7
agent=2 call=5 status=ok seconds=4.8
agent=1 call=5 status=ok seconds=7.9
agent=3 call=0 status=ok seconds=8.4
agent=2 call=5 status=ok seconds=4.8
agent=3 call=0 status=ok seconds=6.4
agent=3 call=0 status=ok seconds=7.8
agent=2 call=2 status=ok seconds=8.3
agent=1 call=5 status=ok seconds=9.0
agent=1 call=5 status=ok seconds=9.6
agent=1 call=5 status=ok seconds=2.6
agent=3 call=0 status=ok seconds=8.6
agent=1 call=5 status=ok seconds=8.5
agent=2 call=5 status=ok seconds=3.6
agent=0 call=3 status=ok seconds=6.2
agent=3 call=0 status=ok seconds=8.0
agent=2 call=5 status=ok seconds=6.3
agent=2 call=5 status=ok seconds=6.8
agent=3 call=1 status=ok seconds=2.5
agent=1 call=6 status=ok seconds=10.8
agent=2 call=5 status=ok seconds=6.3
agent=3 call=1 status=ok seconds=3.6
agent=1 call=6 status=ok seconds=2.9
agent=1 call=6 status=ok seconds=9.1
agent=1 call=6 status=ok seconds=8.3
agent=2 call=6 status=ok seconds=4.0
agent=3 call=1 status=ok seconds=7.8
agent=3 call=2 status=ok seconds=3.7
blocked_varied_s2 resolution 1
blocked_varied_s2 round_start 2
agent=3 call=1 status=ok seconds=8.7
agent=2 call=6 status=ok seconds=7.9
agent=1 call=6 status=ok seconds=8.9
agent=2 call=6 status=ok seconds=10.6
agent=2 call=6 status=ok seconds=7.7
agent=2 call=6 status=ok seconds=3.7
agent=1 call=3 status=ok seconds=18.1
agent=1 call=6 status=ok seconds=10.0
agent=3 call=1 status=ok seconds=3.2
agent=3 call=2 status=ok seconds=3.0
agent=0 call=4 status=ok seconds=8.0
agent=2 call=3 status=ok seconds=4.0
agent=3 call=1 status=ok seconds=9.4
agent=3 call=1 status=ok seconds=9.0
agent=1 call=6 status=ok seconds=11.4
agent=0 call=4 status=ok seconds=8.7
agent=2 call=7 status=ok seconds=10.8
agent=1 call=7 status=ok seconds=13.0
agent=1 call=7 status=ok seconds=9.1
agent=1 call=7 status=ok seconds=13.2
agent=1 call=7 status=ok seconds=11.0
agent=2 call=7 status=ok seconds=3.4
agent=2 call=7 status=ok seconds=3.7
agent=2 call=7 status=ok seconds=3.4
agent=1 call=4 status=ok seconds=7.4
agent=2 call=7 status=ok seconds=4.7
agent=3 call=2 status=ok seconds=2.8
agent=3 call=3 status=ok seconds=8.7
agent=3 call=2 status=ok seconds=3.5
agent=3 call=3 status=ok seconds=3.6
replan_uniform_s2 resolution 1
replan_uniform_s2 round_start 2
agent=2 call=4 status=ok seconds=3.9
blocked_varied_s3 resolution 0
blocked_varied_s3 round_start 1
agent=2 call=6 status=ok seconds=17.4
agent=1 call=8 status=ok seconds=3.9
agent=3 call=2 status=ok seconds=7.3
agent=2 call=8 status=ok seconds=2.7
agent=3 call=3 status=ok seconds=2.1
agent=0 call=4 status=ok seconds=7.7
agent=1 call=8 status=ok seconds=6.1
agent=1 call=5 status=ok seconds=9.1
agent=1 call=8 status=ok seconds=10.5
agent=0 call=5 status=ok seconds=11.2
agent=1 call=9 status=ok seconds=5.2
agent=2 call=8 status=ok seconds=3.3
agent=3 call=2 status=ok seconds=12.4
agent=2 call=8 status=ok seconds=5.4
agent=2 call=8 status=ok seconds=4.7
agent=2 call=9 status=ok seconds=2.8
replan_varied_s2 batch_rejected 1
agent=3 call=3 status=ok seconds=2.9
agent=1 call=7 status=ok seconds=3.8
agent=2 call=5 status=ok seconds=8.9
agent=3 call=3 status=ok seconds=5.3
replan_varied_s3 resolution 1
replan_varied_s3 round_start 2
agent=1 call=9 status=ok seconds=5.7
replan_varied_s1 batch_rejected 1
agent=3 call=4 status=ok seconds=7.7
agent=2 call=10 status=ok seconds=6.8
agent=3 call=4 status=ok seconds=3.4
replan_varied_s2 resolution 1
replan_varied_s2 round_start 2
agent=2 call=7 status=ok seconds=9.1
agent=3 call=0 status=ok seconds=8.9
agent=0 call=5 status=ok seconds=8.8
agent=1 call=10 status=ok seconds=8.7
agent=0 call=5 status=ok seconds=10.3
agent=2 call=9 status=ok seconds=4.4
agent=0 call=5 status=ok seconds=8.8
agent=2 call=9 status=ok seconds=6.3
agent=3 call=4 status=ok seconds=3.9
replan_varied_s1 resolution 1
replan_varied_s1 round_start 2
agent=2 call=9 status=ok seconds=6.3
agent=3 call=3 status=ok seconds=13.6
agent=2 call=8 status=ok seconds=32.4
agent=2 call=11 status=ok seconds=9.4
agent=1 call=8 status=ok seconds=4.5
agent=3 call=4 status=ok seconds=9.3
agent=1 call=6 status=ok seconds=16.8
agent=3 call=4 status=ok seconds=3.4
agent=0 call=5 status=ok seconds=8.7
agent=0 call=6 status=ok seconds=4.8
agent=3 call=5 status=ok seconds=8.9
agent=2 call=10 status=ok seconds=6.1
agent=2 call=6 status=ok seconds=10.4
agent=0 call=6 status=ok seconds=10.4
agent=3 call=5 status=ok seconds=17.9
agent=2 call=9 status=ok seconds=6.2
agent=3 call=5 status=ok seconds=2.3
agent=3 call=5 status=ok seconds=8.5
agent=0 call=6 status=ok seconds=9.5
agent=0 call=6 status=ok seconds=6.6
agent=3 call=1 status=ok seconds=8.1
agent=2 call=10 status=ok seconds=3.0
agent=0 call=6 status=ok seconds=7.4
agent=2 call=12 status=ok seconds=7.7
agent=2 call=10 status=ok seconds=14.6
agent=0 call=7 status=ok seconds=10.1
agent=3 call=6 status=ok seconds=5.9
agent=2 call=8 status=ok seconds=31.9
agent=2 call=6 status=ok seconds=99.7
agent=2 call=11 status=ok seconds=9.6
agent=0 call=7 status=ok seconds=7.5
agent=3 call=6 status=ok seconds=10.0
agent=3 call=6 status=ok seconds=3.6
agent=3 call=5 status=ok seconds=12.7
agent=2 call=11 status=ok seconds=4.2
agent=0 call=7 status=ok seconds=4.3
agent=0 call=7 status=ok seconds=3.9
agent=3 call=4 status=ok seconds=10.3
replan_uniform_s1 resolution 1
replan_uniform_s1 round_start 2
agent=2 call=10 status=ok seconds=18.3
agent=3 call=2 status=ok seconds=11.9
agent=2 call=12 status=ok seconds=5.1
agent=1 call=7 status=ok seconds=29.2
agent=2 call=11 status=ok seconds=6.9
agent=0 call=7 status=ok seconds=14.1
agent=3 call=7 status=ok seconds=2.6
agent=0 call=4 status=ok seconds=8.0
agent=2 call=7 status=ok seconds=3.7
agent=0 call=8 status=ok seconds=3.8
agent=3 call=6 status=ok seconds=4.6
agent=2 call=13 status=ok seconds=5.0
agent=3 call=2 status=ok seconds=2.7
agent=3 call=7 status=ok seconds=3.2
agent=2 call=9 status=ok seconds=7.5
agent=0 call=8 status=ok seconds=5.5
agent=3 call=6 status=ok seconds=19.4
blocked_varied_s2 batch_rejected 2
agent=3 call=7 status=ok seconds=25.1
replan_uniform_s2 resolution 2
replan_uniform_s2 game_end 3
Finished 17/24
agent=2 call=12 status=ok seconds=6.3
agent=3 call=5 status=ok seconds=8.3
agent=2 call=13 status=ok seconds=15.6
agent=1 call=8 status=ok seconds=14.6
blocked_varied_s3 batch_rejected 1
agent=0 call=8 status=ok seconds=11.7
agent=1 call=7 status=ok seconds=25.9
agent=0 call=5 status=ok seconds=6.6
agent=3 call=8 status=ok seconds=4.2
replan_varied_s1 resolution 2
replan_varied_s1 game_end 3
Finished 18/24
agent=2 call=14 status=ok seconds=4.8
replan_varied_s2 batch_rejected 2
agent=2 call=7 status=ok seconds=5.1
agent=3 call=7 status=ok seconds=14.6
blocked_varied_s2 batch_rejected 2
blocked_varied_s2 resolution 2
blocked_varied_s2 game_end 3
Finished 19/24
agent=2 call=15 status=ok seconds=5.6
agent=2 call=10 status=ok seconds=7.0
agent=3 call=3 status=ok seconds=5.1
agent=3 call=7 status=ok seconds=19.3
replan_varied_s3 resolution 2
replan_varied_s3 game_end 3
Finished 20/24
agent=3 call=8 status=ok seconds=5.0
replan_varied_s2 resolution 2
replan_varied_s2 game_end 3
Finished 21/24
agent=1 call=9 status=ok seconds=19.5
agent=1 call=8 status=ok seconds=7.8
agent=3 call=6 status=ok seconds=10.8
agent=2 call=8 status=ok seconds=4.1
agent=0 call=6 status=ok seconds=3.6
agent=3 call=3 status=ok seconds=3.4
blocked_varied_s3 resolution 1
blocked_varied_s3 round_start 2
agent=2 call=11 status=ok seconds=4.3
agent=3 call=7 status=ok seconds=5.3
agent=0 call=5 status=ok seconds=9.1
agent=0 call=7 status=ok seconds=3.8
agent=2 call=12 status=ok seconds=4.7
agent=2 call=9 status=ok seconds=8.4
agent=2 call=8 status=ok seconds=25.0
agent=3 call=4 status=ok seconds=7.3
replan_uniform_s3 resolution 1
replan_uniform_s3 round_start 2
agent=3 call=4 status=ok seconds=8.6
agent=0 call=4 status=ok seconds=7.8
agent=0 call=6 status=ok seconds=7.8
agent=3 call=8 status=ok seconds=23.3
replan_uniform_s1 resolution 2
replan_uniform_s1 game_end 3
Finished 22/24
agent=2 call=9 status=ok seconds=6.6
agent=2 call=10 status=ok seconds=8.4
agent=3 call=5 status=ok seconds=7.7
agent=0 call=5 status=ok seconds=3.3
agent=3 call=5 status=ok seconds=12.4
agent=2 call=10 status=ok seconds=4.6
agent=0 call=7 status=ok seconds=3.7
agent=3 call=6 status=ok seconds=8.3
agent=0 call=6 status=ok seconds=2.5
agent=2 call=11 status=ok seconds=8.7
agent=2 call=11 status=ok seconds=2.8
agent=3 call=6 status=ok seconds=4.6
agent=3 call=7 status=ok seconds=4.1
agent=0 call=7 status=ok seconds=3.8
agent=2 call=12 status=ok seconds=4.7
agent=0 call=8 status=ok seconds=14.6
agent=3 call=8 status=ok seconds=5.8
replan_uniform_s3 resolution 2
replan_uniform_s3 game_end 3
Finished 23/24
agent=2 call=12 status=ok seconds=11.5
agent=3 call=7 status=ok seconds=8.4
blocked_varied_s3 resolution 2
blocked_varied_s3 game_end 3
Finished 24/24
