FROZEN_PROFILE=calbench-stream-batch-invariant-v1
VLLM_BATCH_INVARIANT= 1
Visible GPU: NVIDIA H100 NVL MIG 3g.47gb 49794777088
Startup 0s ready=[]
Startup 30s ready=[]
dense_uniform_s1 round_start 0
loose_varied_s1 round_start 0
loose_uniform_s1 round_start 0
loose_uniform_s3 round_start 0
loose_uniform_s2 round_start 0
loose_varied_s2 round_start 0
loose_varied_s3 round_start 0
agent=0 call=0 status=ok seconds=3.5
agent=0 call=0 status=ok seconds=3.5
agent=0 call=0 status=ok seconds=4.2
agent=0 call=0 status=ok seconds=4.2
agent=0 call=0 status=ok seconds=4.3
agent=0 call=0 status=ok seconds=4.8
agent=0 call=0 status=ok seconds=5.0
dense_uniform_s2 round_start 0
agent=1 call=0 status=ok seconds=4.2
agent=1 call=0 status=ok seconds=4.6
agent=1 call=0 status=ok seconds=3.7
agent=1 call=0 status=ok seconds=5.0
agent=1 call=0 status=ok seconds=5.2
agent=1 call=0 status=ok seconds=4.4
agent=1 call=0 status=ok seconds=5.3
agent=0 call=0 status=ok seconds=4.7
agent=2 call=0 status=ok seconds=4.0
agent=2 call=0 status=ok seconds=3.1
agent=2 call=0 status=ok seconds=4.1
agent=2 call=0 status=ok seconds=4.5
agent=2 call=0 status=ok seconds=5.9
agent=1 call=0 status=ok seconds=4.4
agent=2 call=0 status=ok seconds=4.7
agent=2 call=0 status=ok seconds=5.0
agent=0 call=1 status=ok seconds=1.6
agent=1 call=1 status=ok seconds=1.5
agent=2 call=0 status=ok seconds=2.5
agent=2 call=1 status=ok seconds=1.2
agent=0 call=1 status=ok seconds=5.2
agent=0 call=1 status=ok seconds=5.7
agent=0 call=1 status=ok seconds=4.4
agent=0 call=1 status=ok seconds=1.9
agent=0 call=2 status=ok seconds=2.1
agent=0 call=1 status=ok seconds=6.2
agent=1 call=1 status=ok seconds=1.8
agent=0 call=1 status=ok seconds=6.4
agent=1 call=2 status=ok seconds=2.1
agent=0 call=1 status=ok seconds=7.1
agent=2 call=1 status=ok seconds=1.5
agent=1 call=1 status=ok seconds=4.9
agent=1 call=1 status=ok seconds=4.3
agent=2 call=2 status=ok seconds=2.1
loose_uniform_s1 resolution 0
loose_uniform_s1 round_start 1
agent=1 call=1 status=ok seconds=5.4
agent=0 call=2 status=ok seconds=2.1
agent=2 call=1 status=ok seconds=2.8
agent=1 call=1 status=ok seconds=5.4
agent=1 call=1 status=ok seconds=5.5
agent=1 call=2 status=ok seconds=2.2
agent=2 call=1 status=ok seconds=3.9
agent=1 call=1 status=ok seconds=5.2
agent=1 call=3 status=ok seconds=4.6
agent=0 call=2 status=ok seconds=3.2
agent=2 call=2 status=ok seconds=2.1
dense_uniform_s2 resolution 0
dense_uniform_s2 round_start 1
agent=2 call=1 status=ok seconds=5.0
agent=2 call=1 status=ok seconds=3.4
agent=0 call=2 status=ok seconds=2.4
agent=1 call=2 status=ok seconds=1.7
agent=0 call=2 status=ok seconds=1.6
agent=1 call=2 status=ok seconds=1.8
agent=2 call=2 status=ok seconds=1.3
agent=1 call=2 status=ok seconds=1.1
agent=2 call=1 status=ok seconds=5.1
agent=2 call=1 status=ok seconds=5.3
agent=2 call=3 status=ok seconds=4.1
agent=0 call=3 status=ok seconds=1.2
agent=2 call=2 status=ok seconds=1.8
agent=1 call=3 status=ok seconds=4.3
agent=2 call=2 status=ok seconds=1.5
agent=1 call=3 status=ok seconds=1.4
agent=2 call=3 status=ok seconds=1.0
agent=0 call=3 status=ok seconds=2.3
agent=0 call=2 status=ok seconds=4.4
agent=3 call=0 status=ok seconds=3.9
agent=0 call=4 status=ok seconds=2.0
agent=1 call=2 status=ok seconds=1.3
agent=1 call=3 status=ok seconds=2.0
agent=1 call=4 status=ok seconds=1.4
agent=2 call=2 status=ok seconds=1.3
agent=1 call=4 status=ok seconds=2.2
agent=2 call=4 status=ok seconds=1.4
agent=0 call=3 status=ok seconds=6.3
agent=0 call=2 status=ok seconds=7.4
agent=2 call=3 status=ok seconds=2.3
loose_varied_s1 resolution 0
loose_varied_s1 round_start 1
agent=0 call=3 status=ok seconds=1.3
agent=2 call=3 status=ok seconds=7.2
agent=3 call=1 status=ok seconds=1.5
agent=1 call=3 status=ok seconds=1.1
agent=2 call=4 status=ok seconds=2.2
loose_varied_s2 resolution 0
loose_varied_s2 round_start 1
agent=1 call=3 status=ok seconds=2.3
agent=2 call=3 status=ok seconds=1.1
agent=1 call=5 status=ok seconds=2.0
agent=0 call=2 status=ok seconds=13.7
agent=1 call=2 status=ok seconds=3.8
agent=2 call=3 status=ok seconds=2.6
loose_uniform_s2 resolution 0
loose_uniform_s2 round_start 1
agent=0 call=4 status=ok seconds=2.0
agent=1 call=4 status=ok seconds=4.4
agent=2 call=5 status=ok seconds=2.0
agent=3 call=0 status=ok seconds=4.6
agent=1 call=5 status=ok seconds=4.0
agent=1 call=4 status=ok seconds=2.2
agent=2 call=2 status=ok seconds=3.4
agent=3 call=2 status=ok seconds=2.3
loose_uniform_s1 resolution 1
loose_uniform_s1 round_start 2
agent=1 call=4 status=ok seconds=2.2
agent=2 call=4 status=ok seconds=1.9
loose_uniform_s3 resolution 0
loose_uniform_s3 round_start 1
agent=0 call=3 status=ok seconds=1.5
agent=2 call=5 status=ok seconds=3.2
agent=2 call=4 status=ok seconds=4.5
agent=1 call=3 status=ok seconds=1.2
agent=1 call=4 status=ok seconds=5.6
agent=1 call=2 status=ok seconds=7.3
agent=2 call=3 status=ok seconds=1.4
agent=0 call=3 status=ok seconds=4.7
agent=2 call=4 status=ok seconds=4.7
agent=2 call=2 status=ok seconds=1.6
agent=3 call=0 status=ok seconds=3.9
agent=2 call=4 status=ok seconds=3.4
agent=0 call=4 status=ok seconds=2.2
agent=3 call=1 status=ok seconds=1.9
agent=1 call=5 status=ok seconds=5.4
agent=3 call=0 status=ok seconds=5.3
agent=1 call=5 status=ok seconds=1.7
agent=1 call=4 status=ok seconds=2.2
agent=1 call=5 status=ok seconds=4.3
agent=2 call=6 status=ok seconds=5.5
agent=2 call=4 status=ok seconds=2.1
loose_varied_s3 resolution 0
loose_varied_s3 round_start 1
agent=3 call=0 status=ok seconds=4.6
agent=2 call=5 status=ok seconds=2.6
agent=2 call=5 status=ok seconds=4.9
agent=3 call=2 status=ok seconds=0.9
agent=0 call=3 status=ok seconds=7.1
agent=1 call=5 status=ok seconds=1.6
agent=1 call=6 status=ok seconds=5.6
agent=3 call=3 status=ok seconds=3.8
agent=2 call=5 status=ok seconds=1.9
agent=1 call=6 status=ok seconds=2.2
dense_uniform_s2 batch_rejected 1
agent=1 call=3 status=ok seconds=2.8
agent=2 call=5 status=ok seconds=5.0
agent=0 call=4 status=ok seconds=1.4
agent=2 call=3 status=ok seconds=0.9
agent=3 call=1 status=ok seconds=1.8
agent=1 call=5 status=ok seconds=5.7
agent=3 call=0 status=ok seconds=4.7
agent=2 call=7 status=ok seconds=1.5
agent=2 call=6 status=ok seconds=4.7
agent=1 call=6 status=ok seconds=1.3
agent=1 call=6 status=ok seconds=2.3
agent=3 call=4 status=ok seconds=1.7
agent=2 call=6 status=ok seconds=1.4
agent=3 call=1 status=ok seconds=4.5
agent=2 call=5 status=ok seconds=3.7
agent=2 call=6 status=ok seconds=2.2
agent=3 call=1 status=ok seconds=1.4
agent=0 call=5 status=ok seconds=2.3
agent=3 call=1 status=ok seconds=3.7
agent=1 call=7 status=ok seconds=7.0
agent=1 call=7 status=ok seconds=2.1
agent=3 call=2 status=ok seconds=2.3
loose_uniform_s2 resolution 1
loose_uniform_s2 round_start 2
agent=2 call=8 status=ok seconds=2.0
agent=2 call=6 status=ok seconds=2.3
agent=0 call=4 status=ok seconds=8.5
agent=2 call=7 status=ok seconds=2.0
agent=3 call=0 status=ok seconds=5.0
agent=3 call=5 status=ok seconds=2.4
loose_uniform_s1 resolution 2
loose_uniform_s1 game_end 3
Finished 1/24
agent=3 call=3 status=ok seconds=2.3
dense_uniform_s2 resolution 1
dense_uniform_s2 round_start 2
agent=1 call=7 status=ok seconds=5.4
agent=1 call=6 status=ok seconds=6.8
agent=1 call=4 status=ok seconds=2.3
agent=3 call=2 status=ok seconds=2.2
loose_uniform_s3 resolution 1
loose_uniform_s3 round_start 2
agent=0 call=4 status=ok seconds=4.1
agent=2 call=4 status=ok seconds=2.2
dense_uniform_s1 resolution 0
dense_uniform_s1 round_start 1
agent=2 call=7 status=ok seconds=2.9
agent=2 call=6 status=ok seconds=2.8
agent=1 call=6 status=ok seconds=4.1
agent=3 call=2 status=ok seconds=1.2
agent=2 call=7 status=ok seconds=3.6
agent=2 call=6 status=ok seconds=2.0
agent=1 call=8 status=ok seconds=1.2
agent=0 call=5 status=ok seconds=4.9
agent=0 call=3 status=ok seconds=5.9
agent=3 call=1 status=ok seconds=1.3
agent=2 call=8 status=ok seconds=1.1
agent=3 call=3 status=ok seconds=0.9
agent=3 call=2 status=ok seconds=4.7
agent=1 call=5 status=ok seconds=5.3
agent=1 call=7 status=ok seconds=2.1
agent=3 call=3 status=ok seconds=4.3
agent=1 call=9 status=ok seconds=2.2
agent=2 call=7 status=ok seconds=1.5
agent=2 call=8 status=ok seconds=4.7
agent=2 call=7 status=ok seconds=5.3
agent=3 call=2 status=ok seconds=1.3
agent=0 call=5 status=ok seconds=2.8
agent=2 call=9 status=ok seconds=2.2
agent=1 call=7 status=ok seconds=4.2
agent=2 call=5 status=ok seconds=5.2
agent=1 call=8 status=ok seconds=2.2
agent=2 call=8 status=ok seconds=1.9
agent=3 call=4 status=ok seconds=2.2
loose_varied_s2 resolution 1
loose_varied_s2 round_start 2
agent=2 call=7 status=ok seconds=2.5
agent=3 call=4 status=ok seconds=3.7
agent=3 call=4 status=ok seconds=1.5
agent=2 call=8 status=ok seconds=1.7
agent=3 call=3 status=ok seconds=1.9
agent=3 call=3 status=ok seconds=6.6
agent=3 call=3 status=ok seconds=2.0
loose_varied_s3 resolution 1
loose_varied_s3 round_start 2
agent=0 call=6 status=ok seconds=2.6
agent=0 call=5 status=ok seconds=3.9
agent=3 call=0 status=ok seconds=4.9
agent=0 call=4 status=ok seconds=4.0
agent=2 call=9 status=ok seconds=1.3
agent=1 call=8 status=ok seconds=3.3
agent=3 call=5 status=ok seconds=1.4
agent=2 call=8 status=ok seconds=1.7
agent=3 call=5 status=ok seconds=1.4
agent=2 call=8 status=ok seconds=2.3
agent=0 call=5 status=ok seconds=5.0
agent=0 call=6 status=ok seconds=5.8
agent=2 call=10 status=ok seconds=5.2
agent=1 call=6 status=ok seconds=5.3
agent=0 call=7 status=ok seconds=3.3
agent=3 call=4 status=ok seconds=2.4
loose_varied_s1 resolution 1
loose_varied_s1 round_start 2
agent=0 call=5 status=ok seconds=3.1
agent=2 call=9 status=ok seconds=0.9
agent=2 call=10 status=ok seconds=2.2
agent=2 call=9 status=ok seconds=3.9
agent=3 call=6 status=ok seconds=1.0
agent=3 call=6 status=ok seconds=2.2
loose_uniform_s2 resolution 2
loose_uniform_s2 game_end 3
Finished 2/24
agent=2 call=9 status=ok seconds=5.4
agent=2 call=6 status=ok seconds=5.2
agent=0 call=4 status=ok seconds=4.3
agent=3 call=5 status=ok seconds=5.7
agent=0 call=6 status=ok seconds=2.4
agent=2 call=10 status=ok seconds=2.2
agent=0 call=6 status=ok seconds=3.5
agent=3 call=4 status=ok seconds=6.4
agent=2 call=9 status=ok seconds=4.4
agent=3 call=4 status=ok seconds=6.3
agent=0 call=6 status=ok seconds=3.8
agent=3 call=1 status=ok seconds=8.0
agent=3 call=5 status=ok seconds=4.7
agent=3 call=7 status=ok seconds=6.6
dense_uniform_s2 resolution 2
dense_uniform_s2 game_end 3
agent=0 call=7 status=ok seconds=3.5
agent=2 call=10 status=ok seconds=1.7
Finished 3/24
agent=2 call=11 status=ok seconds=6.2
agent=2 call=10 status=ok seconds=1.4
agent=3 call=5 status=ok seconds=1.8
agent=3 call=6 status=ok seconds=1.9
agent=0 call=5 status=ok seconds=3.3
agent=1 call=7 status=ok seconds=5.0
agent=3 call=5 status=ok seconds=2.6
agent=0 call=8 status=ok seconds=1.2
agent=0 call=7 status=ok seconds=3.4
agent=0 call=7 status=ok seconds=4.1
agent=2 call=11 status=ok seconds=1.1
agent=2 call=11 status=ok seconds=1.4
agent=3 call=6 status=ok seconds=1.6
agent=2 call=10 status=ok seconds=4.9
agent=2 call=12 status=ok seconds=3.1
agent=0 call=9 status=ok seconds=2.0
agent=3 call=7 status=ok seconds=1.6
agent=3 call=6 status=ok seconds=3.3
agent=2 call=7 status=ok seconds=7.4
agent=3 call=6 status=ok seconds=2.9
agent=2 call=12 status=ok seconds=2.0
agent=0 call=8 status=ok seconds=1.3
agent=2 call=13 status=ok seconds=1.1
agent=0 call=6 status=ok seconds=2.2
agent=0 call=8 status=ok seconds=2.6
agent=3 call=8 status=ok seconds=1.0
agent=2 call=12 status=ok seconds=1.0
agent=3 call=7 status=ok seconds=2.6
loose_uniform_s3 resolution 2
loose_uniform_s3 game_end 3
Finished 4/24
agent=0 call=9 status=ok seconds=2.1
agent=3 call=7 status=ok seconds=2.5
agent=3 call=2 status=ok seconds=6.6
agent=2 call=14 status=ok seconds=2.2
agent=0 call=9 status=ok seconds=2.2
agent=1 call=8 status=ok seconds=2.8
agent=2 call=13 status=ok seconds=1.7
agent=2 call=11 status=ok seconds=8.4
agent=2 call=8 status=ok seconds=1.9
agent=3 call=8 status=ok seconds=2.2
loose_varied_s3 resolution 2
loose_varied_s3 game_end 3
Finished 5/24
agent=3 call=3 status=ok seconds=2.2
agent=3 call=9 status=ok seconds=6.2
loose_varied_s2 resolution 2
loose_varied_s2 game_end 3
Finished 6/24
agent=3 call=7 status=ok seconds=3.6
agent=0 call=7 status=ok seconds=1.6
agent=1 call=9 status=ok seconds=3.0
dense_uniform_s1 batch_rejected 1
agent=2 call=12 status=ok seconds=2.6
agent=1 call=10 status=ok seconds=3.1
agent=3 call=8 status=ok seconds=1.7
agent=2 call=9 status=ok seconds=2.8
agent=0 call=8 status=ok seconds=2.5
loose_varied_s1 batch_rejected 2
agent=3 call=4 status=ok seconds=6.4
dense_uniform_s1 batch_rejected 1
agent=0 call=9 status=ok seconds=7.7
agent=2 call=13 status=ok seconds=2.3
agent=3 call=5 status=ok seconds=5.7
dense_uniform_s1 resolution 1
dense_uniform_s1 round_start 2
agent=3 call=9 status=ok seconds=2.0
loose_varied_s1 resolution 2
loose_varied_s1 game_end 3
Finished 7/24
agent=0 call=5 status=ok seconds=4.8
agent=2 call=10 status=ok seconds=3.3
agent=3 call=6 status=ok seconds=4.2
agent=0 call=6 status=ok seconds=4.2
agent=2 call=11 status=ok seconds=2.5
agent=3 call=7 status=ok seconds=5.5
agent=0 call=7 status=ok seconds=13.6
agent=2 call=12 status=ok seconds=4.6
agent=3 call=8 status=ok seconds=2.4
agent=0 call=8 status=ok seconds=7.3
agent=2 call=13 status=ok seconds=1.9
agent=3 call=9 status=ok seconds=1.1
agent=0 call=9 status=ok seconds=4.1
agent=2 call=14 status=ok seconds=2.3
agent=3 call=10 status=ok seconds=2.1
dense_uniform_s1 resolution 2
dense_uniform_s1 game_end 3
Finished 8/24
blocked_varied_s1 round_start 0
dense_uniform_s3 round_start 0
blocked_uniform_s3 round_start 0
dense_varied_s1 round_start 0
dense_varied_s3 round_start 0
blocked_uniform_s1 round_start 0
dense_varied_s2 round_start 0
blocked_uniform_s2 round_start 0
agent=0 call=0 status=ok seconds=4.0
agent=0 call=0 status=ok seconds=4.1
agent=0 call=0 status=ok seconds=4.2
agent=0 call=0 status=ok seconds=4.3
agent=0 call=0 status=ok seconds=4.6
agent=0 call=0 status=ok seconds=4.6
agent=0 call=0 status=ok seconds=4.8
agent=0 call=0 status=ok seconds=4.8
agent=1 call=0 status=ok seconds=3.2
agent=1 call=0 status=ok seconds=3.7
agent=1 call=0 status=ok seconds=3.8
agent=1 call=0 status=ok seconds=4.6
agent=1 call=0 status=ok seconds=5.5
agent=1 call=0 status=ok seconds=5.3
agent=1 call=0 status=ok seconds=6.0
agent=1 call=0 status=ok seconds=5.4
agent=2 call=0 status=ok seconds=4.0
agent=2 call=0 status=ok seconds=5.1
agent=2 call=0 status=ok seconds=4.5
agent=2 call=0 status=ok seconds=5.4
agent=2 call=0 status=ok seconds=5.3
agent=2 call=0 status=ok seconds=5.1
agent=2 call=0 status=ok seconds=5.3
agent=2 call=0 status=ok seconds=6.1
agent=0 call=1 status=ok seconds=2.6
agent=0 call=1 status=ok seconds=5.1
agent=0 call=1 status=ok seconds=4.7
agent=0 call=1 status=ok seconds=6.1
agent=1 call=1 status=ok seconds=1.6
agent=0 call=1 status=ok seconds=3.5
agent=0 call=1 status=ok seconds=4.5
agent=2 call=1 status=ok seconds=1.8
agent=1 call=1 status=ok seconds=1.7
agent=0 call=1 status=ok seconds=6.1
agent=1 call=1 status=ok seconds=3.6
agent=2 call=1 status=ok seconds=1.5
agent=0 call=2 status=ok seconds=2.3
agent=0 call=1 status=ok seconds=6.4
agent=0 call=2 status=ok seconds=1.2
agent=1 call=1 status=ok seconds=2.2
agent=1 call=2 status=ok seconds=0.8
agent=1 call=2 status=ok seconds=2.2
agent=1 call=1 status=ok seconds=7.1
agent=1 call=1 status=ok seconds=7.4
agent=2 call=2 status=ok seconds=1.0
agent=1 call=1 status=ok seconds=5.9
agent=2 call=2 status=ok seconds=2.4
blocked_uniform_s2 resolution 0
blocked_uniform_s2 round_start 1
agent=0 call=3 status=ok seconds=2.1
agent=2 call=1 status=ok seconds=4.0
agent=1 call=1 status=ok seconds=4.8
agent=2 call=1 status=ok seconds=2.6
agent=1 call=3 status=ok seconds=2.1
agent=2 call=1 status=ok seconds=7.7
agent=0 call=2 status=ok seconds=2.7
agent=2 call=1 status=ok seconds=5.8
agent=2 call=3 status=ok seconds=2.3
dense_uniform_s3 resolution 0
dense_uniform_s3 round_start 1
agent=2 call=1 status=ok seconds=4.1
agent=1 call=3 status=ok seconds=5.5
agent=2 call=1 status=ok seconds=8.7
agent=0 call=2 status=ok seconds=6.2
agent=1 call=2 status=ok seconds=4.8
agent=0 call=2 status=ok seconds=3.9
agent=0 call=2 status=ok seconds=5.1
agent=2 call=3 status=ok seconds=3.5
agent=1 call=4 status=ok seconds=4.7
agent=0 call=2 status=ok seconds=3.6
agent=0 call=2 status=ok seconds=8.5
agent=1 call=2 status=ok seconds=3.0
agent=2 call=2 status=ok seconds=3.8
agent=0 call=3 status=ok seconds=1.6
agent=2 call=2 status=ok seconds=1.9
agent=3 call=0 status=ok seconds=5.9
agent=1 call=3 status=ok seconds=2.3
agent=2 call=4 status=ok seconds=6.3
agent=1 call=2 status=ok seconds=8.6
agent=0 call=3 status=ok seconds=3.3
agent=2 call=3 status=ok seconds=1.6
agent=1 call=2 status=ok seconds=9.0
agent=1 call=2 status=ok seconds=7.9
agent=1 call=4 status=ok seconds=4.6
agent=3 call=0 status=ok seconds=4.4
agent=1 call=2 status=ok seconds=10.2
agent=2 call=2 status=ok seconds=4.4
agent=2 call=2 status=ok seconds=6.3
agent=1 call=3 status=ok seconds=6.9
dense_varied_s2 batch_rejected 0
agent=2 call=4 status=ok seconds=4.9
agent=2 call=2 status=ok seconds=5.4
agent=3 call=1 status=ok seconds=2.6
agent=0 call=3 status=ok seconds=2.6
agent=1 call=5 status=ok seconds=1.3
agent=0 call=3 status=ok seconds=7.0
agent=0 call=3 status=ok seconds=6.8
agent=0 call=4 status=ok seconds=12.2
agent=2 call=5 status=ok seconds=1.8
agent=2 call=2 status=ok seconds=11.2
agent=1 call=3 status=ok seconds=2.2
agent=1 call=4 status=ok seconds=7.2
dense_varied_s2 batch_rejected 0
agent=3 call=2 status=ok seconds=1.2
agent=1 call=4 status=ok seconds=2.5
agent=1 call=3 status=ok seconds=2.8
agent=2 call=3 status=ok seconds=1.5
agent=2 call=3 status=ok seconds=2.4
dense_varied_s2 resolution 0
dense_varied_s2 round_start 1
agent=1 call=6 status=ok seconds=2.4
agent=2 call=4 status=ok seconds=2.4
agent=0 call=3 status=ok seconds=3.9
dense_varied_s1 resolution 0
dense_varied_s1 round_start 1
agent=2 call=3 status=ok seconds=2.7
agent=0 call=4 status=ok seconds=2.7
agent=2 call=6 status=ok seconds=2.5
agent=1 call=4 status=ok seconds=2.4
agent=1 call=3 status=ok seconds=8.3
agent=1 call=3 status=ok seconds=3.5
agent=3 call=3 status=ok seconds=2.2
blocked_uniform_s2 resolution 1
blocked_uniform_s2 round_start 2
agent=1 call=5 status=ok seconds=18.6
agent=1 call=5 status=ok seconds=5.7
agent=1 call=5 status=ok seconds=4.9
agent=0 call=4 status=ok seconds=4.9
agent=2 call=4 status=ok seconds=2.5
blocked_uniform_s3 resolution 0
blocked_uniform_s3 round_start 1
agent=2 call=3 status=ok seconds=2.6
agent=1 call=4 status=ok seconds=2.7
agent=0 call=4 status=ok seconds=2.2
agent=2 call=3 status=ok seconds=5.3
agent=2 call=5 status=ok seconds=5.0
agent=2 call=5 status=ok seconds=4.7
agent=2 call=4 status=ok seconds=5.1
agent=2 call=4 status=ok seconds=2.6
blocked_varied_s1 resolution 0
blocked_varied_s1 round_start 1
agent=0 call=3 status=ok seconds=6.1
agent=1 call=5 status=ok seconds=5.7
agent=1 call=4 status=ok seconds=3.2
agent=0 call=4 status=ok seconds=5.3
agent=2 call=7 status=ok seconds=3.6
agent=2 call=4 status=ok seconds=3.2
dense_varied_s3 resolution 0
dense_varied_s3 round_start 1
agent=3 call=1 status=ok seconds=5.3
agent=3 call=0 status=ok seconds=5.1
agent=3 call=0 status=ok seconds=6.2
agent=2 call=5 status=ok seconds=5.5
agent=1 call=5 status=ok seconds=6.4
agent=1 call=5 status=ok seconds=3.7
agent=3 call=4 status=ok seconds=5.3
agent=1 call=6 status=ok seconds=5.4
agent=2 call=5 status=ok seconds=4.1
agent=1 call=4 status=ok seconds=7.3
blocked_uniform_s1 batch_rejected 0
agent=1 call=6 status=ok seconds=6.4
agent=2 call=6 status=ok seconds=1.4
agent=2 call=5 status=ok seconds=1.8
agent=3 call=0 status=ok seconds=3.4
agent=3 call=0 status=ok seconds=8.1
agent=2 call=5 status=ok seconds=7.1
agent=3 call=2 status=ok seconds=4.5
agent=1 call=5 status=ok seconds=5.5
agent=3 call=1 status=ok seconds=3.9
agent=3 call=0 status=ok seconds=3.9
agent=1 call=7 status=ok seconds=3.6
agent=1 call=7 status=ok seconds=2.8
agent=2 call=4 status=ok seconds=3.9
blocked_uniform_s1 resolution 0
blocked_uniform_s1 round_start 1
agent=2 call=6 status=ok seconds=2.2
agent=1 call=6 status=ok seconds=7.6
agent=1 call=6 status=ok seconds=9.1
agent=2 call=7 status=ok seconds=3.7
agent=0 call=4 status=ok seconds=14.6
agent=1 call=6 status=ok seconds=19.0
agent=3 call=3 status=ok seconds=1.9
agent=1 call=6 status=ok seconds=5.2
agent=2 call=6 status=ok seconds=2.6
agent=3 call=2 status=ok seconds=4.9
agent=3 call=1 status=ok seconds=2.5
agent=1 call=8 status=ok seconds=2.5
agent=2 call=5 status=ok seconds=4.4
agent=1 call=6 status=ok seconds=11.4
agent=2 call=7 status=ok seconds=1.2
agent=2 call=6 status=ok seconds=8.5
agent=1 call=7 status=ok seconds=4.6
agent=2 call=6 status=ok seconds=8.4
agent=3 call=3 status=ok seconds=2.7
agent=2 call=8 status=ok seconds=9.9
agent=2 call=7 status=ok seconds=2.0
agent=3 call=0 status=ok seconds=5.6
agent=3 call=1 status=ok seconds=4.9
agent=1 call=8 status=ok seconds=10.5
agent=1 call=9 status=ok seconds=3.6
dense_varied_s2 batch_rejected 1
agent=3 call=2 status=ok seconds=2.2
agent=2 call=6 status=ok seconds=8.6
agent=3 call=1 status=ok seconds=7.1
agent=2 call=8 status=ok seconds=5.8
dense_uniform_s3 batch_rejected 1
agent=1 call=7 status=ok seconds=7.3
agent=3 call=1 status=ok seconds=3.9
agent=3 call=5 status=ok seconds=10.0
agent=1 call=8 status=ok seconds=7.1
agent=1 call=10 status=ok seconds=7.8
agent=1 call=7 status=ok seconds=11.0
agent=2 call=8 status=ok seconds=2.4
agent=2 call=8 status=ok seconds=3.1
agent=2 call=6 status=ok seconds=5.0
agent=3 call=3 status=ok seconds=2.7
blocked_varied_s1 resolution 1
blocked_varied_s1 round_start 2
agent=3 call=4 status=ok seconds=3.0
dense_varied_s2 resolution 1
dense_varied_s2 round_start 2
agent=1 call=7 status=ok seconds=8.9
agent=1 call=7 status=ok seconds=12.1
agent=0 call=5 status=ok seconds=8.6
agent=2 call=9 status=ok seconds=11.0
agent=3 call=1 status=ok seconds=5.7
agent=2 call=7 status=ok seconds=7.1
agent=0 call=4 status=ok seconds=4.3
agent=3 call=4 status=ok seconds=2.2
dense_uniform_s3 resolution 1
dense_uniform_s3 round_start 2
agent=0 call=5 status=ok seconds=5.7
agent=2 call=9 status=ok seconds=3.9
agent=2 call=9 status=ok seconds=4.2
agent=3 call=2 status=ok seconds=5.4
agent=2 call=9 status=ok seconds=4.2
agent=0 call=4 status=ok seconds=5.2
agent=1 call=8 status=ok seconds=7.4
agent=3 call=5 status=ok seconds=2.5
agent=2 call=7 status=ok seconds=9.8
agent=3 call=4 status=ok seconds=3.7
agent=1 call=8 status=ok seconds=5.6
agent=2 call=7 status=ok seconds=4.3
agent=0 call=5 status=ok seconds=4.7
agent=2 call=10 status=ok seconds=6.2
agent=3 call=6 status=ok seconds=10.1
agent=3 call=2 status=ok seconds=4.9
agent=3 call=2 status=ok seconds=1.7
agent=2 call=7 status=ok seconds=15.6
agent=2 call=10 status=ok seconds=3.4
agent=1 call=8 status=ok seconds=3.3
agent=0 call=6 status=ok seconds=4.4
agent=3 call=5 status=ok seconds=4.9
agent=3 call=6 status=ok seconds=1.9
agent=0 call=6 status=ok seconds=7.8
agent=2 call=10 status=ok seconds=2.5
agent=1 call=9 status=ok seconds=6.5
agent=2 call=8 status=ok seconds=9.5
agent=0 call=6 status=ok seconds=3.0
agent=3 call=2 status=ok seconds=6.7
agent=0 call=5 status=ok seconds=4.0
agent=2 call=8 status=ok seconds=2.6
agent=3 call=7 status=ok seconds=2.8
agent=3 call=3 status=ok seconds=2.4
agent=2 call=11 status=ok seconds=1.5
agent=2 call=11 status=ok seconds=2.4
agent=3 call=3 status=ok seconds=1.4
agent=2 call=8 status=ok seconds=7.6
agent=3 call=7 status=ok seconds=1.4
agent=2 call=10 status=ok seconds=7.3
agent=3 call=3 status=ok seconds=1.9
agent=3 call=6 status=ok seconds=3.6
agent=0 call=7 status=ok seconds=3.2
agent=0 call=6 status=ok seconds=1.3
agent=2 call=12 status=ok seconds=1.4
agent=0 call=7 status=ok seconds=7.7
agent=2 call=12 status=ok seconds=2.5
agent=1 call=10 status=ok seconds=6.9
blocked_uniform_s1 batch_rejected 1
agent=1 call=9 status=ok seconds=8.5
agent=1 call=8 status=ok seconds=10.9
agent=1 call=9 status=ok seconds=6.4
agent=3 call=7 status=ok seconds=3.2
agent=3 call=8 status=ok seconds=2.7
dense_varied_s2 resolution 2
dense_varied_s2 game_end 3
Finished 9/24
agent=2 call=9 status=ok seconds=4.1
agent=2 call=11 status=ok seconds=7.4
blocked_uniform_s2 batch_rejected 2
agent=3 call=4 status=ok seconds=2.8
dense_varied_s3 resolution 1
dense_varied_s3 round_start 2
agent=0 call=7 status=ok seconds=6.7
agent=1 call=11 status=ok seconds=9.0
agent=2 call=9 status=ok seconds=8.9
blocked_uniform_s3 batch_rejected 1
agent=2 call=8 status=ok seconds=9.2
agent=2 call=13 status=ok seconds=2.8
agent=2 call=9 status=ok seconds=3.3
agent=3 call=3 status=ok seconds=2.3
agent=0 call=5 status=ok seconds=5.7
agent=3 call=4 status=ok seconds=2.2
blocked_uniform_s1 resolution 1
blocked_uniform_s1 round_start 2
agent=2 call=12 status=ok seconds=8.0
agent=2 call=10 status=ok seconds=6.3
blocked_uniform_s3 batch_rejected 1
agent=1 call=9 status=ok seconds=5.5
agent=3 call=4 status=ok seconds=3.0
blocked_uniform_s3 resolution 1
blocked_uniform_s3 round_start 2
agent=3 call=8 status=ok seconds=8.2
dense_uniform_s3 resolution 2
dense_uniform_s3 game_end 3
Finished 10/24
agent=3 call=8 status=ok seconds=4.8
blocked_uniform_s2 resolution 2
blocked_uniform_s2 game_end 3
Finished 11/24
agent=2 call=10 status=ok seconds=5.7
agent=0 call=5 status=ok seconds=6.6
agent=3 call=5 status=ok seconds=28.4
agent=3 call=5 status=ok seconds=3.7
agent=0 call=5 status=ok seconds=4.6
agent=2 call=10 status=ok seconds=5.9
agent=0 call=7 status=ok seconds=5.7
agent=2 call=11 status=ok seconds=5.5
agent=2 call=9 status=ok seconds=11.6
dense_varied_s1 batch_rejected 1
agent=3 call=5 status=ok seconds=3.1
agent=2 call=11 status=ok seconds=3.0
agent=0 call=6 status=ok seconds=8.5
agent=2 call=11 status=ok seconds=1.6
agent=3 call=6 status=ok seconds=2.6
agent=0 call=6 status=ok seconds=4.8
agent=3 call=5 status=ok seconds=6.0
agent=2 call=10 status=ok seconds=6.2
agent=3 call=4 status=ok seconds=2.4
dense_varied_s1 resolution 1
dense_varied_s1 round_start 2
agent=2 call=11 status=ok seconds=3.8
agent=0 call=8 status=ok seconds=4.6
agent=3 call=6 status=ok seconds=1.5
agent=0 call=6 status=ok seconds=5.5
agent=3 call=6 status=ok seconds=8.9
agent=0 call=5 status=ok seconds=5.4
agent=0 call=7 status=ok seconds=5.5
agent=0 call=7 status=ok seconds=3.2
agent=2 call=12 status=ok seconds=1.1
agent=2 call=12 status=ok seconds=1.8
agent=2 call=12 status=ok seconds=7.0
agent=2 call=12 status=ok seconds=9.3
agent=3 call=7 status=ok seconds=1.5
agent=2 call=11 status=ok seconds=5.2
agent=3 call=7 status=ok seconds=2.5
agent=0 call=8 status=ok seconds=2.6
agent=3 call=6 status=ok seconds=4.3
agent=0 call=8 status=ok seconds=2.8
dense_varied_s3 batch_rejected 2
agent=2 call=13 status=ok seconds=1.6
agent=3 call=8 status=ok seconds=0.9
agent=3 call=5 status=ok seconds=5.8
agent=3 call=7 status=ok seconds=7.1
blocked_varied_s1 batch_rejected 2
agent=0 call=9 status=ok seconds=2.7
agent=0 call=7 status=ok seconds=5.3
agent=2 call=14 status=ok seconds=2.6
agent=2 call=13 status=ok seconds=2.6
agent=3 call=8 status=ok seconds=5.2
blocked_varied_s1 resolution 2
blocked_varied_s1 game_end 3
Finished 12/24
agent=3 call=9 status=ok seconds=2.0
blocked_uniform_s1 resolution 2
blocked_uniform_s1 game_end 3
Finished 13/24
agent=0 call=6 status=ok seconds=7.9
agent=3 call=7 status=ok seconds=5.5
agent=0 call=8 status=ok seconds=4.5
agent=2 call=12 status=ok seconds=7.7
agent=0 call=9 status=ok seconds=19.8
agent=2 call=14 status=ok seconds=2.8
agent=2 call=13 status=ok seconds=2.6
agent=3 call=8 status=ok seconds=2.3
agent=3 call=6 status=ok seconds=9.2
agent=3 call=8 status=ok seconds=5.5
dense_varied_s3 resolution 2
dense_varied_s3 game_end 3
Finished 14/24
agent=0 call=9 status=ok seconds=6.8
agent=0 call=7 status=ok seconds=5.5
agent=2 call=15 status=ok seconds=3.9
blocked_uniform_s3 batch_rejected 2
agent=2 call=13 status=ok seconds=6.3
agent=2 call=16 status=ok seconds=10.2
agent=3 call=9 status=ok seconds=3.2
blocked_uniform_s3 resolution 2
blocked_uniform_s3 game_end 3
Finished 15/24
agent=3 call=7 status=ok seconds=10.2
agent=0 call=8 status=ok seconds=3.1
agent=2 call=14 status=ok seconds=2.3
agent=3 call=8 status=ok seconds=2.3
agent=0 call=9 status=ok seconds=3.4
agent=2 call=15 status=ok seconds=3.3
agent=3 call=9 status=ok seconds=6.5
dense_varied_s1 batch_rejected 2
agent=3 call=10 status=truncated seconds=97.8
dense_varied_s1 batch_rejected 2
dense_varied_s1 resolution 2
dense_varied_s1 game_end 3
Finished 16/24
blocked_varied_s3 round_start 0
replan_uniform_s1 round_start 0
replan_varied_s1 round_start 0
replan_uniform_s2 round_start 0
replan_uniform_s3 round_start 0
replan_varied_s2 round_start 0
replan_varied_s3 round_start 0
blocked_varied_s2 round_start 0
agent=0 call=0 status=ok seconds=3.9
agent=0 call=0 status=ok seconds=3.9
agent=0 call=0 status=ok seconds=4.0
agent=0 call=0 status=ok seconds=4.2
agent=0 call=0 status=ok seconds=5.4
agent=0 call=0 status=ok seconds=5.5
agent=0 call=0 status=ok seconds=5.5
agent=0 call=0 status=ok seconds=6.0
agent=1 call=0 status=ok seconds=3.0
agent=1 call=0 status=ok seconds=3.3
agent=1 call=0 status=ok seconds=3.7
agent=1 call=0 status=ok seconds=3.9
agent=2 call=0 status=ok seconds=2.3
agent=2 call=0 status=ok seconds=1.9
agent=1 call=0 status=ok seconds=4.1
agent=1 call=0 status=ok seconds=4.9
agent=1 call=0 status=ok seconds=4.9
agent=2 call=0 status=ok seconds=4.4
agent=1 call=0 status=ok seconds=5.9
agent=2 call=0 status=ok seconds=4.2
agent=0 call=1 status=ok seconds=3.3
agent=0 call=1 status=ok seconds=3.3
agent=2 call=0 status=ok seconds=3.3
agent=0 call=1 status=ok seconds=1.3
agent=2 call=0 status=ok seconds=2.7
agent=0 call=1 status=ok seconds=3.1
agent=2 call=0 status=ok seconds=5.2
agent=2 call=0 status=ok seconds=5.5
agent=1 call=1 status=ok seconds=3.5
agent=1 call=1 status=ok seconds=3.3
agent=0 call=1 status=ok seconds=4.6
agent=2 call=1 status=ok seconds=1.4
agent=2 call=1 status=ok seconds=1.5
agent=1 call=1 status=ok seconds=3.5
agent=1 call=1 status=ok seconds=6.0
agent=0 call=2 status=ok seconds=1.8
agent=0 call=2 status=ok seconds=1.8
agent=0 call=1 status=ok seconds=5.1
agent=0 call=1 status=ok seconds=4.6
agent=0 call=1 status=ok seconds=4.6
agent=1 call=2 status=ok seconds=1.4
agent=1 call=2 status=ok seconds=1.4
agent=2 call=1 status=ok seconds=2.4
agent=2 call=2 status=ok seconds=1.1
agent=1 call=1 status=ok seconds=4.4
agent=1 call=1 status=ok seconds=1.7
agent=2 call=2 status=ok seconds=1.3
agent=1 call=1 status=ok seconds=1.6
agent=0 call=2 status=ok seconds=1.3
agent=1 call=1 status=ok seconds=4.1
agent=2 call=1 status=ok seconds=1.7
agent=2 call=1 status=ok seconds=2.1
agent=1 call=2 status=ok seconds=1.5
agent=0 call=3 status=ok seconds=2.3
agent=0 call=3 status=ok seconds=2.2
agent=2 call=1 status=ok seconds=5.2
agent=0 call=2 status=ok seconds=0.7
agent=2 call=1 status=ok seconds=3.2
agent=0 call=2 status=ok seconds=1.0
agent=0 call=2 status=ok seconds=1.4
agent=2 call=2 status=ok seconds=1.4
agent=2 call=1 status=ok seconds=1.7
agent=1 call=2 status=ok seconds=0.9
agent=1 call=2 status=ok seconds=0.9
agent=1 call=3 status=ok seconds=2.3
agent=1 call=3 status=ok seconds=2.2
agent=2 call=2 status=ok seconds=1.1
agent=0 call=3 status=ok seconds=2.1
agent=2 call=2 status=ok seconds=1.5
agent=0 call=2 status=ok seconds=2.7
agent=0 call=2 status=ok seconds=3.5
agent=2 call=3 status=ok seconds=2.2
replan_varied_s3 resolution 0
replan_varied_s3 round_start 1
agent=2 call=3 status=ok seconds=2.4
replan_varied_s2 resolution 0
replan_varied_s2 round_start 1
agent=0 call=3 status=ok seconds=2.3
agent=1 call=3 status=ok seconds=2.4
agent=0 call=3 status=ok seconds=2.4
agent=1 call=3 status=ok seconds=2.3
agent=1 call=2 status=ok seconds=3.8
agent=2 call=3 status=ok seconds=2.4
agent=1 call=3 status=ok seconds=2.3
blocked_varied_s2 resolution 0
blocked_varied_s2 round_start 1
agent=1 call=4 status=ok seconds=4.2
agent=2 call=2 status=ok seconds=1.5
agent=1 call=2 status=ok seconds=8.5
agent=1 call=4 status=ok seconds=4.8
agent=2 call=3 status=ok seconds=2.5
replan_uniform_s3 resolution 0
replan_uniform_s3 round_start 1
agent=1 call=2 status=ok seconds=5.7
agent=2 call=3 status=ok seconds=2.4
replan_uniform_s2 resolution 0
replan_uniform_s2 round_start 1
agent=2 call=2 status=ok seconds=1.8
agent=2 call=2 status=ok seconds=1.3
agent=0 call=3 status=ok seconds=2.3
agent=2 call=4 status=ok seconds=3.8
agent=2 call=4 status=ok seconds=3.1
agent=1 call=4 status=ok seconds=4.5
agent=0 call=3 status=ok seconds=1.8
agent=1 call=4 status=ok seconds=3.8
agent=1 call=3 status=ok seconds=2.5
agent=1 call=4 status=ok seconds=4.0
agent=0 call=3 status=ok seconds=4.1
agent=2 call=3 status=ok seconds=1.5
agent=1 call=3 status=ok seconds=2.3
agent=2 call=3 status=ok seconds=1.0
agent=2 call=4 status=ok seconds=3.4
agent=2 call=4 status=ok seconds=4.7
agent=3 call=0 status=ok seconds=5.1
agent=3 call=0 status=ok seconds=4.9
agent=2 call=4 status=ok seconds=3.7
agent=0 call=4 status=ok seconds=3.7
agent=0 call=4 status=ok seconds=2.8
agent=3 call=0 status=ok seconds=3.3
agent=1 call=4 status=ok seconds=2.4
agent=1 call=4 status=ok seconds=2.9
agent=3 call=0 status=ok seconds=5.0
agent=1 call=3 status=ok seconds=7.0
agent=1 call=5 status=ok seconds=4.8
agent=1 call=5 status=ok seconds=4.9
agent=3 call=0 status=ok seconds=5.4
agent=1 call=5 status=ok seconds=3.4
agent=2 call=4 status=ok seconds=2.2
replan_uniform_s1 resolution 0
replan_uniform_s1 round_start 1
agent=2 call=4 status=ok seconds=2.5
replan_varied_s1 resolution 0
replan_varied_s1 round_start 1
agent=2 call=3 status=ok seconds=2.6
agent=2 call=5 status=ok seconds=3.9
agent=0 call=4 status=ok seconds=2.0
agent=1 call=5 status=ok seconds=4.1
agent=2 call=5 status=ok seconds=3.8
agent=1 call=5 status=ok seconds=4.7
agent=1 call=5 status=ok seconds=4.4
agent=2 call=5 status=ok seconds=7.3
agent=1 call=5 status=ok seconds=7.9
agent=2 call=5 status=ok seconds=2.1
agent=1 call=4 status=ok seconds=4.4
agent=3 call=1 status=ok seconds=3.6
agent=2 call=5 status=ok seconds=3.1
agent=2 call=5 status=ok seconds=5.0
agent=3 call=1 status=ok seconds=3.6
agent=2 call=5 status=ok seconds=3.3
agent=1 call=6 status=ok seconds=2.0
agent=3 call=0 status=ok seconds=1.8
agent=2 call=4 status=ok seconds=2.7
blocked_varied_s3 resolution 0
blocked_varied_s3 round_start 1
agent=3 call=1 status=ok seconds=8.1
agent=1 call=6 status=ok seconds=2.7
agent=2 call=6 status=ok seconds=2.6
agent=3 call=0 status=ok seconds=5.2
agent=1 call=6 status=ok seconds=4.5
agent=3 call=1 status=ok seconds=5.9
agent=3 call=1 status=ok seconds=5.2
agent=3 call=2 status=ok seconds=2.5
agent=2 call=6 status=ok seconds=2.5
agent=3 call=2 status=ok seconds=1.8
agent=1 call=5 status=ok seconds=6.9
agent=1 call=6 status=ok seconds=4.8
agent=1 call=7 status=ok seconds=2.6
agent=1 call=6 status=ok seconds=7.0
agent=2 call=6 status=ok seconds=3.1
agent=1 call=6 status=ok seconds=4.1
agent=3 call=1 status=ok seconds=1.8
agent=2 call=6 status=ok seconds=2.2
agent=1 call=7 status=ok seconds=3.4
agent=2 call=7 status=ok seconds=2.8
agent=2 call=5 status=ok seconds=4.4
agent=1 call=6 status=ok seconds=7.0
agent=1 call=7 status=ok seconds=2.6
agent=2 call=6 status=ok seconds=5.3
agent=2 call=7 status=ok seconds=2.8
agent=3 call=3 status=ok seconds=2.7
blocked_varied_s2 resolution 1
blocked_varied_s2 round_start 2
agent=2 call=7 status=ok seconds=1.4
agent=3 call=1 status=ok seconds=4.4
agent=2 call=6 status=ok seconds=5.4
agent=3 call=2 status=ok seconds=1.1
agent=3 call=3 status=ok seconds=2.3
replan_varied_s2 resolution 1
replan_varied_s2 round_start 2
agent=3 call=2 status=ok seconds=3.3
agent=3 call=0 status=ok seconds=5.4
agent=1 call=8 status=ok seconds=2.4
agent=0 call=4 status=ok seconds=4.9
agent=3 call=2 status=ok seconds=4.6
agent=2 call=8 status=ok seconds=2.4
agent=1 call=7 status=ok seconds=5.4
agent=0 call=4 status=ok seconds=5.1
agent=3 call=3 status=ok seconds=2.4
replan_uniform_s1 resolution 1
replan_uniform_s1 round_start 2
agent=2 call=7 status=ok seconds=2.5
agent=1 call=6 status=ok seconds=5.1
agent=1 call=7 status=ok seconds=3.3
agent=2 call=8 status=ok seconds=5.3
agent=1 call=7 status=ok seconds=7.4
agent=2 call=8 status=ok seconds=3.5
agent=2 call=7 status=ok seconds=1.9
agent=2 call=6 status=ok seconds=2.3
agent=3 call=2 status=ok seconds=2.5
agent=3 call=3 status=ok seconds=1.5
agent=1 call=8 status=ok seconds=2.4
agent=0 call=5 status=ok seconds=6.0
agent=2 call=8 status=ok seconds=1.5
agent=3 call=4 status=ok seconds=4.8
agent=3 call=4 status=ok seconds=5.7
agent=3 call=1 status=ok seconds=4.9
agent=2 call=7 status=ok seconds=6.0
agent=3 call=3 status=ok seconds=1.7
agent=2 call=9 status=ok seconds=4.0
agent=1 call=8 status=ok seconds=6.8
agent=1 call=9 status=ok seconds=3.1
agent=0 call=5 status=ok seconds=4.9
agent=3 call=3 status=ok seconds=4.3
replan_varied_s3 resolution 1
replan_varied_s3 round_start 2
agent=3 call=4 status=ok seconds=2.6
agent=0 call=5 status=ok seconds=5.9
agent=2 call=8 status=ok seconds=2.7
agent=2 call=6 status=ok seconds=23.5
agent=1 call=7 status=ok seconds=6.4
agent=2 call=9 status=ok seconds=2.5
agent=3 call=4 status=ok seconds=2.6
replan_uniform_s2 resolution 1
replan_uniform_s2 round_start 2
agent=2 call=7 status=ok seconds=2.8
agent=3 call=4 status=ok seconds=2.7
replan_varied_s1 resolution 1
replan_varied_s1 round_start 2
agent=0 call=6 status=ok seconds=4.7
agent=0 call=4 status=ok seconds=5.0
agent=3 call=2 status=ok seconds=4.8
agent=2 call=9 status=ok seconds=7.3
agent=2 call=10 status=ok seconds=3.2
agent=2 call=8 status=ok seconds=3.6
agent=1 call=7 status=ok seconds=2.9
agent=0 call=4 status=ok seconds=6.0
agent=3 call=5 status=ok seconds=2.2
agent=3 call=2 status=ok seconds=6.3
agent=2 call=9 status=ok seconds=10.4
agent=0 call=5 status=ok seconds=7.4
agent=3 call=5 status=ok seconds=5.4
agent=3 call=5 status=ok seconds=1.8
agent=1 call=8 status=ok seconds=2.7
agent=3 call=4 status=ok seconds=5.5
agent=2 call=9 status=ok seconds=5.4
agent=0 call=6 status=ok seconds=2.6
agent=2 call=8 status=ok seconds=2.4
agent=0 call=7 status=ok seconds=5.6
agent=2 call=10 status=ok seconds=4.4
agent=2 call=11 status=ok seconds=1.3
agent=0 call=6 status=ok seconds=4.9
agent=0 call=5 status=ok seconds=3.5
agent=3 call=3 status=ok seconds=2.2
agent=2 call=7 status=ok seconds=9.4
agent=2 call=10 status=ok seconds=3.4
agent=3 call=6 status=ok seconds=1.8
agent=3 call=6 status=ok seconds=1.6
agent=3 call=3 status=ok seconds=2.3
agent=3 call=5 status=ok seconds=5.6
agent=0 call=8 status=ok seconds=1.9
agent=1 call=9 status=ok seconds=3.0
agent=2 call=9 status=ok seconds=3.9
agent=2 call=12 status=ok seconds=1.3
agent=3 call=7 status=ok seconds=1.2
agent=2 call=9 status=ok seconds=2.6
agent=0 call=7 status=ok seconds=3.8
agent=3 call=5 status=ok seconds=3.7
agent=3 call=4 status=ok seconds=2.6
blocked_varied_s3 resolution 1
blocked_varied_s3 round_start 2
agent=3 call=5 status=ok seconds=10.2
agent=0 call=9 status=ok seconds=3.3
agent=0 call=5 status=ok seconds=6.6
agent=0 call=6 status=ok seconds=2.5
agent=1 call=8 status=ok seconds=7.2
agent=2 call=13 status=ok seconds=2.5
agent=2 call=10 status=ok seconds=2.2
agent=0 call=5 status=ok seconds=4.4
agent=3 call=8 status=ok seconds=2.4
replan_uniform_s1 resolution 2
replan_uniform_s1 game_end 3
Finished 17/24
agent=3 call=6 status=ok seconds=2.8
agent=0 call=6 status=ok seconds=6.4
agent=2 call=10 status=ok seconds=2.1
agent=2 call=10 status=ok seconds=6.4
agent=2 call=8 status=ok seconds=6.3
agent=0 call=7 status=ok seconds=2.8
agent=3 call=4 status=ok seconds=2.6
replan_uniform_s3 resolution 1
replan_uniform_s3 round_start 2
agent=3 call=5 status=ok seconds=4.8
agent=2 call=11 status=ok seconds=15.8
agent=2 call=11 status=ok seconds=5.1
agent=0 call=6 status=ok seconds=3.5
agent=3 call=7 status=ok seconds=2.4
replan_varied_s2 resolution 2
replan_varied_s2 game_end 3
Finished 18/24
agent=0 call=4 status=ok seconds=5.9
agent=2 call=11 status=ok seconds=2.8
agent=3 call=7 status=ok seconds=3.5
replan_varied_s3 resolution 2
replan_varied_s3 game_end 3
Finished 19/24
agent=3 call=6 status=ok seconds=11.5
agent=2 call=9 status=ok seconds=5.1
agent=3 call=6 status=ok seconds=3.9
agent=0 call=6 status=ok seconds=3.6
agent=0 call=7 status=ok seconds=3.5
agent=3 call=5 status=ok seconds=4.0
agent=2 call=11 status=ok seconds=4.5
agent=2 call=12 status=ok seconds=2.1
agent=3 call=7 status=ok seconds=2.8
agent=3 call=7 status=ok seconds=2.8
agent=0 call=5 status=ok seconds=4.8
agent=0 call=8 status=ok seconds=2.2
agent=2 call=13 status=ok seconds=1.9
agent=2 call=10 status=ok seconds=4.4
agent=0 call=7 status=ok seconds=5.6
agent=3 call=8 status=ok seconds=2.1
agent=3 call=6 status=ok seconds=1.6
agent=0 call=6 status=ok seconds=1.2
agent=2 call=12 status=ok seconds=4.9
agent=2 call=11 status=ok seconds=2.9
agent=2 call=11 status=ok seconds=34.2
agent=3 call=7 status=ok seconds=1.1
agent=0 call=9 status=ok seconds=6.9
agent=0 call=7 status=ok seconds=2.4
agent=2 call=14 status=ok seconds=2.8
agent=2 call=12 status=ok seconds=3.6
agent=3 call=9 status=ok seconds=2.8
blocked_varied_s3 resolution 2
blocked_varied_s3 game_end 3
Finished 20/24
agent=3 call=6 status=ok seconds=8.8
agent=3 call=8 status=ok seconds=2.2
replan_uniform_s3 resolution 2
replan_uniform_s3 game_end 3
Finished 21/24
agent=0 call=7 status=ok seconds=3.6
agent=3 call=8 status=ok seconds=14.1
replan_uniform_s2 batch_rejected 2
agent=2 call=12 status=ok seconds=18.1
agent=3 call=7 status=ok seconds=4.4
agent=0 call=8 status=ok seconds=2.6
agent=2 call=13 status=ok seconds=3.2
agent=3 call=8 status=ok seconds=4.0
agent=3 call=9 status=ok seconds=32.5
replan_uniform_s2 batch_rejected 2
replan_uniform_s2 resolution 2
replan_uniform_s2 game_end 3
Finished 22/24
agent=0 call=9 status=ok seconds=4.2
agent=2 call=10 status=truncated seconds=99.8
agent=2 call=14 status=ok seconds=3.3
agent=3 call=6 status=ok seconds=2.7
agent=0 call=7 status=ok seconds=2.3
agent=3 call=9 status=ok seconds=9.9
replan_varied_s1 resolution 2
replan_varied_s1 game_end 3
Finished 23/24
agent=2 call=11 status=ok seconds=11.5
agent=3 call=7 status=ok seconds=1.7
agent=0 call=8 status=ok seconds=5.3
agent=2 call=12 status=ok seconds=8.8
blocked_varied_s2 batch_rejected 2
agent=2 call=13 status=truncated seconds=104.8
blocked_varied_s2 batch_rejected 2
agent=3 call=8 status=ok seconds=5.5
blocked_varied_s2 resolution 2
blocked_varied_s2 game_end 3
Finished 24/24
