[2026-08-11 00:33:15] [checkpoint_manager.py (55)] [INFO] [actor_train-0 0 / 1][PID 338467] checkpoint_config: {}
[2026-08-11 00:33:15] [megatron_strategy.py (61)] [INFO] [actor_train-0 0 / 1][PID 338467] training_args: {'output_dir': './runs/geography_counterfactual_distance3/725088-20260811-002736', 'max_steps': 40, 'num_train_epochs': 1.0, 'learning_rate': 1e-06, 'lr_scheduler_type': 'cosine_with_min_lr', 'weight_decay': 0.05, 'adam_beta1': 0.9, 'adam_beta2': 0.95, 'per_device_train_batch_size': 1, 'gradient_accumulation_steps': 4, 'seed': 42, 'data_seed': None, 'dataloader_num_workers': 0, 'fp16': False, 'bf16': True, 'tf32': None, 'warmup_ratio': 0.03, 'warmup_steps': 0, 'sequence_parallel': False, 'tensor_model_parallel_size': 1, 'pipeline_model_parallel_size': 1, 'expert_model_parallel_size': 1, 'use_distributed_optimizer': True, 'recompute_granularity': 'full', 'accumulate_allreduce_grads_in_fp32': True, 'check_for_nan_in_loss_and_grad': False, 'max_grad_norm': 1.0}
[2026-08-11 00:33:46] [megatron_strategy.py (306)] [INFO] [actor_train-0 0 / 1][PID 338467] megatron optimizer: <megatron.core.optimizer.distrib_optimizer.DistributedOptimizer object at 0x72f75075bf10>
[2026-08-11 00:33:46] [megatron_strategy.py (319)] [INFO] [actor_train-0 0 / 1][PID 338467] max steps pipeline 40
[2026-08-11 00:33:46] [megatron_strategy.py (324)] [INFO] [actor_train-0 0 / 1][PID 338467] max steps worker train 40
[2026-08-11 00:33:46] [megatron_strategy.py (351)] [INFO] [actor_train-0 0 / 1][PID 338467] [DistributedDataParallel(
  (module): McaGPTModel(
    (embedding): LanguageModelEmbedding(
      (word_embeddings): VocabParallelEmbedding()
      (embedding_dropout): Dropout(p=0.0, inplace=False)
    )
    (rotary_pos_emb): RotaryEmbedding()
    (decoder): TransformerBlock(
      (layers): ModuleList(
        (0-35): 36 x TransformerLayer(
          (input_layernorm): IdentityOp()
          (self_attention): SelfAttention(
            (core_attention): TEDotProductAttention(
              (flash_attention): FlashAttention()
              (fused_attention): FusedAttention()
              (unfused_attention): UnfusedDotProductAttention(
                (scale_mask_softmax): FusedScaleMaskSoftmax()
                (attention_dropout): Dropout(p=0.0, inplace=False)
              )
            )
            (linear_proj): TERowParallelLinear(in_features=4096, out_features=2560, bias=False, TP=1)
            (linear_qkv): TELayerNormColumnParallelLinear(in_features=2560, out_features=6144, bias=False, TP=1)
            (q_layernorm): RMSNorm()
            (k_layernorm): RMSNorm()
          )
          (pre_cross_attn_layernorm): IdentityOp()
          (cross_attention): IdentityOp()
          (cross_attn_bda): IdentityFuncOp()
          (pre_mlp_layernorm): IdentityOp()
          (mlp): MLP(
            (linear_fc1): TELayerNormColumnParallelLinear(in_features=2560, out_features=19456, bias=False, TP=1)
            (linear_fc2): TERowParallelLinear(in_features=9728, out_features=2560, bias=False, TP=1)
          )
        )
      )
      (final_layernorm): RMSNorm()
    )
    (output_layer): ColumnParallelLinear(in_features=2560, out_features=151936, bias=False, TP=1)
  )
)]
[2026-08-11 00:33:46] [base_worker.py (73)] [INFO] [actor_train-0 0 / 1][PID 338467] actor_train-0 initialized
[2026-08-11 00:35:05] [strategy.py (171)] [INFO] [actor_train-0 0 / 1][PID 338467] warmup setup_collective_group: model_update_actor_train_0_to_actor_infer_ rank: 0 world_size: 1
[2026-08-11 00:35:05] [context_managers.py (37)] [INFO] [actor_train-0 0 / 1][PID 338467] actor_train/model_update_start_offload, memory allocated (GB): 1.9073486328125e-06, memory reserved (GB): 0.001953125, memory max reserved (GB): 0.001953125, rss (GB): 25.387496948242188
[2026-08-11 00:35:06] [context_managers.py (37)] [INFO] [actor_train-0 0 / 1][PID 338467] actor_train/model_update_start_onload, memory allocated (GB): 7.492432594299316, memory reserved (GB): 7.501953125, memory max reserved (GB): 7.501953125, rss (GB): 25.38751220703125
[2026-08-11 00:53:22] [context_managers.py (37)] [INFO] [actor_train-0 0 / 1][PID 338467] actor_train/model_update_end_onload, memory allocated (GB): 7.742432594299316, memory reserved (GB): 8.478515625, memory max reserved (GB): 8.478515625, rss (GB): 25.638870239257812
[2026-08-11 00:53:25] [context_managers.py (37)] [INFO] [actor_train-0 0 / 1][PID 338467] actor_train/model_update_end_offload, memory allocated (GB): 1.9073486328125e-06, memory reserved (GB): 0.001953125, memory max reserved (GB): 8.478515625, rss (GB): 25.638870239257812
[2026-08-11 00:55:03] [context_managers.py (37)] [INFO] [actor_train-0 0 / 1][PID 338467] actor_train/compute_log_probs_start_offload, memory allocated (GB): 1.9073486328125e-06, memory reserved (GB): 0.001953125, memory max reserved (GB): 0.001953125, rss (GB): 25.642887115478516
[2026-08-11 00:55:03] [context_managers.py (37)] [INFO] [actor_train-0 0 / 1][PID 338467] actor_train/compute_log_probs_start_onload, memory allocated (GB): 7.492432594299316, memory reserved (GB): 7.501953125, memory max reserved (GB): 7.501953125, rss (GB): 25.642887115478516
[2026-08-11 00:55:12] [context_managers.py (37)] [INFO] [actor_train-0 0 / 1][PID 338467] actor_train/compute_log_probs_end_onload, memory allocated (GB): 7.506410121917725, memory reserved (GB): 11.04296875, memory max reserved (GB): 11.04296875, rss (GB): 26.141429901123047
[2026-08-11 00:55:12] [context_managers.py (37)] [INFO] [actor_train-0 0 / 1][PID 338467] actor_train/compute_log_probs_end_offload, memory allocated (GB): 7.506410121917725, memory reserved (GB): 11.04296875, memory max reserved (GB): 11.04296875, rss (GB): 26.141433715820312
[2026-08-11 00:55:12] [base_worker.py (91)] [INFO] [actor_train-0 0 / 1][PID 338467] actor_train-0 generate global step 0
[2026-08-11 00:55:12] [context_managers.py (37)] [INFO] [actor_train-0 0 / 1][PID 338467] actor_train/train_step_start_offload, memory allocated (GB): 7.498292446136475, memory reserved (GB): 7.54296875, memory max reserved (GB): 7.54296875, rss (GB): 26.146625518798828
[2026-08-11 00:55:13] [context_managers.py (37)] [INFO] [actor_train-0 0 / 1][PID 338467] actor_train/train_step_start_onload, memory allocated (GB): 37.46606206893921, memory reserved (GB): 37.50390625, memory max reserved (GB): 37.5234375, rss (GB): 26.14922332763672
[2026-08-11 00:55:45] [context_managers.py (37)] [INFO] [actor_train-0 0 / 1][PID 338467] actor_train/train_step_end_onload, memory allocated (GB): 37.48452615737915, memory reserved (GB): 37.525390625, memory max reserved (GB): 67.51171875, rss (GB): 58.36167526245117
[2026-08-11 00:55:45] [context_managers.py (37)] [INFO] [actor_train-0 0 / 1][PID 338467] actor_train/train_step_end_offload, memory allocated (GB): 37.48452615737915, memory reserved (GB): 37.525390625, memory max reserved (GB): 67.51171875, rss (GB): 58.36167526245117
[2026-08-11 00:55:51] [context_managers.py (37)] [INFO] [actor_train-0 0 / 1][PID 338467] actor_train/model_update_start_offload, memory allocated (GB): 0.003908634185791016, memory reserved (GB): 0.0234375, memory max reserved (GB): 0.0234375, rss (GB): 58.36170196533203
[2026-08-11 00:55:53] [context_managers.py (37)] [INFO] [actor_train-0 0 / 1][PID 338467] actor_train/model_update_start_onload, memory allocated (GB): 7.496339321136475, memory reserved (GB): 7.5234375, memory max reserved (GB): 7.5234375, rss (GB): 58.36170196533203
[2026-08-11 01:15:04] [context_managers.py (37)] [INFO] [actor_train-0 0 / 1][PID 338467] actor_train/model_update_end_onload, memory allocated (GB): 7.746339321136475, memory reserved (GB): 8.5, memory max reserved (GB): 8.5, rss (GB): 58.36392593383789
[2026-08-11 01:15:08] [context_managers.py (37)] [INFO] [actor_train-0 0 / 1][PID 338467] actor_train/model_update_end_offload, memory allocated (GB): 0.003908634185791016, memory reserved (GB): 0.0234375, memory max reserved (GB): 8.5, rss (GB): 58.36392593383789
[2026-08-11 01:15:50] [context_managers.py (37)] [INFO] [actor_train-0 0 / 1][PID 338467] actor_train/compute_log_probs_start_offload, memory allocated (GB): 0.003908634185791016, memory reserved (GB): 0.0234375, memory max reserved (GB): 0.0234375, rss (GB): 58.36394119262695
[2026-08-11 01:15:51] [context_managers.py (37)] [INFO] [actor_train-0 0 / 1][PID 338467] actor_train/compute_log_probs_start_onload, memory allocated (GB): 7.496339321136475, memory reserved (GB): 7.5234375, memory max reserved (GB): 7.5234375, rss (GB): 58.36394119262695
[2026-08-11 01:15:53] [context_managers.py (37)] [INFO] [actor_train-0 0 / 1][PID 338467] actor_train/compute_log_probs_end_onload, memory allocated (GB): 7.506410121917725, memory reserved (GB): 11.04296875, memory max reserved (GB): 11.04296875, rss (GB): 58.36394500732422
[2026-08-11 01:15:53] [context_managers.py (37)] [INFO] [actor_train-0 0 / 1][PID 338467] actor_train/compute_log_probs_end_offload, memory allocated (GB): 7.506410121917725, memory reserved (GB): 11.04296875, memory max reserved (GB): 11.04296875, rss (GB): 58.36394500732422
[2026-08-11 01:15:53] [base_worker.py (91)] [INFO] [actor_train-0 0 / 1][PID 338467] actor_train-0 generate global step 1
[2026-08-11 01:15:53] [context_managers.py (37)] [INFO] [actor_train-0 0 / 1][PID 338467] actor_train/train_step_start_offload, memory allocated (GB): 7.498292446136475, memory reserved (GB): 7.54296875, memory max reserved (GB): 7.54296875, rss (GB): 58.366539001464844
[2026-08-11 01:35:20] [base_worker.py (91)] [INFO] [actor_train-0 0 / 1][PID 338467] actor_train-0 generate global step 2
[2026-08-11 01:54:48] [base_worker.py (91)] [INFO] [actor_train-0 0 / 1][PID 338467] actor_train-0 generate global step 3
[2026-08-11 02:14:36] [base_worker.py (91)] [INFO] [actor_train-0 0 / 1][PID 338467] actor_train-0 generate global step 4
[2026-08-11 02:34:54] [base_worker.py (91)] [INFO] [actor_train-0 0 / 1][PID 338467] actor_train-0 generate global step 5
[2026-08-11 02:54:25] [base_worker.py (91)] [INFO] [actor_train-0 0 / 1][PID 338467] actor_train-0 generate global step 6
[2026-08-11 03:13:44] [base_worker.py (91)] [INFO] [actor_train-0 0 / 1][PID 338467] actor_train-0 generate global step 7
