[2026-08-13 20:29:33] [checkpoint_manager.py (55)] [INFO] [actor_train-0 0 / 2][PID 238325] checkpoint_config: {}
[2026-08-13 20:29:33] [megatron_strategy.py (61)] [INFO] [actor_train-0 0 / 2][PID 238325] training_args: {'output_dir': './runs/geography_counterfactual_distance3_5/731103-20260813-202440', 'max_steps': 100, 'num_train_epochs': 1.0, 'learning_rate': 1e-06, 'lr_scheduler_type': 'cosine_with_min_lr', 'weight_decay': 0.05, 'adam_beta1': 0.9, 'adam_beta2': 0.95, 'per_device_train_batch_size': 1, 'gradient_accumulation_steps': 128, 'seed': 42, 'data_seed': None, 'dataloader_num_workers': 0, 'fp16': False, 'bf16': True, 'tf32': None, 'warmup_ratio': 0.03, 'warmup_steps': 10, 'sequence_parallel': True, 'tensor_model_parallel_size': 2, 'pipeline_model_parallel_size': 1, 'expert_model_parallel_size': 1, 'use_distributed_optimizer': True, 'recompute_granularity': 'full', 'accumulate_allreduce_grads_in_fp32': True, 'check_for_nan_in_loss_and_grad': False, 'max_grad_norm': 1.0}
[2026-08-13 20:29:37] [megatron_strategy.py (306)] [INFO] [actor_train-0 0 / 2][PID 238325] megatron optimizer: <megatron.core.optimizer.distrib_optimizer.DistributedOptimizer object at 0x7163cc267640>
[2026-08-13 20:29:37] [megatron_strategy.py (319)] [INFO] [actor_train-0 0 / 2][PID 238325] max steps pipeline 100
[2026-08-13 20:29:37] [megatron_strategy.py (324)] [INFO] [actor_train-0 0 / 2][PID 238325] max steps worker train 100
[2026-08-13 20:29:37] [megatron_strategy.py (351)] [INFO] [actor_train-0 0 / 2][PID 238325] [DistributedDataParallel(
  (module): McaGPTModel(
    (embedding): LanguageModelEmbedding(
      (word_embeddings): VocabParallelEmbedding()
      (embedding_dropout): Dropout(p=0.0, inplace=False)
    )
    (rotary_pos_emb): RotaryEmbedding()
    (decoder): TransformerBlock(
      (layers): ModuleList(
        (0-35): 36 x TransformerLayer(
          (input_layernorm): IdentityOp()
          (self_attention): SelfAttention(
            (core_attention): TEDotProductAttention(
              (flash_attention): FlashAttention()
              (fused_attention): FusedAttention()
              (unfused_attention): UnfusedDotProductAttention(
                (scale_mask_softmax): FusedScaleMaskSoftmax()
                (attention_dropout): Dropout(p=0.0, inplace=False)
              )
            )
            (linear_proj): TERowParallelLinear(in_features=2048, out_features=2560, bias=False, TP=2)
            (linear_qkv): TELayerNormColumnParallelLinear(in_features=2560, out_features=3072, bias=False, TP=2)
            (q_layernorm): RMSNorm()
            (k_layernorm): RMSNorm()
          )
          (pre_cross_attn_layernorm): IdentityOp()
          (cross_attention): IdentityOp()
          (cross_attn_bda): IdentityFuncOp()
          (pre_mlp_layernorm): IdentityOp()
          (mlp): MLP(
            (linear_fc1): TELayerNormColumnParallelLinear(in_features=2560, out_features=9728, bias=False, TP=2)
            (linear_fc2): TERowParallelLinear(in_features=4864, out_features=2560, bias=False, TP=2)
          )
        )
      )
      (final_layernorm): RMSNorm()
    )
    (output_layer): ColumnParallelLinear(in_features=2560, out_features=151936, bias=False, TP=2)
  )
)]
[2026-08-13 20:29:37] [base_worker.py (73)] [INFO] [actor_train-0 0 / 2][PID 238325] actor_train-0 initialized
[2026-08-13 20:30:19] [strategy.py (171)] [INFO] [actor_train-0 0 / 2][PID 238325] warmup setup_collective_group: model_update_actor_train_0_to_actor_infer_(1,0) rank: 0 world_size: 2
[2026-08-13 20:30:19] [context_managers.py (37)] [INFO] [actor_train-0 0 / 2][PID 238325] actor_train/model_update_start_offload, memory allocated (GB): 1.9073486328125e-06, memory reserved (GB): 0.001953125, memory max reserved (GB): 0.001953125, rss (GB): 13.496376037597656
[2026-08-13 20:30:19] [context_managers.py (37)] [INFO] [actor_train-0 0 / 2][PID 238325] actor_train/model_update_start_onload, memory allocated (GB): 3.7463998794555664, memory reserved (GB): 3.751953125, memory max reserved (GB): 3.751953125, rss (GB): 13.496376037597656
[2026-08-13 20:30:21] [context_managers.py (37)] [INFO] [actor_train-0 0 / 2][PID 238325] actor_train/model_update_end_onload, memory allocated (GB): 3.7463998794555664, memory reserved (GB): 6.173828125, memory max reserved (GB): 6.173828125, rss (GB): 13.571571350097656
[2026-08-13 20:30:22] [context_managers.py (37)] [INFO] [actor_train-0 0 / 2][PID 238325] actor_train/model_update_end_offload, memory allocated (GB): 1.9073486328125e-06, memory reserved (GB): 0.001953125, memory max reserved (GB): 6.173828125, rss (GB): 13.571571350097656
[2026-08-13 20:31:29] [context_managers.py (37)] [INFO] [actor_train-0 0 / 2][PID 238325] actor_train/compute_log_probs_start_offload, memory allocated (GB): 1.9073486328125e-06, memory reserved (GB): 0.041015625, memory max reserved (GB): 0.041015625, rss (GB): 13.739425659179688
[2026-08-13 20:31:29] [context_managers.py (37)] [INFO] [actor_train-0 0 / 2][PID 238325] actor_train/compute_log_probs_start_onload, memory allocated (GB): 3.7463998794555664, memory reserved (GB): 3.751953125, memory max reserved (GB): 3.751953125, rss (GB): 13.739425659179688
[2026-08-13 20:31:47] [context_managers.py (37)] [INFO] [actor_train-0 0 / 2][PID 238325] actor_train/compute_log_probs_end_onload, memory allocated (GB): 3.8137826919555664, memory reserved (GB): 5.669921875, memory max reserved (GB): 5.669921875, rss (GB): 14.187667846679688
[2026-08-13 20:31:47] [context_managers.py (37)] [INFO] [actor_train-0 0 / 2][PID 238325] actor_train/compute_log_probs_end_offload, memory allocated (GB): 3.8137826919555664, memory reserved (GB): 5.669921875, memory max reserved (GB): 5.669921875, rss (GB): 14.187667846679688
[2026-08-13 20:31:48] [base_worker.py (91)] [INFO] [actor_train-0 0 / 2][PID 238325] actor_train-0 generate global step 0
[2026-08-13 20:31:48] [context_managers.py (37)] [INFO] [actor_train-0 0 / 2][PID 238325] actor_train/train_step_start_offload, memory allocated (GB): 3.7796034812927246, memory reserved (GB): 3.83203125, memory max reserved (GB): 3.83203125, rss (GB): 14.244407653808594
[2026-08-13 20:31:48] [context_managers.py (37)] [INFO] [actor_train-0 0 / 2][PID 238325] actor_train/train_step_start_onload, memory allocated (GB): 18.76324224472046, memory reserved (GB): 18.79296875, memory max reserved (GB): 18.8125, rss (GB): 14.245384216308594
[2026-08-13 20:32:50] [context_managers.py (37)] [INFO] [actor_train-0 0 / 2][PID 238325] actor_train/train_step_end_onload, memory allocated (GB): 18.8906831741333, memory reserved (GB): 19.03125, memory max reserved (GB): 33.99609375, rss (GB): 30.446414947509766
[2026-08-13 20:32:50] [context_managers.py (37)] [INFO] [actor_train-0 0 / 2][PID 238325] actor_train/train_step_end_offload, memory allocated (GB): 18.8906831741333, memory reserved (GB): 19.03125, memory max reserved (GB): 33.99609375, rss (GB): 30.446414947509766
[2026-08-13 20:32:55] [context_managers.py (37)] [INFO] [actor_train-0 0 / 2][PID 238325] actor_train/model_update_start_offload, memory allocated (GB): 0.050783634185791016, memory reserved (GB): 0.1015625, memory max reserved (GB): 0.1015625, rss (GB): 30.446414947509766
[2026-08-13 20:32:55] [context_managers.py (37)] [INFO] [actor_train-0 0 / 2][PID 238325] actor_train/model_update_start_onload, memory allocated (GB): 3.7971816062927246, memory reserved (GB): 3.8515625, memory max reserved (GB): 3.8515625, rss (GB): 30.446414947509766
[2026-08-13 20:32:57] [context_managers.py (37)] [INFO] [actor_train-0 0 / 2][PID 238325] actor_train/model_update_end_onload, memory allocated (GB): 3.7971816062927246, memory reserved (GB): 6.33203125, memory max reserved (GB): 6.33203125, rss (GB): 30.446414947509766
[2026-08-13 20:32:58] [context_managers.py (37)] [INFO] [actor_train-0 0 / 2][PID 238325] actor_train/model_update_end_offload, memory allocated (GB): 0.050783634185791016, memory reserved (GB): 0.1015625, memory max reserved (GB): 6.33203125, rss (GB): 30.446414947509766
[2026-08-13 20:33:44] [context_managers.py (37)] [INFO] [actor_train-0 0 / 2][PID 238325] actor_train/compute_log_probs_start_offload, memory allocated (GB): 0.050783634185791016, memory reserved (GB): 0.140625, memory max reserved (GB): 0.140625, rss (GB): 30.539798736572266
[2026-08-13 20:33:45] [context_managers.py (37)] [INFO] [actor_train-0 0 / 2][PID 238325] actor_train/compute_log_probs_start_onload, memory allocated (GB): 3.7971816062927246, memory reserved (GB): 3.8515625, memory max reserved (GB): 3.8515625, rss (GB): 30.539798736572266
[2026-08-13 20:33:59] [context_managers.py (37)] [INFO] [actor_train-0 0 / 2][PID 238325] actor_train/compute_log_probs_end_onload, memory allocated (GB): 3.8333139419555664, memory reserved (GB): 5.728515625, memory max reserved (GB): 5.728515625, rss (GB): 30.452411651611328
[2026-08-13 20:33:59] [context_managers.py (37)] [INFO] [actor_train-0 0 / 2][PID 238325] actor_train/compute_log_probs_end_offload, memory allocated (GB): 3.8333139419555664, memory reserved (GB): 5.728515625, memory max reserved (GB): 5.728515625, rss (GB): 30.452411651611328
[2026-08-13 20:34:00] [base_worker.py (91)] [INFO] [actor_train-0 0 / 2][PID 238325] actor_train-0 generate global step 1
[2026-08-13 20:34:00] [context_managers.py (37)] [INFO] [actor_train-0 0 / 2][PID 238325] actor_train/train_step_start_offload, memory allocated (GB): 3.7991347312927246, memory reserved (GB): 3.87109375, memory max reserved (GB): 3.87109375, rss (GB): 30.541969299316406
[2026-08-13 20:35:58] [base_worker.py (91)] [INFO] [actor_train-0 0 / 2][PID 238325] actor_train-0 generate global step 2
[2026-08-13 20:37:58] [base_worker.py (91)] [INFO] [actor_train-0 0 / 2][PID 238325] actor_train-0 generate global step 3
[2026-08-13 20:40:04] [base_worker.py (91)] [INFO] [actor_train-0 0 / 2][PID 238325] actor_train-0 generate global step 4
[2026-08-13 20:42:02] [base_worker.py (91)] [INFO] [actor_train-0 0 / 2][PID 238325] actor_train-0 generate global step 5
[2026-08-13 20:44:00] [base_worker.py (91)] [INFO] [actor_train-0 0 / 2][PID 238325] actor_train-0 generate global step 6
[2026-08-13 20:45:58] [base_worker.py (91)] [INFO] [actor_train-0 0 / 2][PID 238325] actor_train-0 generate global step 7
[2026-08-13 20:47:57] [base_worker.py (91)] [INFO] [actor_train-0 0 / 2][PID 238325] actor_train-0 generate global step 8
[2026-08-13 20:49:55] [base_worker.py (91)] [INFO] [actor_train-0 0 / 2][PID 238325] actor_train-0 generate global step 9
[2026-08-13 20:52:14] [base_worker.py (91)] [INFO] [actor_train-0 0 / 2][PID 238325] actor_train-0 generate global step 10
[2026-08-13 20:54:20] [base_worker.py (91)] [INFO] [actor_train-0 0 / 2][PID 238325] actor_train-0 generate global step 11
[2026-08-13 20:56:17] [base_worker.py (91)] [INFO] [actor_train-0 0 / 2][PID 238325] actor_train-0 generate global step 12
[2026-08-13 20:58:13] [base_worker.py (91)] [INFO] [actor_train-0 0 / 2][PID 238325] actor_train-0 generate global step 13
[2026-08-13 21:00:11] [base_worker.py (91)] [INFO] [actor_train-0 0 / 2][PID 238325] actor_train-0 generate global step 14
[2026-08-13 21:02:08] [base_worker.py (91)] [INFO] [actor_train-0 0 / 2][PID 238325] actor_train-0 generate global step 15
[2026-08-13 21:04:06] [base_worker.py (91)] [INFO] [actor_train-0 0 / 2][PID 238325] actor_train-0 generate global step 16
[2026-08-13 21:06:02] [base_worker.py (91)] [INFO] [actor_train-0 0 / 2][PID 238325] actor_train-0 generate global step 17
[2026-08-13 21:07:59] [base_worker.py (91)] [INFO] [actor_train-0 0 / 2][PID 238325] actor_train-0 generate global step 18
[2026-08-13 21:10:01] [base_worker.py (91)] [INFO] [actor_train-0 0 / 2][PID 238325] actor_train-0 generate global step 19
[2026-08-13 21:12:22] [base_worker.py (91)] [INFO] [actor_train-0 0 / 2][PID 238325] actor_train-0 generate global step 20
[2026-08-13 21:14:22] [base_worker.py (91)] [INFO] [actor_train-0 0 / 2][PID 238325] actor_train-0 generate global step 21
[2026-08-13 21:16:20] [base_worker.py (91)] [INFO] [actor_train-0 0 / 2][PID 238325] actor_train-0 generate global step 22
[2026-08-13 21:18:19] [base_worker.py (91)] [INFO] [actor_train-0 0 / 2][PID 238325] actor_train-0 generate global step 23
[2026-08-13 21:20:19] [base_worker.py (91)] [INFO] [actor_train-0 0 / 2][PID 238325] actor_train-0 generate global step 24
[2026-08-13 21:22:16] [base_worker.py (91)] [INFO] [actor_train-0 0 / 2][PID 238325] actor_train-0 generate global step 25
[2026-08-13 21:24:13] [base_worker.py (91)] [INFO] [actor_train-0 0 / 2][PID 238325] actor_train-0 generate global step 26
[2026-08-13 21:26:13] [base_worker.py (91)] [INFO] [actor_train-0 0 / 2][PID 238325] actor_train-0 generate global step 27
[2026-08-13 21:28:09] [base_worker.py (91)] [INFO] [actor_train-0 0 / 2][PID 238325] actor_train-0 generate global step 28
[2026-08-13 21:30:07] [base_worker.py (91)] [INFO] [actor_train-0 0 / 2][PID 238325] actor_train-0 generate global step 29
[2026-08-13 21:32:27] [base_worker.py (91)] [INFO] [actor_train-0 0 / 2][PID 238325] actor_train-0 generate global step 30
[2026-08-13 21:34:26] [base_worker.py (91)] [INFO] [actor_train-0 0 / 2][PID 238325] actor_train-0 generate global step 31
[2026-08-13 21:36:27] [base_worker.py (91)] [INFO] [actor_train-0 0 / 2][PID 238325] actor_train-0 generate global step 32
[2026-08-13 21:38:26] [base_worker.py (91)] [INFO] [actor_train-0 0 / 2][PID 238325] actor_train-0 generate global step 33
[2026-08-13 21:40:25] [base_worker.py (91)] [INFO] [actor_train-0 0 / 2][PID 238325] actor_train-0 generate global step 34
[2026-08-13 21:42:26] [base_worker.py (91)] [INFO] [actor_train-0 0 / 2][PID 238325] actor_train-0 generate global step 35
[2026-08-13 21:44:27] [base_worker.py (91)] [INFO] [actor_train-0 0 / 2][PID 238325] actor_train-0 generate global step 36
[2026-08-13 21:46:29] [base_worker.py (91)] [INFO] [actor_train-0 0 / 2][PID 238325] actor_train-0 generate global step 37
[2026-08-13 21:48:31] [base_worker.py (91)] [INFO] [actor_train-0 0 / 2][PID 238325] actor_train-0 generate global step 38
[2026-08-13 21:50:34] [base_worker.py (91)] [INFO] [actor_train-0 0 / 2][PID 238325] actor_train-0 generate global step 39
[2026-08-13 21:52:57] [base_worker.py (91)] [INFO] [actor_train-0 0 / 2][PID 238325] actor_train-0 generate global step 40
[2026-08-13 21:55:00] [base_worker.py (91)] [INFO] [actor_train-0 0 / 2][PID 238325] actor_train-0 generate global step 41
[2026-08-13 21:57:03] [base_worker.py (91)] [INFO] [actor_train-0 0 / 2][PID 238325] actor_train-0 generate global step 42
[2026-08-13 21:59:04] [base_worker.py (91)] [INFO] [actor_train-0 0 / 2][PID 238325] actor_train-0 generate global step 43
[2026-08-13 22:01:05] [base_worker.py (91)] [INFO] [actor_train-0 0 / 2][PID 238325] actor_train-0 generate global step 44
[2026-08-13 22:03:07] [base_worker.py (91)] [INFO] [actor_train-0 0 / 2][PID 238325] actor_train-0 generate global step 45
[2026-08-13 22:05:09] [base_worker.py (91)] [INFO] [actor_train-0 0 / 2][PID 238325] actor_train-0 generate global step 46
[2026-08-13 22:07:11] [base_worker.py (91)] [INFO] [actor_train-0 0 / 2][PID 238325] actor_train-0 generate global step 47
[2026-08-13 22:09:13] [base_worker.py (91)] [INFO] [actor_train-0 0 / 2][PID 238325] actor_train-0 generate global step 48
[2026-08-13 22:11:16] [base_worker.py (91)] [INFO] [actor_train-0 0 / 2][PID 238325] actor_train-0 generate global step 49
[2026-08-13 22:13:41] [base_worker.py (91)] [INFO] [actor_train-0 0 / 2][PID 238325] actor_train-0 generate global step 50
[2026-08-13 22:15:44] [base_worker.py (91)] [INFO] [actor_train-0 0 / 2][PID 238325] actor_train-0 generate global step 51
[2026-08-13 22:17:46] [base_worker.py (91)] [INFO] [actor_train-0 0 / 2][PID 238325] actor_train-0 generate global step 52
[2026-08-13 22:19:48] [base_worker.py (91)] [INFO] [actor_train-0 0 / 2][PID 238325] actor_train-0 generate global step 53
[2026-08-13 22:21:52] [base_worker.py (91)] [INFO] [actor_train-0 0 / 2][PID 238325] actor_train-0 generate global step 54
[2026-08-13 22:23:53] [base_worker.py (91)] [INFO] [actor_train-0 0 / 2][PID 238325] actor_train-0 generate global step 55
[2026-08-13 22:25:53] [base_worker.py (91)] [INFO] [actor_train-0 0 / 2][PID 238325] actor_train-0 generate global step 56
[2026-08-13 22:27:54] [base_worker.py (91)] [INFO] [actor_train-0 0 / 2][PID 238325] actor_train-0 generate global step 57
[2026-08-13 22:29:57] [base_worker.py (91)] [INFO] [actor_train-0 0 / 2][PID 238325] actor_train-0 generate global step 58
[2026-08-13 22:32:00] [base_worker.py (91)] [INFO] [actor_train-0 0 / 2][PID 238325] actor_train-0 generate global step 59
[2026-08-13 22:34:23] [base_worker.py (91)] [INFO] [actor_train-0 0 / 2][PID 238325] actor_train-0 generate global step 60
[2026-08-13 22:36:25] [base_worker.py (91)] [INFO] [actor_train-0 0 / 2][PID 238325] actor_train-0 generate global step 61
[2026-08-13 22:38:28] [base_worker.py (91)] [INFO] [actor_train-0 0 / 2][PID 238325] actor_train-0 generate global step 62
[2026-08-13 22:40:30] [base_worker.py (91)] [INFO] [actor_train-0 0 / 2][PID 238325] actor_train-0 generate global step 63
[2026-08-13 22:42:32] [base_worker.py (91)] [INFO] [actor_train-0 0 / 2][PID 238325] actor_train-0 generate global step 64
[2026-08-13 22:44:34] [base_worker.py (91)] [INFO] [actor_train-0 0 / 2][PID 238325] actor_train-0 generate global step 65
[2026-08-13 22:46:36] [base_worker.py (91)] [INFO] [actor_train-0 0 / 2][PID 238325] actor_train-0 generate global step 66
[2026-08-13 22:48:43] [base_worker.py (91)] [INFO] [actor_train-0 0 / 2][PID 238325] actor_train-0 generate global step 67
[2026-08-13 22:50:44] [base_worker.py (91)] [INFO] [actor_train-0 0 / 2][PID 238325] actor_train-0 generate global step 68
[2026-08-13 22:52:47] [base_worker.py (91)] [INFO] [actor_train-0 0 / 2][PID 238325] actor_train-0 generate global step 69
[2026-08-13 22:55:13] [base_worker.py (91)] [INFO] [actor_train-0 0 / 2][PID 238325] actor_train-0 generate global step 70
[2026-08-13 22:57:17] [base_worker.py (91)] [INFO] [actor_train-0 0 / 2][PID 238325] actor_train-0 generate global step 71
[2026-08-13 22:59:19] [base_worker.py (91)] [INFO] [actor_train-0 0 / 2][PID 238325] actor_train-0 generate global step 72
[2026-08-13 23:01:20] [base_worker.py (91)] [INFO] [actor_train-0 0 / 2][PID 238325] actor_train-0 generate global step 73
[2026-08-13 23:03:22] [base_worker.py (91)] [INFO] [actor_train-0 0 / 2][PID 238325] actor_train-0 generate global step 74
[2026-08-13 23:05:25] [base_worker.py (91)] [INFO] [actor_train-0 0 / 2][PID 238325] actor_train-0 generate global step 75
[2026-08-13 23:07:27] [base_worker.py (91)] [INFO] [actor_train-0 0 / 2][PID 238325] actor_train-0 generate global step 76
[2026-08-13 23:09:28] [base_worker.py (91)] [INFO] [actor_train-0 0 / 2][PID 238325] actor_train-0 generate global step 77
[2026-08-13 23:11:30] [base_worker.py (91)] [INFO] [actor_train-0 0 / 2][PID 238325] actor_train-0 generate global step 78
[2026-08-13 23:13:31] [base_worker.py (91)] [INFO] [actor_train-0 0 / 2][PID 238325] actor_train-0 generate global step 79
[2026-08-13 23:15:54] [base_worker.py (91)] [INFO] [actor_train-0 0 / 2][PID 238325] actor_train-0 generate global step 80
[2026-08-13 23:17:57] [base_worker.py (91)] [INFO] [actor_train-0 0 / 2][PID 238325] actor_train-0 generate global step 81
[2026-08-13 23:19:57] [base_worker.py (91)] [INFO] [actor_train-0 0 / 2][PID 238325] actor_train-0 generate global step 82
[2026-08-13 23:21:59] [base_worker.py (91)] [INFO] [actor_train-0 0 / 2][PID 238325] actor_train-0 generate global step 83
[2026-08-13 23:24:00] [base_worker.py (91)] [INFO] [actor_train-0 0 / 2][PID 238325] actor_train-0 generate global step 84
[2026-08-13 23:26:01] [base_worker.py (91)] [INFO] [actor_train-0 0 / 2][PID 238325] actor_train-0 generate global step 85
[2026-08-13 23:28:04] [base_worker.py (91)] [INFO] [actor_train-0 0 / 2][PID 238325] actor_train-0 generate global step 86
[2026-08-13 23:30:05] [base_worker.py (91)] [INFO] [actor_train-0 0 / 2][PID 238325] actor_train-0 generate global step 87
[2026-08-13 23:32:06] [base_worker.py (91)] [INFO] [actor_train-0 0 / 2][PID 238325] actor_train-0 generate global step 88
[2026-08-13 23:34:06] [base_worker.py (91)] [INFO] [actor_train-0 0 / 2][PID 238325] actor_train-0 generate global step 89
[2026-08-13 23:36:28] [base_worker.py (91)] [INFO] [actor_train-0 0 / 2][PID 238325] actor_train-0 generate global step 90
[2026-08-13 23:38:31] [base_worker.py (91)] [INFO] [actor_train-0 0 / 2][PID 238325] actor_train-0 generate global step 91
[2026-08-13 23:40:33] [base_worker.py (91)] [INFO] [actor_train-0 0 / 2][PID 238325] actor_train-0 generate global step 92
[2026-08-13 23:42:35] [base_worker.py (91)] [INFO] [actor_train-0 0 / 2][PID 238325] actor_train-0 generate global step 93
[2026-08-13 23:44:36] [base_worker.py (91)] [INFO] [actor_train-0 0 / 2][PID 238325] actor_train-0 generate global step 94
[2026-08-13 23:46:40] [base_worker.py (91)] [INFO] [actor_train-0 0 / 2][PID 238325] actor_train-0 generate global step 95
[2026-08-13 23:48:43] [base_worker.py (91)] [INFO] [actor_train-0 0 / 2][PID 238325] actor_train-0 generate global step 96
[2026-08-13 23:50:46] [base_worker.py (91)] [INFO] [actor_train-0 0 / 2][PID 238325] actor_train-0 generate global step 97
[2026-08-13 23:52:52] [base_worker.py (91)] [INFO] [actor_train-0 0 / 2][PID 238325] actor_train-0 generate global step 98
[2026-08-13 23:54:55] [base_worker.py (91)] [INFO] [actor_train-0 0 / 2][PID 238325] actor_train-0 generate global step 99
[2026-08-13 23:55:49] [base_worker.py (369)] [INFO] [actor_train-0 0 / 2][PID 238325] save checkpoint-99 to ./runs/geography_counterfactual_distance3_5/731103-20260813-202440/actor_train-0/checkpoint-99
[2026-08-13 23:55:49] [megatron_strategy.py (478)] [INFO] [actor_train-0 0 / 2][PID 238325] save_dir: ./runs/geography_counterfactual_distance3_5/731103-20260813-202440/actor_train-0/checkpoint-99
[2026-08-13 23:57:17] [checkpoint_manager.py (67)] [WARNING] [actor_train-0 0 / 2][PID 238325] uploader is None, skip upload...
