[2026-08-13 20:30:12] [model_providers.py (362)] [INFO] [reference-1 1 / 2][PID 239108] init_kwargs: {'torch_dtype': torch.bfloat16, 'trust_remote_code': True, 'low_cpu_mem_usage': True, 'device_map': 'balanced'}
[2026-08-13 20:30:14] [hf_strategy.py (47)] [INFO] [reference-1 1 / 2][PID 239108] Qwen3ForCausalLM(
  (model): Qwen3Model(
    (embed_tokens): Embedding(151936, 2560)
    (layers): ModuleList(
      (0-35): 36 x Qwen3DecoderLayer(
        (self_attn): Qwen3Attention(
          (q_proj): Linear(in_features=2560, out_features=4096, bias=False)
          (k_proj): Linear(in_features=2560, out_features=1024, bias=False)
          (v_proj): Linear(in_features=2560, out_features=1024, bias=False)
          (o_proj): Linear(in_features=4096, out_features=2560, bias=False)
          (q_norm): Qwen3RMSNorm((128,), eps=1e-06)
          (k_norm): Qwen3RMSNorm((128,), eps=1e-06)
        )
        (mlp): Qwen3MLP(
          (gate_proj): Linear(in_features=2560, out_features=9728, bias=False)
          (up_proj): Linear(in_features=2560, out_features=9728, bias=False)
          (down_proj): Linear(in_features=9728, out_features=2560, bias=False)
          (act_fn): SiLU()
        )
        (input_layernorm): Qwen3RMSNorm((2560,), eps=1e-06)
        (post_attention_layernorm): Qwen3RMSNorm((2560,), eps=1e-06)
      )
    )
    (norm): Qwen3RMSNorm((2560,), eps=1e-06)
    (rotary_emb): Qwen3RotaryEmbedding()
  )
  (lm_head): Linear(in_features=2560, out_features=151936, bias=False)
)
[2026-08-13 20:30:14] [base_worker.py (73)] [INFO] [reference-1 1 / 2][PID 239108] reference-1 initialized
[2026-08-13 20:31:09] [context_managers.py (37)] [INFO] [reference-1 1 / 2][PID 239108] reference/compute_log_probs_start_offload, memory allocated (GB): 0.0, memory reserved (GB): 0.0, memory max reserved (GB): 0.0, rss (GB): 8.861770629882812
[2026-08-13 20:31:10] [context_managers.py (37)] [INFO] [reference-1 1 / 2][PID 239108] reference/compute_log_probs_start_onload, memory allocated (GB): 7.492448329925537, memory reserved (GB): 7.501953125, memory max reserved (GB): 7.501953125, rss (GB): 3.1275978088378906
[2026-08-13 20:31:25] [context_managers.py (37)] [INFO] [reference-1 1 / 2][PID 239108] reference/compute_log_probs_end_onload, memory allocated (GB): 7.524674892425537, memory reserved (GB): 11.138671875, memory max reserved (GB): 11.138671875, rss (GB): 3.2672462463378906
[2026-08-13 20:31:28] [context_managers.py (37)] [INFO] [reference-1 1 / 2][PID 239108] reference/compute_log_probs_end_offload, memory allocated (GB): 0.0009765625, memory reserved (GB): 0.00390625, memory max reserved (GB): 11.138671875, rss (GB): 10.40298843383789
[2026-08-13 20:33:25] [context_managers.py (37)] [INFO] [reference-1 1 / 2][PID 239108] reference/compute_log_probs_start_offload, memory allocated (GB): 0.0, memory reserved (GB): 0.0, memory max reserved (GB): 0.0, rss (GB): 10.42056655883789
[2026-08-13 20:33:26] [context_managers.py (37)] [INFO] [reference-1 1 / 2][PID 239108] reference/compute_log_probs_start_onload, memory allocated (GB): 7.492448329925537, memory reserved (GB): 7.501953125, memory max reserved (GB): 7.501953125, rss (GB): 4.295745849609375
[2026-08-13 20:33:40] [context_managers.py (37)] [INFO] [reference-1 1 / 2][PID 239108] reference/compute_log_probs_end_onload, memory allocated (GB): 7.524674892425537, memory reserved (GB): 11.138671875, memory max reserved (GB): 11.138671875, rss (GB): 3.8856468200683594
[2026-08-13 20:33:44] [context_managers.py (37)] [INFO] [reference-1 1 / 2][PID 239108] reference/compute_log_probs_end_offload, memory allocated (GB): 0.0009765625, memory reserved (GB): 0.00390625, memory max reserved (GB): 11.138671875, rss (GB): 10.88174057006836
[2026-08-13 20:35:23] [context_managers.py (37)] [INFO] [reference-1 1 / 2][PID 239108] reference/compute_log_probs_start_offload, memory allocated (GB): 0.0, memory reserved (GB): 0.0, memory max reserved (GB): 0.0, rss (GB): 10.88271713256836
[2026-08-13 20:35:24] [context_managers.py (37)] [INFO] [reference-1 1 / 2][PID 239108] reference/compute_log_probs_start_onload, memory allocated (GB): 7.492448329925537, memory reserved (GB): 7.501953125, memory max reserved (GB): 7.501953125, rss (GB): 4.472282409667969
[2026-08-13 20:35:38] [context_managers.py (37)] [INFO] [reference-1 1 / 2][PID 239108] reference/compute_log_probs_end_onload, memory allocated (GB): 7.524674892425537, memory reserved (GB): 11.138671875, memory max reserved (GB): 11.138671875, rss (GB): 4.472282409667969
[2026-08-13 20:35:42] [context_managers.py (37)] [INFO] [reference-1 1 / 2][PID 239108] reference/compute_log_probs_end_offload, memory allocated (GB): 0.0009765625, memory reserved (GB): 0.00390625, memory max reserved (GB): 11.138671875, rss (GB): 10.644157409667969
[2026-08-13 20:37:23] [context_managers.py (37)] [INFO] [reference-1 1 / 2][PID 239108] reference/compute_log_probs_start_offload, memory allocated (GB): 0.0, memory reserved (GB): 0.0, memory max reserved (GB): 0.0, rss (GB): 10.644157409667969
[2026-08-13 20:37:24] [context_managers.py (37)] [INFO] [reference-1 1 / 2][PID 239108] reference/compute_log_probs_start_onload, memory allocated (GB): 7.492448329925537, memory reserved (GB): 7.501953125, memory max reserved (GB): 7.501953125, rss (GB): 4.649044036865234
[2026-08-13 20:37:38] [context_managers.py (37)] [INFO] [reference-1 1 / 2][PID 239108] reference/compute_log_probs_end_onload, memory allocated (GB): 7.524674892425537, memory reserved (GB): 11.138671875, memory max reserved (GB): 11.138671875, rss (GB): 4.649044036865234
[2026-08-13 20:37:41] [context_managers.py (37)] [INFO] [reference-1 1 / 2][PID 239108] reference/compute_log_probs_end_offload, memory allocated (GB): 0.0009765625, memory reserved (GB): 0.00390625, memory max reserved (GB): 11.138671875, rss (GB): 10.798458099365234
[2026-08-13 20:39:29] [context_managers.py (37)] [INFO] [reference-1 1 / 2][PID 239108] reference/compute_log_probs_start_offload, memory allocated (GB): 0.0, memory reserved (GB): 0.0, memory max reserved (GB): 0.0, rss (GB): 10.798458099365234
[2026-08-13 20:39:30] [context_managers.py (37)] [INFO] [reference-1 1 / 2][PID 239108] reference/compute_log_probs_start_onload, memory allocated (GB): 7.492448329925537, memory reserved (GB): 7.501953125, memory max reserved (GB): 7.501953125, rss (GB): 5.197200775146484
[2026-08-13 20:39:44] [context_managers.py (37)] [INFO] [reference-1 1 / 2][PID 239108] reference/compute_log_probs_end_onload, memory allocated (GB): 7.524674892425537, memory reserved (GB): 11.138671875, memory max reserved (GB): 11.138671875, rss (GB): 5.197200775146484
[2026-08-13 20:39:48] [context_managers.py (37)] [INFO] [reference-1 1 / 2][PID 239108] reference/compute_log_probs_end_offload, memory allocated (GB): 0.0009765625, memory reserved (GB): 0.00390625, memory max reserved (GB): 11.138671875, rss (GB): 10.725341796875
[2026-08-13 20:41:27] [context_managers.py (37)] [INFO] [reference-1 1 / 2][PID 239108] reference/compute_log_probs_start_offload, memory allocated (GB): 0.0, memory reserved (GB): 0.0, memory max reserved (GB): 0.0, rss (GB): 10.726318359375
