[2026-08-13 20:30:12] [model_providers.py (362)] [INFO] [reference-0 0 / 2][PID 238971] init_kwargs: {'torch_dtype': torch.bfloat16, 'trust_remote_code': True, 'low_cpu_mem_usage': True, 'device_map': 'balanced'}
[2026-08-13 20:30:14] [hf_strategy.py (47)] [INFO] [reference-0 0 / 2][PID 238971] Qwen3ForCausalLM(
  (model): Qwen3Model(
    (embed_tokens): Embedding(151936, 2560)
    (layers): ModuleList(
      (0-35): 36 x Qwen3DecoderLayer(
        (self_attn): Qwen3Attention(
          (q_proj): Linear(in_features=2560, out_features=4096, bias=False)
          (k_proj): Linear(in_features=2560, out_features=1024, bias=False)
          (v_proj): Linear(in_features=2560, out_features=1024, bias=False)
          (o_proj): Linear(in_features=4096, out_features=2560, bias=False)
          (q_norm): Qwen3RMSNorm((128,), eps=1e-06)
          (k_norm): Qwen3RMSNorm((128,), eps=1e-06)
        )
        (mlp): Qwen3MLP(
          (gate_proj): Linear(in_features=2560, out_features=9728, bias=False)
          (up_proj): Linear(in_features=2560, out_features=9728, bias=False)
          (down_proj): Linear(in_features=9728, out_features=2560, bias=False)
          (act_fn): SiLU()
        )
        (input_layernorm): Qwen3RMSNorm((2560,), eps=1e-06)
        (post_attention_layernorm): Qwen3RMSNorm((2560,), eps=1e-06)
      )
    )
    (norm): Qwen3RMSNorm((2560,), eps=1e-06)
    (rotary_emb): Qwen3RotaryEmbedding()
  )
  (lm_head): Linear(in_features=2560, out_features=151936, bias=False)
)
[2026-08-13 20:30:14] [base_worker.py (73)] [INFO] [reference-0 0 / 2][PID 238971] reference-0 initialized
[2026-08-13 20:31:09] [context_managers.py (37)] [INFO] [reference-0 0 / 2][PID 238971] reference/compute_log_probs_start_offload, memory allocated (GB): 0.0, memory reserved (GB): 0.0, memory max reserved (GB): 0.0, rss (GB): 8.861473083496094
[2026-08-13 20:31:10] [context_managers.py (37)] [INFO] [reference-0 0 / 2][PID 238971] reference/compute_log_probs_start_onload, memory allocated (GB): 7.492448329925537, memory reserved (GB): 7.501953125, memory max reserved (GB): 7.501953125, rss (GB): 3.127796173095703
[2026-08-13 20:31:24] [context_managers.py (37)] [INFO] [reference-0 0 / 2][PID 238971] reference/compute_log_probs_end_onload, memory allocated (GB): 7.524674892425537, memory reserved (GB): 11.138671875, memory max reserved (GB): 11.138671875, rss (GB): 3.267444610595703
[2026-08-13 20:31:28] [context_managers.py (37)] [INFO] [reference-0 0 / 2][PID 238971] reference/compute_log_probs_end_offload, memory allocated (GB): 0.0009765625, memory reserved (GB): 0.00390625, memory max reserved (GB): 11.138671875, rss (GB): 10.401233673095703
[2026-08-13 20:33:25] [context_managers.py (37)] [INFO] [reference-0 0 / 2][PID 238971] reference/compute_log_probs_start_offload, memory allocated (GB): 0.0, memory reserved (GB): 0.0, memory max reserved (GB): 0.0, rss (GB): 10.405139923095703
[2026-08-13 20:33:26] [context_managers.py (37)] [INFO] [reference-0 0 / 2][PID 238971] reference/compute_log_probs_start_onload, memory allocated (GB): 7.492448329925537, memory reserved (GB): 7.501953125, memory max reserved (GB): 7.501953125, rss (GB): 3.6552391052246094
[2026-08-13 20:33:40] [context_managers.py (37)] [INFO] [reference-0 0 / 2][PID 238971] reference/compute_log_probs_end_onload, memory allocated (GB): 7.524674892425537, memory reserved (GB): 11.138671875, memory max reserved (GB): 11.138671875, rss (GB): 3.6552391052246094
[2026-08-13 20:33:44] [context_managers.py (37)] [INFO] [reference-0 0 / 2][PID 238971] reference/compute_log_probs_end_offload, memory allocated (GB): 0.0009765625, memory reserved (GB): 0.00390625, memory max reserved (GB): 11.138671875, rss (GB): 10.61812973022461
[2026-08-13 20:35:23] [context_managers.py (37)] [INFO] [reference-0 0 / 2][PID 238971] reference/compute_log_probs_start_offload, memory allocated (GB): 0.0, memory reserved (GB): 0.0, memory max reserved (GB): 0.0, rss (GB): 10.61812973022461
[2026-08-13 20:35:24] [context_managers.py (37)] [INFO] [reference-0 0 / 2][PID 238971] reference/compute_log_probs_start_onload, memory allocated (GB): 7.492448329925537, memory reserved (GB): 7.501953125, memory max reserved (GB): 7.501953125, rss (GB): 3.890247344970703
[2026-08-13 20:35:38] [context_managers.py (37)] [INFO] [reference-0 0 / 2][PID 238971] reference/compute_log_probs_end_onload, memory allocated (GB): 7.524674892425537, memory reserved (GB): 11.138671875, memory max reserved (GB): 11.138671875, rss (GB): 3.890247344970703
[2026-08-13 20:35:42] [context_managers.py (37)] [INFO] [reference-0 0 / 2][PID 238971] reference/compute_log_probs_end_offload, memory allocated (GB): 0.0009765625, memory reserved (GB): 0.00390625, memory max reserved (GB): 11.138671875, rss (GB): 10.495716094970703
[2026-08-13 20:37:23] [context_managers.py (37)] [INFO] [reference-0 0 / 2][PID 238971] reference/compute_log_probs_start_offload, memory allocated (GB): 0.0, memory reserved (GB): 0.0, memory max reserved (GB): 0.0, rss (GB): 10.495716094970703
[2026-08-13 20:37:24] [context_managers.py (37)] [INFO] [reference-0 0 / 2][PID 238971] reference/compute_log_probs_start_onload, memory allocated (GB): 7.492448329925537, memory reserved (GB): 7.501953125, memory max reserved (GB): 7.501953125, rss (GB): 4.633491516113281
[2026-08-13 20:37:39] [context_managers.py (37)] [INFO] [reference-0 0 / 2][PID 238971] reference/compute_log_probs_end_onload, memory allocated (GB): 7.524674892425537, memory reserved (GB): 11.138671875, memory max reserved (GB): 11.138671875, rss (GB): 4.535381317138672
[2026-08-13 20:37:42] [context_managers.py (37)] [INFO] [reference-0 0 / 2][PID 238971] reference/compute_log_probs_end_offload, memory allocated (GB): 0.0009765625, memory reserved (GB): 0.00390625, memory max reserved (GB): 11.138671875, rss (GB): 11.073467254638672
[2026-08-13 20:39:29] [context_managers.py (37)] [INFO] [reference-0 0 / 2][PID 238971] reference/compute_log_probs_start_offload, memory allocated (GB): 0.0, memory reserved (GB): 0.0, memory max reserved (GB): 0.0, rss (GB): 11.087139129638672
[2026-08-13 20:39:29] [context_managers.py (37)] [INFO] [reference-0 0 / 2][PID 238971] reference/compute_log_probs_start_onload, memory allocated (GB): 7.492448329925537, memory reserved (GB): 7.501953125, memory max reserved (GB): 7.501953125, rss (GB): 4.726512908935547
[2026-08-13 20:39:44] [context_managers.py (37)] [INFO] [reference-0 0 / 2][PID 238971] reference/compute_log_probs_end_onload, memory allocated (GB): 7.524674892425537, memory reserved (GB): 11.138671875, memory max reserved (GB): 11.138671875, rss (GB): 4.726512908935547
[2026-08-13 20:39:47] [context_managers.py (37)] [INFO] [reference-0 0 / 2][PID 238971] reference/compute_log_probs_end_offload, memory allocated (GB): 0.0009765625, memory reserved (GB): 0.00390625, memory max reserved (GB): 11.138671875, rss (GB): 10.795848846435547
[2026-08-13 20:41:27] [context_managers.py (37)] [INFO] [reference-0 0 / 2][PID 238971] reference/compute_log_probs_start_offload, memory allocated (GB): 0.0, memory reserved (GB): 0.0, memory max reserved (GB): 0.0, rss (GB): 10.795848846435547
