\BOOKMARK [1][-]{section.1}{\376\377\000I\000n\000t\000r\000o\000d\000u\000c\000t\000i\000o\000n}{}% 1
\BOOKMARK [1][-]{section.2}{\376\377\000R\000e\000l\000a\000t\000e\000d\000\040\000W\000o\000r\000k\000s}{}% 2
\BOOKMARK [1][-]{section.3}{\376\377\000P\000r\000e\000l\000i\000m\000i\000n\000a\000r\000i\000e\000s}{}% 3
\BOOKMARK [2][-]{subsection.3.1}{\376\377\000M\000u\000l\000t\000i\000-\000A\000g\000e\000n\000t\000\040\000C\000o\000o\000r\000d\000i\000n\000a\000t\000i\000o\000n\000\040\000a\000s\000\040\000B\000e\000l\000i\000e\000f\000-\000C\000o\000n\000d\000i\000t\000i\000o\000n\000e\000d\000\040\000S\000e\000q\000u\000e\000n\000t\000i\000a\000l\000\040\000D\000e\000c\000i\000s\000i\000o\000n\000\040\000M\000a\000k\000i\000n\000g}{section.3}% 4
\BOOKMARK [2][-]{subsection.3.2}{\376\377\000B\000E\000N\000A\000C\000-\000B\000a\000s\000e\000d\000\040\000E\000n\000v\000i\000r\000o\000n\000m\000e\000n\000t\000\040\000a\000n\000d\000\040\000O\000r\000a\000c\000l\000e\000\040\000P\000a\000r\000t\000n\000e\000r\000s}{section.3}% 5
\BOOKMARK [1][-]{section.4}{\376\377\000D\000i\000a\000g\000n\000o\000s\000e}{}% 6
\BOOKMARK [1][-]{section.5}{\376\377\000T\000r\000a\000i\000n\000i\000n\000g}{}% 7
\BOOKMARK [1][-]{section.6}{\376\377\000T\000e\000s\000t\000\040\000a\000n\000d\000\040\000T\000r\000a\000n\000s\000f\000e\000r}{}% 8
\BOOKMARK [1][-]{section.7}{\376\377\000D\000i\000s\000c\000u\000s\000s\000i\000o\000n}{}% 9
\BOOKMARK [1][-]{section.8}{\376\377\000C\000o\000n\000c\000l\000u\000s\000i\000o\000n}{}% 10
\BOOKMARK [1][-]{appendix.A}{\376\377\000A\000p\000p\000e\000n\000d\000i\000x}{}% 11
\BOOKMARK [1][-]{appendix.B}{\376\377\000S\000u\000b\000m\000i\000s\000s\000i\000o\000n\000\040\000o\000f\000\040\000c\000o\000n\000f\000e\000r\000e\000n\000c\000e\000\040\000p\000a\000p\000e\000r\000s\000\040\000t\000o\000\040\000I\000C\000L\000R\000\040\0002\0000\0002\0007}{}% 12
\BOOKMARK [2][-]{subsection.B.1}{\376\377\000S\000t\000y\000l\000e}{appendix.B}% 13
\BOOKMARK [2][-]{subsection.B.2}{\376\377\000R\000e\000t\000r\000i\000e\000v\000a\000l\000\040\000o\000f\000\040\000s\000t\000y\000l\000e\000\040\000f\000i\000l\000e\000s}{appendix.B}% 14
\BOOKMARK [1][-]{appendix.C}{\376\377\000G\000e\000n\000e\000r\000a\000l\000\040\000f\000o\000r\000m\000a\000t\000t\000i\000n\000g\000\040\000i\000n\000s\000t\000r\000u\000c\000t\000i\000o\000n\000s}{}% 15
\BOOKMARK [1][-]{appendix.D}{\376\377\000H\000e\000a\000d\000i\000n\000g\000s\000:\000\040\000f\000i\000r\000s\000t\000\040\000l\000e\000v\000e\000l}{}% 16
\BOOKMARK [2][-]{subsection.D.1}{\376\377\000H\000e\000a\000d\000i\000n\000g\000s\000:\000\040\000s\000e\000c\000o\000n\000d\000\040\000l\000e\000v\000e\000l}{appendix.D}% 17
\BOOKMARK [3][-]{subsubsection.D.1.1}{\376\377\000H\000e\000a\000d\000i\000n\000g\000s\000:\000\040\000t\000h\000i\000r\000d\000\040\000l\000e\000v\000e\000l}{subsection.D.1}% 18
\BOOKMARK [1][-]{appendix.E}{\376\377\000C\000i\000t\000a\000t\000i\000o\000n\000s\000,\000\040\000f\000i\000g\000u\000r\000e\000s\000,\000\040\000t\000a\000b\000l\000e\000s\000,\000\040\000r\000e\000f\000e\000r\000e\000n\000c\000e\000s}{}% 19
\BOOKMARK [2][-]{subsection.E.1}{\376\377\000C\000i\000t\000a\000t\000i\000o\000n\000s\000\040\000w\000i\000t\000h\000i\000n\000\040\000t\000h\000e\000\040\000t\000e\000x\000t}{appendix.E}% 20
\BOOKMARK [2][-]{subsection.E.2}{\376\377\000F\000o\000o\000t\000n\000o\000t\000e\000s}{appendix.E}% 21
\BOOKMARK [2][-]{subsection.E.3}{\376\377\000F\000i\000g\000u\000r\000e\000s}{appendix.E}% 22
\BOOKMARK [2][-]{subsection.E.4}{\376\377\000T\000a\000b\000l\000e\000s}{appendix.E}% 23
\BOOKMARK [1][-]{appendix.F}{\376\377\000D\000e\000f\000a\000u\000l\000t\000\040\000N\000o\000t\000a\000t\000i\000o\000n}{}% 24
\BOOKMARK [1][-]{appendix.G}{\376\377\000F\000i\000n\000a\000l\000\040\000i\000n\000s\000t\000r\000u\000c\000t\000i\000o\000n\000s}{}% 25
\BOOKMARK [1][-]{appendix.H}{\376\377\000P\000r\000e\000p\000a\000r\000i\000n\000g\000\040\000P\000o\000s\000t\000S\000c\000r\000i\000p\000t\000\040\000o\000r\000\040\000P\000D\000F\000\040\000f\000i\000l\000e\000s}{}% 26
\BOOKMARK [2][-]{subsection.H.1}{\376\377\000M\000a\000r\000g\000i\000n\000s\000\040\000i\000n\000\040\000L\000a\000T\000e\000X}{appendix.H}% 27
